{
 "gallbladder": {
  "version": "v10",
  "sim_iou": {
   "mean": 0.4975,
   "median": 0.5301,
   "p10": 0.3132,
   "min": 0.1008,
   "max": 0.7951,
   "n": 26
  },
  "sim_boundary_f": {
   "mean": 0.1786,
   "median": 0.1776,
   "p10": 0.1052,
   "min": 0.0872,
   "max": 0.3627,
   "n": 26
  },
  "sim_depth_mm": {
   "mean": 4.5593,
   "median": 3.8479,
   "p10": 2.8501,
   "min": 1.949,
   "max": 9.7653,
   "n": 26
  },
  "recon_iou": {
   "mean": 0.7843,
   "median": 0.7991,
   "p10": 0.7088,
   "min": 0.6901,
   "max": 0.8619,
   "n": 26
  },
  "static_iou": {
   "mean": 0.5496,
   "median": 0.6464,
   "p10": 0.3,
   "min": 0.1371,
   "max": 0.7477,
   "n": 26
  },
  "err_vs_recon_mm": {
   "mean": 4.3937,
   "median": 4.4905,
   "p10": 3.0519,
   "min": 1.8089,
   "max": 6.7514,
   "n": 251
  },
  "err_static_vs_recon_mm": {
   "mean": 3.4944,
   "median": 3.7004,
   "p10": 1.9908,
   "min": 1.5046,
   "max": 5.1163,
   "n": 251
  },
  "motion_explained": -0.257,
  "split": {
   "rigid_err": {
    "mean": 3.701,
    "median": 3.8635,
    "p10": 2.3666,
    "min": 1.0411,
    "max": 5.4678,
    "n": 26
   },
   "rot_sim": {
    "mean": 5.5004,
    "median": 4.6498,
    "p10": 2.7444,
    "min": 0.8191,
    "max": 14.575,
    "n": 26
   },
   "rot_rec": {
    "mean": 8.4459,
    "median": 8.438,
    "p10": 3.6233,
    "min": 2.0123,
    "max": 11.665,
    "n": 26
   },
   "nonrigid_err": {
    "mean": 2.6417,
    "median": 2.6013,
    "p10": 2.1148,
    "min": 1.5188,
    "max": 3.5085,
    "n": 26
   },
   "deform_sim": {
    "mean": 1.9666,
    "median": 2.0009,
    "p10": 0.9813,
    "min": 0.7063,
    "max": 3.3286,
    "n": 26
   },
   "deform_rec": {
    "mean": 1.9964,
    "median": 1.9157,
    "p10": 1.4183,
    "min": 1.2975,
    "max": 3.0082,
    "n": 26
   }
  },
  "stretch_max": 1.83,
  "stretch_p95_max": 1.27,
  "track_px": 17.05,
  "track_px_static": 11.16,
  "track_motion": {
   "sim_px": 20.8,
   "static_px": 23.11,
   "change_pct": -10.0,
   "seeds": [
    0,
    25,
    50
   ]
  },
  "track_samples": 3570,
  "probe_push": {
   "frames": 228,
   "sim_mm": 5.47,
   "recon_mm": 4.95,
   "abs_err_mm": 2.37
  }
 },
 "membrane": {
  "version": "v05",
  "sim_iou": {
   "mean": 0.3279,
   "median": 0.3674,
   "p10": 0.0246,
   "min": 0.0,
   "max": 0.76,
   "n": 26
  },
  "sim_boundary_f": {
   "mean": 0.1736,
   "median": 0.1814,
   "p10": 0.0174,
   "min": 0.0,
   "max": 0.5334,
   "n": 26
  },
  "sim_depth_mm": {
   "mean": 5.3232,
   "median": 4.295,
   "p10": 2.043,
   "min": 1.2349,
   "max": 14.7397,
   "n": 26
  },
  "recon_iou": {
   "mean": 0.8083,
   "median": 0.8131,
   "p10": 0.7001,
   "min": 0.6746,
   "max": 0.9127,
   "n": 26
  },
  "static_iou": {
   "mean": 0.4416,
   "median": 0.5193,
   "p10": 0.0154,
   "min": 0.0,
   "max": 0.867,
   "n": 26
  },
  "err_vs_recon_mm": {
   "mean": 8.4232,
   "median": 8.7783,
   "p10": 4.506,
   "min": 2.0831,
   "max": 17.1331,
   "n": 251
  },
  "err_static_vs_recon_mm": {
 
[scene4d] r03/gb_k_bed=0.2_mem_k=20 done in 218 s
