{
 "gallbladder": {
  "version": "v10",
  "sim_iou": {
   "mean": 0.6177,
   "median": 0.6514,
   "p10": 0.4585,
   "min": 0.2337,
   "max": 0.7435,
   "n": 26
  },
  "sim_boundary_f": {
   "mean": 0.2201,
   "median": 0.2194,
   "p10": 0.1378,
   "min": 0.1269,
   "max": 0.3473,
   "n": 26
  },
  "sim_depth_mm": {
   "mean": 3.9655,
   "median": 3.5401,
   "p10": 1.9581,
   "min": 1.7493,
   "max": 7.8298,
   "n": 26
  },
  "recon_iou": {
   "mean": 0.7843,
   "median": 0.7991,
   "p10": 0.7088,
   "min": 0.6901,
   "max": 0.8619,
   "n": 26
  },
  "static_iou": {
   "mean": 0.5496,
   "median": 0.6464,
   "p10": 0.3,
   "min": 0.1371,
   "max": 0.7477,
   "n": 26
  },
  "flow_epe_px": {
   "mean": 11.8052,
   "median": 9.1012,
   "p10": 4.3789,
   "min": 2.7333,
   "max": 35.3766,
   "n": 50
  },
  "flow_epe_static_px": {
   "mean": 12.9276,
   "median": 9.4802,
   "p10": 3.6983,
   "min": 1.8191,
   "max": 38.3243,
   "n": 50
  },
  "flow_explained": 0.087,
  "flow_epe_recon_px": {
   "mean": 12.9384,
   "median": 11.6795,
   "p10": 5.3412,
   "min": 3.0768,
   "max": 31.4939,
   "n": 50
  },
  "err_vs_recon_mm": {
   "mean": 1.7496,
   "median": 1.6472,
   "p10": 1.2419,
   "min": 1.0198,
   "max": 2.9329,
   "n": 251
  },
  "err_static_vs_recon_mm": {
   "mean": 3.4944,
   "median": 3.7004,
   "p10": 1.9908,
   "min": 1.5046,
   "max": 5.1163,
   "n": 251
  },
  "motion_explained": 0.499,
  "split": {
   "rigid_err": {
    "mean": 1.2938,
    "median": 1.1862,
    "p10": 0.6488,
    "min": 0.4069,
    "max": 2.3057,
    "n": 26
   },
   "rot_sim": {
    "mean": 8.6609,
    "median": 8.645,
    "p10": 5.9337,
    "min": 2.4367,
    "max": 12.2295,
    "n": 26
   },
   "rot_rec": {
    "mean": 8.4459,
    "median": 8.438,
    "p10": 3.6233,
    "min": 2.0123,
    "max": 11.665,
    "n": 26
   },
   "nonrigid_err": {
    "mean": 1.7129,
    "median": 1.6755,
    "p10": 1.314,
    "min": 1.1326,
    "max": 2.5061,
    "n": 26
   },
   "deform_sim": {
    "mean": 1.544,
    "median": 1.4278,
    "p10": 1.1048,
    "min": 0.8853,
    "max": 2.3151,
    "n": 26
   },
   "deform_rec": {
    "mean": 1.9964,
    "median": 1.9157,
    "p10": 1.4183,
    "min": 1.2975,
    "max": 3.0082,
    "n": 26
   }
  },
  "free_err_vs_recon_mm": {
   "mean": 2.2375,
   "median": 2.1059,
   "p10": 1.5844,
   "min": 1.3044,
   "max": 3.7615,
   "n": 251
  },
  "free_motion_explained": 0.432,
  "stretch_max": 1.59,
  "stretch_p95_max": 1.21,
  "track_px": 10.0,
  "track_px_static": 11.16,
  "track_motion": {
   "sim_px": 19.35,
   "static_px": 27.25,
   "change_pct": -29.0,
   "seeds": [
    0,
    50
   ]
  },
  "track_samples": 3743,
  "probe_push": {
   "frames": 228,
   "sim_mm": 5.74,
   "recon_mm": 4.95,
   "abs_err_mm": 2.13
  }
 },
 "membrane": {
  "version": "v06",
  "sim_iou": {
   "mean": 0.6465,
   "median": 0.6723,
   "p10": 0.4418,
   "min": 0.265,
   "max": 0.8165,
   "n": 26
  },
  "sim_boundary_f": {
   "mean": 0.3267,
   "median": 0.2838,
   "p10": 
[scene4d] r09/render=0_mem_k=20_mem_young=60 done in 436 s
