{
 "gallbladder": {
  "version": "v12",
  "sim_iou": {
   "mean": 0.6426,
   "median": 0.6671,
   "p10": 0.4773,
   "min": 0.3001,
   "max": 0.7627,
   "n": 26
  },
  "sim_iou_bands": [
   0.5587,
   0.5774,
   0.7179
  ],
  "sim_iou_2d": {
   "mean": 0.6957,
   "median": 0.7054,
   "p10": 0.6609,
   "min": 0.5793,
   "max": 0.7542,
   "n": 26
  },
  "sim_boundary_f": {
   "mean": 0.209,
   "median": 0.2165,
   "p10": 0.138,
   "min": 0.0879,
   "max": 0.3001,
   "n": 26
  },
  "sim_depth_mm": {
   "mean": 2.9933,
   "median": 2.2737,
   "p10": 1.6571,
   "min": 1.3081,
   "max": 6.2863,
   "n": 26
  },
  "recon_iou": {
   "mean": 0.7881,
   "median": 0.7962,
   "p10": 0.7356,
   "min": 0.6886,
   "max": 0.8512,
   "n": 26
  },
  "recon_iou_bands": [
   0.7678,
   0.7508,
   0.8161
  ],
  "recon_iou_2d": {
   "mean": 0.7712,
   "median": 0.7878,
   "p10": 0.7142,
   "min": 0.6699,
   "max": 0.8189,
   "n": 26
  },
  "static_iou": {
   "mean": 0.5355,
   "median": 0.6528,
   "p10": 0.2261,
   "min": 0.1002,
   "max": 0.7361,
   "n": 26
  },
  "flow_epe_px": {
   "mean": 11.4586,
   "median": 9.4552,
   "p10": 4.024,
   "min": 2.2245,
   "max": 31.3706,
   "n": 50
  },
  "flow_epe_static_px": {
   "mean": 12.2644,
   "median": 10.3034,
   "p10": 2.7298,
   "min": 1.703,
   "max": 35.5861,
   "n": 50
  },
  "flow_explained": 0.066,
  "flow_epe_recon_px": {
   "mean": 11.9841,
   "median": 11.0882,
   "p10": 4.2942,
   "min": 2.531,
   "max": 28.317,
   "n": 50
  },
  "err_vs_recon_mm": {
   "mean": 1.0816,
   "median": 1.0816,
   "p10": 0.7019,
   "min": 0.6169,
   "max": 1.8621,
   "n": 251
  },
  "err_static_vs_recon_mm": {
   "mean": 4.4254,
   "median": 4.4634,
   "p10": 2.3762,
   "min": 2.1399,
   "max": 7.0491,
   "n": 251
  },
  "motion_explained": 0.756,
  "split": {
   "rigid_err": {
    "mean": 0.816,
    "median": 0.9073,
    "p10": 0.3386,
    "min": 0.2069,
    "max": 1.6389,
    "n": 26
   },
   "rot_sim": {
    "mean": 10.6559,
    "median": 9.8926,
    "p10": 8.1912,
    "min": 4.4917,
    "max": 16.9659,
    "n": 26
   },
   "rot_rec": {
    "mean": 10.4671,
    "median": 10.4155,
    "p10": 8.1578,
    "min": 3.8714,
    "max": 16.8681,
    "n": 26
   },
   "nonrigid_err": {
    "mean": 0.9631,
    "median": 0.9103,
    "p10": 0.6843,
    "min": 0.6565,
    "max": 1.5724,
    "n": 26
   },
   "deform_sim": {
    "mean": 0.9264,
    "median": 0.9068,
    "p10": 0.6896,
    "min": 0.6292,
    "max": 1.3619,
    "n": 26
   },
   "deform_rec": {
    "mean": 1.2381,
    "median": 1.1318,
    "p10": 0.867,
    "min": 0.8,
    "max": 1.7579,
    "n": 26
   }
  },
  "free_err_vs_recon_mm": {
   "mean": 1.2615,
   "median": 1.2641,
   "p10": 0.8192,
   "min": 0.7238,
   "max": 2.149,
   "n": 251
  },
  "free_motion_explained": 0.727,
  "volume_ml": {
   "rest": 28.58,
   "sim": [
    26.16,
    28.1
   ],
   "recon": [
    27.27,
    29.64
   ]
  },
  "inverted_tets_max": 203,
  "stretch_max": 1.56,
  "stretch_p95_max": 1.18,
  "track_px":
[scene4d] r21/render=0_noise_mm=2_noise_seed=1 done in 494 s
