cameras: /Users/grandpa/phai/medical-agentic-sim/outputs/iter/tissues/backdrop/v08/cams_refined.npz
duct: observed in 250/251 frames, junction in 204
strands: observed in 251/251 frames, junction in 173
  rest duct it 0: loss 141.75 L 22.3 mm reproj 14.10 px
  rest duct it 599: loss 61.82 L 18.5 mm reproj 9.71 px
  4d duct it 0: loss 63.68 L 18.5+-0.0 mm reproj 9.57 px
  4d duct it 450: loss 24.90 L 18.5+-0.1 mm reproj 1.93 px
  4d duct it 899: loss 22.04 L 18.4+-0.1 mm reproj 1.54 px
  rest strands it 0: loss 84.98 L 14.8 mm reproj 7.26 px
  rest strands it 599: loss 49.45 L 13.3 mm reproj 6.21 px
  4d strands it 0: loss 69.71 L 13.3+-0.0 mm reproj 5.99 px
  4d strands it 450: loss 34.16 L 13.4+-0.2 mm reproj 1.52 px
  4d strands it 899: loss 33.36 L 13.4+-0.2 mm reproj 1.53 px
anchor: gallbladder v10 vertex 290 (of 50 marked "ducts"), mean distance to the observed junction (frames >= 60) 4.8 mm
  rest duct it 0: loss 69.14 L 16.5 mm reproj 11.31 px
  rest duct it 599: loss 64.12 L 16.9 mm reproj 10.98 px
  4d duct it 0: loss 74.03 L 16.9+-1.3 mm reproj 5.89 px L0 16.93 mm
  4d duct it 450: loss 36.96 L 17.6+-0.5 mm reproj 2.68 px L0 17.66 mm
  4d duct it 899: loss 34.70 L 17.7+-0.4 mm reproj 2.46 px L0 17.69 mm
  rest duct it 0: loss 68.32 L 16.9 mm reproj 10.98 px
  rest duct it 599: loss 63.97 L 17.7 mm reproj 10.76 px
  duct: 4D common length 17.69 mm, rest length 17.67 mm
  rest strands it 0: loss 53.54 L 17.4 mm reproj 8.05 px
  rest strands it 599: loss 50.42 L 17.3 mm reproj 6.78 px
  4d strands it 0: loss 145.77 L 17.8+-3.7 mm reproj 6.19 px L0 17.34 mm
  4d strands it 450: loss 33.18 L 19.4+-0.4 mm reproj 3.23 px L0 19.37 mm
  4d strands it 899: loss 32.81 L 19.4+-0.4 mm reproj 3.24 px L0 19.43 mm
  rest strands it 0: loss 74.65 L 17.3 mm reproj 6.78 px
  rest strands it 599: loss 50.88 L 19.4 mm reproj 6.34 px
  strands: 4D common length 19.43 mm, rest length 19.39 mm
duct: IoU 0.8188 BF 0.8496 depth 3.2051 mm static-rest IoU 0.5508 reproj 2.3785 px L 17.67 mm (std 0.39) r 1.86 mm
strands: IoU 0.7234 BF 0.7128 depth 1.7904 mm static-rest IoU 0.6474 reproj 2.3779 px L 19.39 mm (std 0.35) r 1.65 mm
overlap with gallbladder: duct hidden 0.1586 inside 0.2709 (max 0.6957); strands hidden 0.0957 inside 0.0263 (max 0.1053)
proximal -> gallbladder surface |d| median/max (mm): before duct 1.5158/5.6816 rest 5.63; before strands 2.6338/5.7202 rest 5.56; after duct 0.1415/0.3392 rest 0.21; after strand_1 0.1415/0.3392 rest 0.21; after strand_2 0.1415/0.3392 rest 0.21; after strand_3 0.1415/0.3392 rest 0.21
end-motion test (motion explained): duct lin 0.656 chord 0.622 prox-only 0.622 +drive [(7, 0.861), (3, 0.929), (9, 0.959)]; strand_1 lin 0.637 chord 0.531 prox-only 0.448 +drive [(5, 0.896), (8, 0.936), (2, 0.974)]; strand_2 lin 0.633 chord 0.523 prox-only 0.456 +drive [(5, 0.893), (8, 0.936), (2, 0.974)]; strand_3 lin 0.626 chord 0.512 prox-only 0.463 +drive [(5, 0.89), (8, 0.935), (2, 0.972)]
length over time: duct 17.05-19.83 (rest 17.67, e2e [14.13, 19.75]); strand_1 18.53-20.66 (rest 19.28, e2e [15.05, 20.39]); strand_2 18.51-21.15 (rest 19.39, e2e [15.37, 20.68]); strand_3 18.93-21.95 (rest 19.78, e2e [15.49, 21.06])
width scale {'mean': 1.0003, 'median': 0.9875, 'p10': 0.8632, 'min': 0.8342, 'max': 1.1838, 'n': 251} / {'mean': 1.059, 'median': 1.061, 'p10': 0.9766, 'min': 0.75, 'max': 1.2297, 'n': 251}; clearance {'duct_to_fibres': {'mean': 1.1337, 'median': 1.1288, 'p10': 0.3299, 'min': -0.2199, 'max': 2.5042, 'n': 153}, 'fibre_to_fibre': {'mean': 0.0483, 'median': -0.1043, 'p10': -0.1905, 'min': -0.3562, 'max': 0.6226, 'n': 153}}; GB check None mm
union IoU 0.7986  envelope IoU 0.6986 strand->duct proximal 0.0 mm  tets {'n_verts': 312, 'n_faces': 576, 'watertight': True, 'components': 1, 'min_edge_mm': 0.414, 'degenerate_faces': 0, 'area_cm2': 1.96, 'volume_ml': 0.17, 'n_tets': 828, 'degenerate_tets': 0, 'inverted_tets': 0} inverted 4d 0  done in 104.7 s
