{
 "gallbladder": {
  "version": "v11",
  "sim_iou": {
   "mean": 0.6274,
   "median": 0.6756,
   "p10": 0.4607,
   "min": 0.261,
   "max": 0.753,
   "n": 26
  },
  "sim_boundary_f": {
   "mean": 0.2106,
   "median": 0.2158,
   "p10": 0.1296,
   "min": 0.0956,
   "max": 0.3478,
   "n": 26
  },
  "sim_depth_mm": {
   "mean": 3.8033,
   "median": 2.8921,
   "p10": 2.1185,
   "min": 1.8237,
   "max": 7.9055,
   "n": 26
  },
  "recon_iou": {
   "mean": 0.7866,
   "median": 0.7965,
   "p10": 0.7084,
   "min": 0.6874,
   "max": 0.8572,
   "n": 26
  },
  "static_iou": {
   "mean": 0.5496,
   "median": 0.6464,
   "p10": 0.3,
   "min": 0.1371,
   "max": 0.7477,
   "n": 26
  },
  "flow_epe_px": {
   "mean": 11.369,
   "median": 9.3771,
   "p10": 3.3455,
   "min": 2.6045,
   "max": 33.3401,
   "n": 50
  },
  "flow_epe_static_px": {
   "mean": 12.1736,
   "median": 9.8287,
   "p10": 2.6781,
   "min": 1.6427,
   "max": 35.7662,
   "n": 50
  },
  "flow_explained": 0.066,
  "flow_epe_recon_px": {
   "mean": 12.3245,
   "median": 10.2528,
   "p10": 5.3167,
   "min": 2.7186,
   "max": 32.0284,
   "n": 50
  },
  "err_vs_recon_mm": {
   "mean": 1.6722,
   "median": 1.5807,
   "p10": 1.1926,
   "min": 1.0568,
   "max": 2.9761,
   "n": 251
  },
  "err_static_vs_recon_mm": {
   "mean": 3.5733,
   "median": 3.8729,
   "p10": 2.0747,
   "min": 1.599,
   "max": 5.1005,
   "n": 251
  },
  "motion_explained": 0.532,
  "split": {
   "rigid_err": {
    "mean": 1.1925,
    "median": 1.1426,
    "p10": 0.4552,
    "min": 0.3078,
    "max": 2.5596,
    "n": 26
   },
   "rot_sim": {
    "mean": 9.0087,
    "median": 9.3457,
    "p10": 5.323,
    "min": 2.2862,
    "max": 13.2331,
    "n": 26
   },
   "rot_rec": {
    "mean": 8.6548,
    "median": 8.4562,
    "p10": 3.7467,
    "min": 2.1003,
    "max": 13.4837,
    "n": 26
   },
   "nonrigid_err": {
    "mean": 1.6465,
    "median": 1.6535,
    "p10": 1.2266,
    "min": 1.1437,
    "max": 2.3826,
    "n": 26
   },
   "deform_sim": {
    "mean": 1.4447,
    "median": 1.3465,
    "p10": 1.0432,
    "min": 0.8792,
    "max": 2.4557,
    "n": 26
   },
   "deform_rec": {
    "mean": 2.0358,
    "median": 2.0,
    "p10": 1.4124,
    "min": 1.2784,
    "max": 2.9255,
    "n": 26
   }
  },
  "free_err_vs_recon_mm": {
   "mean": 2.1378,
   "median": 2.0166,
   "p10": 1.5196,
   "min": 1.3504,
   "max": 3.8163,
   "n": 251
  },
  "free_motion_explained": 0.469,
  "inverted_tets_max": 494,
  "stretch_max": 1.59,
  "stretch_p95_max": 1.2,
  "track_px": 11.4,
  "track_px_static": 9.01,
  "track_motion": {
   "sim_px": 17.43,
   "static_px": 27.63,
   "change_pct": -36.9,
   "seeds": [
    0,
    50
   ]
  },
  "track_samples": 3720,
  "probe_push": {
   "frames": 228,
   "sim_mm": 5.23,
   "recon_mm": 5.07,
   "abs_err_mm": 1.57
  }
 },
 "membrane": {
  "version": "v07",
  "sim_iou": {
   "mean": 0.6446,
   "median": 0.6979,
   "p10": 0.4549,
   "min": 0.2703,
   "max": 0.7899,
   "n": 26
  },
  "sim_boundary_f": {
   "mean": 0.3287,
   "med
[scene4d] r14/render=0_duct_nodes=mid_solref=0.01 done in 523 s
