WARNING: Nan, Inf or huge value in QACC at DOF 1251. The simulation is unstable. Time = 0.0026.

[scene4d] unstable at control step 1; retrying with time step 0.0625 ms
{
 "gallbladder": {
  "version": "v10",
  "sim_iou": {
   "mean": 0.6093,
   "median": 0.6371,
   "p10": 0.4494,
   "min": 0.1994,
   "max": 0.7776,
   "n": 26
  },
  "sim_boundary_f": {
   "mean": 0.2267,
   "median": 0.2285,
   "p10": 0.1574,
   "min": 0.1469,
   "max": 0.3402,
   "n": 26
  },
  "sim_depth_mm": {
   "mean": 3.8976,
   "median": 3.2086,
   "p10": 2.301,
   "min": 2.0921,
   "max": 8.2645,
   "n": 26
  },
  "recon_iou": {
   "mean": 0.7843,
   "median": 0.7991,
   "p10": 0.7088,
   "min": 0.6901,
   "max": 0.8619,
   "n": 26
  },
  "static_iou": {
   "mean": 0.5496,
   "median": 0.6464,
   "p10": 0.3,
   "min": 0.1371,
   "max": 0.7477,
   "n": 26
  },
  "err_vs_recon_mm": {
   "mean": 1.8158,
   "median": 1.6627,
   "p10": 1.1373,
   "min": 0.7946,
   "max": 3.2098,
   "n": 251
  },
  "err_static_vs_recon_mm": {
   "mean": 3.4944,
   "median": 3.7004,
   "p10": 1.9908,
   "min": 1.5046,
   "max": 5.1163,
   "n": 251
  },
  "motion_explained": 0.48,
  "split": {
   "rigid_err": {
    "mean": 1.3213,
    "median": 1.1169,
    "p10": 0.7863,
    "min": 0.2212,
    "max": 2.9605,
    "n": 26
   },
   "rot_sim": {
    "mean": 8.0306,
    "median": 8.5688,
    "p10": 4.6962,
    "min": 1.9614,
    "max": 12.5187,
    "n": 26
   },
   "rot_rec": {
    "mean": 8.4459,
    "median": 8.438,
    "p10": 3.6233,
    "min": 2.0123,
    "max": 11.665,
    "n": 26
   },
   "nonrigid_err": {
    "mean": 1.7899,
    "median": 1.7516,
    "p10": 1.2297,
    "min": 0.9754,
    "max": 2.6718,
    "n": 26
   },
   "deform_sim": {
    "mean": 1.7239,
    "median": 1.7073,
    "p10": 1.0639,
    "min": 0.8858,
    "max": 2.8314,
    "n": 26
   },
   "deform_rec": {
    "mean": 1.9964,
    "median": 1.9157,
    "p10": 1.4183,
    "min": 1.2975,
    "max": 3.0082,
    "n": 26
   }
  },
  "free_err_vs_recon_mm": {
   "mean": 2.322,
   "median": 2.1298,
   "p10": 1.4479,
   "min": 1.0162,
   "max": 4.1152,
   "n": 251
  },
  "free_motion_explained": 0.41,
  "stretch_max": 1.89,
  "stretch_p95_max": 1.22,
  "track_px": 10.55,
  "track_px_static": 11.11,
  "track_motion": {
   "sim_px": 17.23,
   "static_px": 26.98,
   "change_pct": -36.1,
   "seeds": [
    0,
    50
   ]
  },
  "track_samples": 3750,
  "probe_push": {
   "frames": 228,
   "sim_mm": 6.15,
   "recon_mm": 4.95,
   "abs_err_mm": 2.67
  }
 },
 "membrane": {
  "version": "v05",
  "sim_iou": {
   "mean": 0.3931,
   "median": 0.4625,
   "p10": 0.0832,
   "min": 0.0,
   "max": 0.6474,
   "n": 26
  },
  "sim_boundary_f": {
   "mean": 0.1796,
   "median": 0.1701,
   "p10": 0.1055,
   "min": 0.0,
   "max": 0.3301,
   "n": 26
  },
  "sim_depth_mm": {
   "mean": 4.2872,
   "median": 3.5266,
   "p10": 1.9297,
   "min": 1.1535,
   "max": 12.3758,
   "n": 26
  },
  "recon_iou": {
   "mean": 0.8083,
   "median": 0.8131,
   "p10": 0.7001,
   "min": 0.6746,
   "max": 0.9127,
   "n": 26
  },
  "static_iou": {
   "mean": 0.4416,
   "median": 0.5193,
   "p10": 0.0154,
   "min": 0.0,
   "max": 0.867,
   "n": 26
  
[scene4d] r05/gb_young=1200 done in 385 s
