{
 "gallbladder": {
  "version": "v10",
  "sim_iou": {
   "mean": 0.6104,
   "median": 0.6398,
   "p10": 0.455,
   "min": 0.231,
   "max": 0.745,
   "n": 26
  },
  "sim_boundary_f": {
   "mean": 0.2158,
   "median": 0.2072,
   "p10": 0.1387,
   "min": 0.1269,
   "max": 0.3309,
   "n": 26
  },
  "sim_depth_mm": {
   "mean": 3.929,
   "median": 3.5531,
   "p10": 1.9207,
   "min": 1.6391,
   "max": 8.0387,
   "n": 26
  },
  "recon_iou": {
   "mean": 0.7843,
   "median": 0.7991,
   "p10": 0.7088,
   "min": 0.6901,
   "max": 0.8619,
   "n": 26
  },
  "static_iou": {
   "mean": 0.5496,
   "median": 0.6464,
   "p10": 0.3,
   "min": 0.1371,
   "max": 0.7477,
   "n": 26
  },
  "flow_epe_px": {
   "mean": 12.0734,
   "median": 8.996,
   "p10": 4.073,
   "min": 2.8553,
   "max": 36.138,
   "n": 50
  },
  "flow_epe_static_px": {
   "mean": 12.972,
   "median": 9.4977,
   "p10": 3.6891,
   "min": 1.8411,
   "max": 38.3202,
   "n": 50
  },
  "flow_explained": 0.069,
  "flow_epe_recon_px": {
   "mean": 12.9384,
   "median": 11.6795,
   "p10": 5.3412,
   "min": 3.0768,
   "max": 31.4939,
   "n": 50
  },
  "err_vs_recon_mm": {
   "mean": 1.6084,
   "median": 1.5303,
   "p10": 1.1234,
   "min": 0.9607,
   "max": 2.7188,
   "n": 251
  },
  "err_static_vs_recon_mm": {
   "mean": 3.4944,
   "median": 3.7004,
   "p10": 1.9908,
   "min": 1.5046,
   "max": 5.1163,
   "n": 251
  },
  "motion_explained": 0.54,
  "split": {
   "rigid_err": {
    "mean": 1.1446,
    "median": 1.0702,
    "p10": 0.4977,
    "min": 0.3963,
    "max": 2.0445,
    "n": 26
   },
   "rot_sim": {
    "mean": 8.19,
    "median": 8.3567,
    "p10": 4.8244,
    "min": 3.2031,
    "max": 12.469,
    "n": 26
   },
   "rot_rec": {
    "mean": 8.4459,
    "median": 8.438,
    "p10": 3.6233,
    "min": 2.0123,
    "max": 11.665,
    "n": 26
   },
   "nonrigid_err": {
    "mean": 1.6201,
    "median": 1.6734,
    "p10": 1.184,
    "min": 1.0959,
    "max": 2.2326,
    "n": 26
   },
   "deform_sim": {
    "mean": 1.5043,
    "median": 1.4569,
    "p10": 1.0353,
    "min": 0.8937,
    "max": 2.2967,
    "n": 26
   },
   "deform_rec": {
    "mean": 1.9964,
    "median": 1.9157,
    "p10": 1.4183,
    "min": 1.2975,
    "max": 3.0082,
    "n": 26
   }
  },
  "free_err_vs_recon_mm": {
   "mean": 2.0559,
   "median": 1.9602,
   "p10": 1.437,
   "min": 1.2283,
   "max": 3.4772,
   "n": 251
  },
  "free_motion_explained": 0.478,
  "stretch_max": 1.59,
  "stretch_p95_max": 1.21,
  "track_px": 9.66,
  "track_px_static": 11.13,
  "track_motion": {
   "sim_px": 19.33,
   "static_px": 27.35,
   "change_pct": -29.3,
   "seeds": [
    0,
    50
   ]
  },
  "track_samples": 3761,
  "probe_push": {
   "frames": 228,
   "sim_mm": 5.68,
   "recon_mm": 4.95,
   "abs_err_mm": 2.06
  }
 },
 "membrane": {
  "version": "v06",
  "sim_iou": {
   "mean": 0.6833,
   "median": 0.6913,
   "p10": 0.5508,
   "min": 0.3038,
   "max": 0.8594,
   "n": 26
  },
  "sim_boundary_f": {
   "mean": 0.3387,
   "median": 0.3326,
   "p10": 0.1931,
  
[scene4d] r09/render=0_mem_k=5_mem_young=3000 done in 448 s
