{
 "gallbladder": {
  "version": "v12",
  "sim_iou": {
   "mean": 0.6554,
   "median": 0.6893,
   "p10": 0.4817,
   "min": 0.2767,
   "max": 0.7732,
   "n": 26
  },
  "sim_boundary_f": {
   "mean": 0.2004,
   "median": 0.2133,
   "p10": 0.1395,
   "min": 0.0972,
   "max": 0.3212,
   "n": 26
  },
  "sim_depth_mm": {
   "mean": 2.9361,
   "median": 2.2748,
   "p10": 1.7991,
   "min": 1.2471,
   "max": 6.4637,
   "n": 26
  },
  "recon_iou": {
   "mean": 0.7881,
   "median": 0.7962,
   "p10": 0.7356,
   "min": 0.6886,
   "max": 0.8512,
   "n": 26
  },
  "static_iou": {
   "mean": 0.5355,
   "median": 0.6528,
   "p10": 0.2261,
   "min": 0.1002,
   "max": 0.7361,
   "n": 26
  },
  "flow_epe_px": {
   "mean": 10.8865,
   "median": 8.9752,
   "p10": 3.7152,
   "min": 2.6555,
   "max": 24.8307,
   "n": 50
  },
  "flow_epe_static_px": {
   "mean": 12.2753,
   "median": 10.4495,
   "p10": 2.6174,
   "min": 1.6982,
   "max": 35.4203,
   "n": 50
  },
  "flow_explained": 0.113,
  "flow_epe_recon_px": {
   "mean": 11.9841,
   "median": 11.0882,
   "p10": 4.2942,
   "min": 2.531,
   "max": 28.317,
   "n": 50
  },
  "err_vs_recon_mm": {
   "mean": 1.0832,
   "median": 1.0876,
   "p10": 0.6841,
   "min": 0.6098,
   "max": 1.9124,
   "n": 251
  },
  "err_static_vs_recon_mm": {
   "mean": 4.4254,
   "median": 4.4634,
   "p10": 2.3762,
   "min": 2.1399,
   "max": 7.0491,
   "n": 251
  },
  "motion_explained": 0.755,
  "split": {
   "rigid_err": {
    "mean": 0.8228,
    "median": 0.809,
    "p10": 0.3534,
    "min": 0.2797,
    "max": 1.7829,
    "n": 26
   },
   "rot_sim": {
    "mean": 10.7697,
    "median": 10.1583,
    "p10": 8.2456,
    "min": 3.9282,
    "max": 16.5049,
    "n": 26
   },
   "rot_rec": {
    "mean": 10.4671,
    "median": 10.4155,
    "p10": 8.1578,
    "min": 3.8714,
    "max": 16.8681,
    "n": 26
   },
   "nonrigid_err": {
    "mean": 0.9163,
    "median": 0.9113,
    "p10": 0.6501,
    "min": 0.598,
    "max": 1.4938,
    "n": 26
   },
   "deform_sim": {
    "mean": 0.8588,
    "median": 0.8794,
    "p10": 0.663,
    "min": 0.5253,
    "max": 1.2536,
    "n": 26
   },
   "deform_rec": {
    "mean": 1.2381,
    "median": 1.1318,
    "p10": 0.867,
    "min": 0.8,
    "max": 1.7579,
    "n": 26
   }
  },
  "free_err_vs_recon_mm": {
   "mean": 1.2632,
   "median": 1.2708,
   "p10": 0.7983,
   "min": 0.7149,
   "max": 2.2381,
   "n": 251
  },
  "free_motion_explained": 0.726,
  "inverted_tets_max": 119,
  "stretch_max": 1.65,
  "stretch_p95_max": 1.16,
  "track_px": 12.19,
  "track_px_static": 9.25,
  "track_motion": {
   "sim_px": 19.07,
   "static_px": 27.87,
   "change_pct": -31.6,
   "seeds": [
    0,
    50
   ]
  },
  "track_samples": 3614,
  "probe_push": {
   "frames": 228,
   "sim_mm": 5.97,
   "recon_mm": 6.47,
   "abs_err_mm": 0.85
  }
 },
 "membrane": {
  "version": "v07",
  "sim_iou": {
   "mean": 0.6639,
   "median": 0.7034,
   "p10": 0.4987,
   "min": 0.2967,
   "max": 0.7815,
   "n": 26
  },
  "sim_boundary_f": {
   "mean": 0.3477
[scene4d] r15/render=0_duct_nodes=mid_solref=0.01_grasp_target=recon_mem_k=5_mem_young=60 done in 535 s
