{
 "gallbladder": {
  "version": "v10",
  "sim_iou": {
   "mean": 0.4921,
   "median": 0.521,
   "p10": 0.3162,
   "min": 0.0546,
   "max": 0.7649,
   "n": 26
  },
  "sim_boundary_f": {
   "mean": 0.1741,
   "median": 0.1686,
   "p10": 0.1127,
   "min": 0.0944,
   "max": 0.2641,
   "n": 26
  },
  "sim_depth_mm": {
   "mean": 4.5315,
   "median": 4.1013,
   "p10": 2.3938,
   "min": 2.175,
   "max": 9.7208,
   "n": 26
  },
  "recon_iou": {
   "mean": 0.7843,
   "median": 0.7991,
   "p10": 0.7088,
   "min": 0.6901,
   "max": 0.8619,
   "n": 26
  },
  "static_iou": {
   "mean": 0.5496,
   "median": 0.6464,
   "p10": 0.3,
   "min": 0.1371,
   "max": 0.7477,
   "n": 26
  },
  "err_vs_recon_mm": {
   "mean": 4.2732,
   "median": 4.3157,
   "p10": 2.824,
   "min": 1.9557,
   "max": 6.3432,
   "n": 251
  },
  "err_static_vs_recon_mm": {
   "mean": 3.4944,
   "median": 3.7004,
   "p10": 1.9908,
   "min": 1.5046,
   "max": 5.1163,
   "n": 251
  },
  "motion_explained": -0.223,
  "split": {
   "rigid_err": {
    "mean": 3.6813,
    "median": 3.8531,
    "p10": 2.428,
    "min": 1.5813,
    "max": 5.4291,
    "n": 26
   },
   "rot_sim": {
    "mean": 5.4951,
    "median": 5.2076,
    "p10": 2.2165,
    "min": 0.9318,
    "max": 13.8487,
    "n": 26
   },
   "rot_rec": {
    "mean": 8.4459,
    "median": 8.438,
    "p10": 3.6233,
    "min": 2.0123,
    "max": 11.665,
    "n": 26
   },
   "nonrigid_err": {
    "mean": 2.735,
    "median": 2.6856,
    "p10": 2.0087,
    "min": 1.7251,
    "max": 3.7807,
    "n": 26
   },
   "deform_sim": {
    "mean": 2.044,
    "median": 2.0537,
    "p10": 0.9662,
    "min": 0.5879,
    "max": 3.4741,
    "n": 26
   },
   "deform_rec": {
    "mean": 1.9964,
    "median": 1.9157,
    "p10": 1.4183,
    "min": 1.2975,
    "max": 3.0082,
    "n": 26
   }
  },
  "stretch_max": 1.87,
  "stretch_p95_max": 1.28,
  "track_px": 21.01,
  "track_px_static": 11.14,
  "track_motion": {
   "sim_px": 19.52,
   "static_px": 27.86,
   "change_pct": -29.9,
   "seeds": [
    0,
    50
   ]
  },
  "track_samples": 3599,
  "probe_push": {
   "frames": 228,
   "sim_mm": 5.44,
   "recon_mm": 4.95,
   "abs_err_mm": 2.58
  }
 },
 "membrane": {
  "version": "v05",
  "sim_iou": {
   "mean": 0.3163,
   "median": 0.3285,
   "p10": 0.0,
   "min": 0.0,
   "max": 0.7617,
   "n": 26
  },
  "sim_boundary_f": {
   "mean": 0.1518,
   "median": 0.1383,
   "p10": 0.0086,
   "min": 0.0,
   "max": 0.3667,
   "n": 26
  },
  "sim_depth_mm": {
   "mean": 5.3903,
   "median": 4.2645,
   "p10": 1.999,
   "min": 1.006,
   "max": 14.8418,
   "n": 26
  },
  "recon_iou": {
   "mean": 0.8083,
   "median": 0.8131,
   "p10": 0.7001,
   "min": 0.6746,
   "max": 0.9127,
   "n": 26
  },
  "static_iou": {
   "mean": 0.4416,
   "median": 0.5193,
   "p10": 0.0154,
   "min": 0.0,
   "max": 0.867,
   "n": 26
  },
  "err_vs_recon_mm": {
   "mean": 8.4253,
   "median": 8.6849,
   "p10": 4.3545,
   "min": 2.7713,
   "max": 16.9809,
   "n": 251
  },
  "err_static_vs_recon_mm": {
   "mean": 
[scene4d] r03/gb_k_bed=0.5_mem_k=20 done in 223 s
