{
 "gallbladder": {
  "version": "v10",
  "sim_iou": {
   "mean": 0.612,
   "median": 0.6389,
   "p10": 0.455,
   "min": 0.2315,
   "max": 0.746,
   "n": 26
  },
  "sim_boundary_f": {
   "mean": 0.2126,
   "median": 0.2071,
   "p10": 0.1435,
   "min": 0.103,
   "max": 0.3421,
   "n": 26
  },
  "sim_depth_mm": {
   "mean": 3.914,
   "median": 3.5191,
   "p10": 1.9072,
   "min": 1.7596,
   "max": 8.0431,
   "n": 26
  },
  "recon_iou": {
   "mean": 0.7843,
   "median": 0.7991,
   "p10": 0.7088,
   "min": 0.6901,
   "max": 0.8619,
   "n": 26
  },
  "static_iou": {
   "mean": 0.5496,
   "median": 0.6464,
   "p10": 0.3,
   "min": 0.1371,
   "max": 0.7477,
   "n": 26
  },
  "flow_epe_px": {
   "mean": 12.25,
   "median": 8.4522,
   "p10": 4.1588,
   "min": 3.006,
   "max": 36.3362,
   "n": 50
  },
  "flow_epe_static_px": {
   "mean": 12.9598,
   "median": 9.5005,
   "p10": 3.6978,
   "min": 1.8306,
   "max": 38.3136,
   "n": 50
  },
  "flow_explained": 0.055,
  "flow_epe_recon_px": {
   "mean": 12.9384,
   "median": 11.6795,
   "p10": 5.3412,
   "min": 3.0768,
   "max": 31.4939,
   "n": 50
  },
  "err_vs_recon_mm": {
   "mean": 1.5979,
   "median": 1.5291,
   "p10": 1.1037,
   "min": 0.9763,
   "max": 2.7253,
   "n": 251
  },
  "err_static_vs_recon_mm": {
   "mean": 3.4944,
   "median": 3.7004,
   "p10": 1.9908,
   "min": 1.5046,
   "max": 5.1163,
   "n": 251
  },
  "motion_explained": 0.543,
  "split": {
   "rigid_err": {
    "mean": 1.152,
    "median": 1.0675,
    "p10": 0.586,
    "min": 0.3384,
    "max": 2.053,
    "n": 26
   },
   "rot_sim": {
    "mean": 8.2065,
    "median": 8.3804,
    "p10": 5.1089,
    "min": 3.6756,
    "max": 12.3866,
    "n": 26
   },
   "rot_rec": {
    "mean": 8.4459,
    "median": 8.438,
    "p10": 3.6233,
    "min": 2.0123,
    "max": 11.665,
    "n": 26
   },
   "nonrigid_err": {
    "mean": 1.6113,
    "median": 1.6483,
    "p10": 1.1853,
    "min": 1.0875,
    "max": 2.2656,
    "n": 26
   },
   "deform_sim": {
    "mean": 1.5046,
    "median": 1.4051,
    "p10": 1.0639,
    "min": 0.8895,
    "max": 2.3062,
    "n": 26
   },
   "deform_rec": {
    "mean": 1.9964,
    "median": 1.9157,
    "p10": 1.4183,
    "min": 1.2975,
    "max": 3.0082,
    "n": 26
   }
  },
  "free_err_vs_recon_mm": {
   "mean": 2.0424,
   "median": 1.9575,
   "p10": 1.4052,
   "min": 1.2421,
   "max": 3.4855,
   "n": 251
  },
  "free_motion_explained": 0.481,
  "stretch_max": 1.6,
  "stretch_p95_max": 1.22,
  "track_px": 9.88,
  "track_px_static": 11.17,
  "track_motion": {
   "sim_px": 19.32,
   "static_px": 27.34,
   "change_pct": -29.4,
   "seeds": [
    0,
    50
   ]
  },
  "track_samples": 3766,
  "probe_push": {
   "frames": 228,
   "sim_mm": 5.7,
   "recon_mm": 4.95,
   "abs_err_mm": 2.08
  }
 },
 "membrane": {
  "version": "v06",
  "sim_iou": {
   "mean": 0.6863,
   "median": 0.7074,
   "p10": 0.5725,
   "min": 0.273,
   "max": 0.852,
   "n": 26
  },
  "sim_boundary_f": {
   "mean": 0.3475,
   "median": 0.3622,
   "p10": 0.1933,
   
[scene4d] r09/render=0_mem_k=5_mem_young=600 done in 452 s
