{
 "gallbladder": {
  "version": "v10",
  "sim_iou": {
   "mean": 0.5807,
   "median": 0.588,
   "p10": 0.4562,
   "min": 0.1823,
   "max": 0.7841,
   "n": 26
  },
  "sim_boundary_f": {
   "mean": 0.2044,
   "median": 0.204,
   "p10": 0.1516,
   "min": 0.097,
   "max": 0.3181,
   "n": 26
  },
  "sim_depth_mm": {
   "mean": 3.9471,
   "median": 3.4485,
   "p10": 2.542,
   "min": 2.2339,
   "max": 8.281,
   "n": 26
  },
  "recon_iou": {
   "mean": 0.7843,
   "median": 0.7991,
   "p10": 0.7088,
   "min": 0.6901,
   "max": 0.8619,
   "n": 26
  },
  "static_iou": {
   "mean": 0.5496,
   "median": 0.6464,
   "p10": 0.3,
   "min": 0.1371,
   "max": 0.7477,
   "n": 26
  },
  "err_vs_recon_mm": {
   "mean": 2.3507,
   "median": 2.2877,
   "p10": 1.4797,
   "min": 1.0773,
   "max": 4.0658,
   "n": 251
  },
  "err_static_vs_recon_mm": {
   "mean": 3.4944,
   "median": 3.7004,
   "p10": 1.9908,
   "min": 1.5046,
   "max": 5.1163,
   "n": 251
  },
  "motion_explained": 0.327,
  "split": {
   "rigid_err": {
    "mean": 1.8351,
    "median": 1.8088,
    "p10": 0.9064,
    "min": 0.3496,
    "max": 3.0023,
    "n": 26
   },
   "rot_sim": {
    "mean": 8.1992,
    "median": 8.8971,
    "p10": 4.9421,
    "min": 2.3377,
    "max": 11.9218,
    "n": 26
   },
   "rot_rec": {
    "mean": 8.4459,
    "median": 8.438,
    "p10": 3.6233,
    "min": 2.0123,
    "max": 11.665,
    "n": 26
   },
   "nonrigid_err": {
    "mean": 2.2483,
    "median": 2.3111,
    "p10": 1.3929,
    "min": 1.3049,
    "max": 3.2443,
    "n": 26
   },
   "deform_sim": {
    "mean": 2.2471,
    "median": 2.3516,
    "p10": 1.4227,
    "min": 1.1384,
    "max": 3.2999,
    "n": 26
   },
   "deform_rec": {
    "mean": 1.9964,
    "median": 1.9157,
    "p10": 1.4183,
    "min": 1.2975,
    "max": 3.0082,
    "n": 26
   }
  },
  "free_err_vs_recon_mm": {
   "mean": 3.0168,
   "median": 2.9449,
   "p10": 1.8987,
   "min": 1.3808,
   "max": 5.2261,
   "n": 251
  },
  "free_motion_explained": 0.234,
  "stretch_max": 2.64,
  "stretch_p95_max": 1.31,
  "track_px": 19.27,
  "track_px_static": 11.17,
  "track_motion": {
   "sim_px": 22.29,
   "static_px": 26.88,
   "change_pct": -17.1,
   "seeds": [
    0,
    50
   ]
  },
  "track_samples": 3722,
  "probe_push": {
   "frames": 228,
   "sim_mm": 6.37,
   "recon_mm": 4.95,
   "abs_err_mm": 2.81
  }
 },
 "membrane": {
  "version": "v05",
  "sim_iou": {
   "mean": 0.327,
   "median": 0.3829,
   "p10": 0.014,
   "min": 0.0,
   "max": 0.6217,
   "n": 26
  },
  "sim_boundary_f": {
   "mean": 0.168,
   "median": 0.1875,
   "p10": 0.0245,
   "min": 0.0,
   "max": 0.2952,
   "n": 26
  },
  "sim_depth_mm": {
   "mean": 5.1748,
   "median": 4.3238,
   "p10": 2.3136,
   "min": 1.3132,
   "max": 12.2159,
   "n": 26
  },
  "recon_iou": {
   "mean": 0.8083,
   "median": 0.8131,
   "p10": 0.7001,
   "min": 0.6746,
   "max": 0.9127,
   "n": 26
  },
  "static_iou": {
   "mean": 0.4416,
   "median": 0.5193,
   "p10": 0.0154,
   "min": 0.0,
   "max": 0.867,
   "n": 26
  },
 
[scene4d] r05/gb_young=150 done in 208 s
