{
 "gallbladder": {
  "version": "v10",
  "sim_iou": {
   "mean": 0.6183,
   "median": 0.652,
   "p10": 0.4559,
   "min": 0.2973,
   "max": 0.7432,
   "n": 26
  },
  "sim_boundary_f": {
   "mean": 0.192,
   "median": 0.2044,
   "p10": 0.1317,
   "min": 0.1015,
   "max": 0.2909,
   "n": 26
  },
  "sim_depth_mm": {
   "mean": 4.0106,
   "median": 3.3932,
   "p10": 2.2884,
   "min": 1.7373,
   "max": 7.8317,
   "n": 26
  },
  "recon_iou": {
   "mean": 0.7843,
   "median": 0.7991,
   "p10": 0.7088,
   "min": 0.6901,
   "max": 0.8619,
   "n": 26
  },
  "static_iou": {
   "mean": 0.5496,
   "median": 0.6464,
   "p10": 0.3,
   "min": 0.1371,
   "max": 0.7477,
   "n": 26
  },
  "flow_epe_px": {
   "mean": 13.01,
   "median": 9.9079,
   "p10": 5.4061,
   "min": 3.7323,
   "max": 42.9234,
   "n": 50
  },
  "flow_epe_static_px": {
   "mean": 12.9731,
   "median": 9.7409,
   "p10": 3.6829,
   "min": 1.8002,
   "max": 38.8179,
   "n": 50
  },
  "flow_explained": -0.003,
  "flow_epe_recon_px": {
   "mean": 12.9384,
   "median": 11.6795,
   "p10": 5.3412,
   "min": 3.0768,
   "max": 31.4939,
   "n": 50
  },
  "err_vs_recon_mm": {
   "mean": 1.5905,
   "median": 1.5327,
   "p10": 1.1491,
   "min": 0.9114,
   "max": 2.7176,
   "n": 251
  },
  "err_static_vs_recon_mm": {
   "mean": 3.4944,
   "median": 3.7004,
   "p10": 1.9908,
   "min": 1.5046,
   "max": 5.1163,
   "n": 251
  },
  "motion_explained": 0.545,
  "split": {
   "rigid_err": {
    "mean": 1.0808,
    "median": 1.0022,
    "p10": 0.3863,
    "min": 0.2073,
    "max": 2.4044,
    "n": 26
   },
   "rot_sim": {
    "mean": 8.4388,
    "median": 8.8289,
    "p10": 5.8604,
    "min": 3.0893,
    "max": 11.633,
    "n": 26
   },
   "rot_rec": {
    "mean": 8.4459,
    "median": 8.438,
    "p10": 3.6233,
    "min": 2.0123,
    "max": 11.665,
    "n": 26
   },
   "nonrigid_err": {
    "mean": 1.5873,
    "median": 1.5927,
    "p10": 1.2289,
    "min": 0.9634,
    "max": 2.3467,
    "n": 26
   },
   "deform_sim": {
    "mean": 1.2729,
    "median": 1.1933,
    "p10": 0.9148,
    "min": 0.7948,
    "max": 2.2357,
    "n": 26
   },
   "deform_rec": {
    "mean": 1.9964,
    "median": 1.9157,
    "p10": 1.4183,
    "min": 1.2975,
    "max": 3.0082,
    "n": 26
   }
  },
  "free_err_vs_recon_mm": {
   "mean": 2.0329,
   "median": 1.9586,
   "p10": 1.4602,
   "min": 1.1603,
   "max": 3.4802,
   "n": 251
  },
  "free_motion_explained": 0.484,
  "inverted_tets_max": 415,
  "stretch_max": 1.54,
  "stretch_p95_max": 1.18,
  "track_px": 11.11,
  "track_px_static": 11.16,
  "track_motion": {
   "sim_px": 22.88,
   "static_px": 27.34,
   "change_pct": -16.3,
   "seeds": [
    0,
    50
   ]
  },
  "track_samples": 3731,
  "probe_push": {
   "frames": 228,
   "sim_mm": 3.93,
   "recon_mm": 4.95,
   "abs_err_mm": 1.31
  }
 },
 "membrane": {
  "version": "v06",
  "sim_iou": {
   "mean": 0.6519,
   "median": 0.6828,
   "p10": 0.4592,
   "min": 0.2746,
   "max": 0.8196,
   "n": 26
  },
  "sim_boundary_f": {
   "mean": 0.334,
   
[scene4d] r12/cf_no_probe=1 done in 467 s
