{
 "gallbladder": {
  "version": "v10",
  "sim_iou": {
   "mean": 0.6191,
   "median": 0.6554,
   "p10": 0.4561,
   "min": 0.2304,
   "max": 0.7432,
   "n": 26
  },
  "sim_boundary_f": {
   "mean": 0.2215,
   "median": 0.2209,
   "p10": 0.1451,
   "min": 0.1287,
   "max": 0.3723,
   "n": 26
  },
  "sim_depth_mm": {
   "mean": 3.9561,
   "median": 3.2876,
   "p10": 1.9797,
   "min": 1.9408,
   "max": 7.9503,
   "n": 26
  },
  "recon_iou": {
   "mean": 0.7843,
   "median": 0.7991,
   "p10": 0.7088,
   "min": 0.6901,
   "max": 0.8619,
   "n": 26
  },
  "static_iou": {
   "mean": 0.5496,
   "median": 0.6464,
   "p10": 0.3,
   "min": 0.1371,
   "max": 0.7477,
   "n": 26
  },
  "flow_epe_px": {
   "mean": 11.7591,
   "median": 9.1515,
   "p10": 4.5655,
   "min": 2.7192,
   "max": 34.5932,
   "n": 50
  },
  "flow_epe_static_px": {
   "mean": 12.9561,
   "median": 9.5019,
   "p10": 3.6869,
   "min": 1.7723,
   "max": 38.3179,
   "n": 50
  },
  "flow_explained": 0.092,
  "flow_epe_recon_px": {
   "mean": 12.9384,
   "median": 11.6795,
   "p10": 5.3412,
   "min": 3.0768,
   "max": 31.4939,
   "n": 50
  },
  "err_vs_recon_mm": {
   "mean": 1.7609,
   "median": 1.6334,
   "p10": 1.2566,
   "min": 1.0007,
   "max": 2.9529,
   "n": 251
  },
  "err_static_vs_recon_mm": {
   "mean": 3.4944,
   "median": 3.7004,
   "p10": 1.9908,
   "min": 1.5046,
   "max": 5.1163,
   "n": 251
  },
  "motion_explained": 0.496,
  "split": {
   "rigid_err": {
    "mean": 1.314,
    "median": 1.153,
    "p10": 0.6482,
    "min": 0.3608,
    "max": 2.5322,
    "n": 26
   },
   "rot_sim": {
    "mean": 8.7663,
    "median": 9.0793,
    "p10": 6.0321,
    "min": 2.4332,
    "max": 12.4074,
    "n": 26
   },
   "rot_rec": {
    "mean": 8.4459,
    "median": 8.438,
    "p10": 3.6233,
    "min": 2.0123,
    "max": 11.665,
    "n": 26
   },
   "nonrigid_err": {
    "mean": 1.7088,
    "median": 1.6659,
    "p10": 1.3321,
    "min": 1.1039,
    "max": 2.4299,
    "n": 26
   },
   "deform_sim": {
    "mean": 1.5321,
    "median": 1.3521,
    "p10": 1.0868,
    "min": 0.8998,
    "max": 2.3974,
    "n": 26
   },
   "deform_rec": {
    "mean": 1.9964,
    "median": 1.9157,
    "p10": 1.4183,
    "min": 1.2975,
    "max": 3.0082,
    "n": 26
   }
  },
  "free_err_vs_recon_mm": {
   "mean": 2.2519,
   "median": 2.0916,
   "p10": 1.6059,
   "min": 1.2795,
   "max": 3.7796,
   "n": 251
  },
  "free_motion_explained": 0.428,
  "stretch_max": 1.59,
  "stretch_p95_max": 1.2,
  "track_px": 10.43,
  "track_px_static": 11.11,
  "track_motion": {
   "sim_px": 18.84,
   "static_px": 27.27,
   "change_pct": -30.9,
   "seeds": [
    0,
    50
   ]
  },
  "track_samples": 3734,
  "probe_push": {
   "frames": 228,
   "sim_mm": 5.72,
   "recon_mm": 4.95,
   "abs_err_mm": 2.12
  }
 },
 "membrane": {
  "version": "v06",
  "sim_iou": {
   "mean": 0.6649,
   "median": 0.6954,
   "p10": 0.4875,
   "min": 0.3187,
   "max": 0.8318,
   "n": 26
  },
  "sim_boundary_f": {
   "mean": 0.3278,
   "median": 0.3205,
   "p10"
[scene4d] r10/render=0_mem_base=recon_mem_k=10 done in 430 s
