{
 "gallbladder": {
  "version": "v13",
  "sim_iou": {
   "mean": 0.6297,
   "median": 0.6772,
   "p10": 0.4185,
   "min": 0.1789,
   "max": 0.7804,
   "n": 26
  },
  "sim_iou_bands": [
   0.4943,
   0.561,
   0.7343
  ],
  "sim_boundary_f": {
   "mean": 0.2065,
   "median": 0.2214,
   "p10": 0.1363,
   "min": 0.0945,
   "max": 0.308,
   "n": 26
  },
  "sim_depth_mm": {
   "mean": 3.1989,
   "median": 2.5458,
   "p10": 1.8922,
   "min": 1.3134,
   "max": 7.3621,
   "n": 26
  },
  "recon_iou": {
   "mean": 0.8123,
   "median": 0.8287,
   "p10": 0.7615,
   "min": 0.7026,
   "max": 0.8754,
   "n": 26
  },
  "recon_iou_bands": [
   0.7911,
   0.77,
   0.8432
  ],
  "static_iou": {
   "mean": 0.5355,
   "median": 0.6528,
   "p10": 0.2261,
   "min": 0.1002,
   "max": 0.7361,
   "n": 26
  },
  "flow_epe_px": {
   "mean": 11.6134,
   "median": 10.5721,
   "p10": 4.275,
   "min": 2.7754,
   "max": 31.543,
   "n": 50
  },
  "flow_epe_static_px": {
   "mean": 12.4133,
   "median": 10.2592,
   "p10": 2.6521,
   "min": 1.7163,
   "max": 35.7761,
   "n": 50
  },
  "flow_explained": 0.064,
  "flow_epe_recon_px": {
   "mean": 11.9453,
   "median": 10.345,
   "p10": 4.2276,
   "min": 2.5093,
   "max": 30.5913,
   "n": 50
  },
  "err_vs_recon_mm": {
   "mean": 1.3462,
   "median": 1.3685,
   "p10": 0.8455,
   "min": 0.7203,
   "max": 2.2393,
   "n": 251
  },
  "err_static_vs_recon_mm": {
   "mean": 3.8351,
   "median": 3.9049,
   "p10": 2.2808,
   "min": 1.9392,
   "max": 5.842,
   "n": 251
  },
  "motion_explained": 0.649,
  "split": {
   "rigid_err": {
    "mean": 0.9789,
    "median": 1.0759,
    "p10": 0.381,
    "min": 0.2341,
    "max": 1.8777,
    "n": 26
   },
   "rot_sim": {
    "mean": 8.0182,
    "median": 7.5323,
    "p10": 5.9597,
    "min": 3.7571,
    "max": 13.8778,
    "n": 26
   },
   "rot_rec": {
    "mean": 8.1225,
    "median": 7.4809,
    "p10": 5.4287,
    "min": 3.1879,
    "max": 13.4524,
    "n": 26
   },
   "nonrigid_err": {
    "mean": 1.2252,
    "median": 1.1824,
    "p10": 0.8335,
    "min": 0.7679,
    "max": 2.0085,
    "n": 26
   },
   "deform_sim": {
    "mean": 0.9675,
    "median": 0.9277,
    "p10": 0.7879,
    "min": 0.7383,
    "max": 1.2723,
    "n": 26
   },
   "deform_rec": {
    "mean": 1.55,
    "median": 1.4136,
    "p10": 1.1666,
    "min": 1.1242,
    "max": 2.2447,
    "n": 26
   }
  },
  "free_err_vs_recon_mm": {
   "mean": 1.5769,
   "median": 1.6112,
   "p10": 0.9827,
   "min": 0.8422,
   "max": 2.6351,
   "n": 251
  },
  "free_motion_explained": 0.61,
  "inverted_tets_max": 220,
  "stretch_max": 1.8,
  "stretch_p95_max": 1.2,
  "track_px": 11.11,
  "track_px_static": 9.33,
  "track_motion": {
   "sim_px": 21.98,
   "static_px": 28.76,
   "change_pct": -23.5,
   "seeds": [
    0,
    50
   ]
  },
  "track_samples": 3634,
  "probe_push": {
   "frames": 227,
   "sim_mm": 4.67,
   "recon_mm": 5.94,
   "abs_err_mm": 1.39
  }
 },
 "membrane": {
  "version": "v07",
  "sim_iou": {
   "mean": 0.6681,
   "median": 0.7042,
[scene4d] r17/render=0_gallbladder=v13_gb_young=600 done in 433 s
