{
 "gallbladder": {
  "version": "v10",
  "sim_iou": {
   "mean": 0.6175,
   "median": 0.6549,
   "p10": 0.4573,
   "min": 0.2362,
   "max": 0.7445,
   "n": 26
  },
  "sim_boundary_f": {
   "mean": 0.2192,
   "median": 0.2216,
   "p10": 0.1376,
   "min": 0.1312,
   "max": 0.3404,
   "n": 26
  },
  "sim_depth_mm": {
   "mean": 3.9685,
   "median": 3.5199,
   "p10": 1.9463,
   "min": 1.8175,
   "max": 7.8383,
   "n": 26
  },
  "recon_iou": {
   "mean": 0.7843,
   "median": 0.7991,
   "p10": 0.7088,
   "min": 0.6901,
   "max": 0.8619,
   "n": 26
  },
  "static_iou": {
   "mean": 0.5496,
   "median": 0.6464,
   "p10": 0.3,
   "min": 0.1371,
   "max": 0.7477,
   "n": 26
  },
  "err_vs_recon_mm": {
   "mean": 1.7477,
   "median": 1.6466,
   "p10": 1.2473,
   "min": 1.0635,
   "max": 2.9255,
   "n": 251
  },
  "err_static_vs_recon_mm": {
   "mean": 3.4944,
   "median": 3.7004,
   "p10": 1.9908,
   "min": 1.5046,
   "max": 5.1163,
   "n": 251
  },
  "motion_explained": 0.5,
  "split": {
   "rigid_err": {
    "mean": 1.2841,
    "median": 1.1845,
    "p10": 0.6395,
    "min": 0.3846,
    "max": 2.2897,
    "n": 26
   },
   "rot_sim": {
    "mean": 8.6868,
    "median": 8.7959,
    "p10": 5.9602,
    "min": 2.3543,
    "max": 12.3126,
    "n": 26
   },
   "rot_rec": {
    "mean": 8.4459,
    "median": 8.438,
    "p10": 3.6233,
    "min": 2.0123,
    "max": 11.665,
    "n": 26
   },
   "nonrigid_err": {
    "mean": 1.7128,
    "median": 1.6769,
    "p10": 1.2914,
    "min": 1.1807,
    "max": 2.4987,
    "n": 26
   },
   "deform_sim": {
    "mean": 1.5433,
    "median": 1.4166,
    "p10": 1.0784,
    "min": 0.8866,
    "max": 2.3738,
    "n": 26
   },
   "deform_rec": {
    "mean": 1.9964,
    "median": 1.9157,
    "p10": 1.4183,
    "min": 1.2975,
    "max": 3.0082,
    "n": 26
   }
  },
  "free_err_vs_recon_mm": {
   "mean": 2.2351,
   "median": 2.1104,
   "p10": 1.5913,
   "min": 1.3607,
   "max": 3.7443,
   "n": 251
  },
  "free_motion_explained": 0.432,
  "stretch_max": 1.63,
  "stretch_p95_max": 1.21,
  "track_px": 9.93,
  "track_px_static": 11.14,
  "track_motion": {
   "sim_px": 18.77,
   "static_px": 27.24,
   "change_pct": -31.1,
   "seeds": [
    0,
    50
   ]
  },
  "track_samples": 3733,
  "probe_push": {
   "frames": 228,
   "sim_mm": 5.72,
   "recon_mm": 4.95,
   "abs_err_mm": 2.11
  }
 },
 "membrane": {
  "version": "v06",
  "sim_iou": {
   "mean": 0.6502,
   "median": 0.6755,
   "p10": 0.4612,
   "min": 0.274,
   "max": 0.8189,
   "n": 26
  },
  "sim_boundary_f": {
   "mean": 0.3288,
   "median": 0.2907,
   "p10": 0.22,
   "min": 0.1977,
   "max": 0.6159,
   "n": 26
  },
  "sim_depth_mm": {
   "mean": 2.8734,
   "median": 2.4094,
   "p10": 1.285,
   "min": 0.8364,
   "max": 8.6134,
   "n": 26
  },
  "recon_iou": {
   "mean": 0.7804,
   "median": 0.8004,
   "p10": 0.6779,
   "min": 0.639,
   "max": 0.8991,
   "n": 26
  },
  "static_iou": {
   "mean": 0.4511,
   "median": 0.5195,
   "p10": 0.0454,
   "min": 0.0,
   "max": 0.8501,
   "n": 26

[scene4d] r07/ducts=v09_duct_end=recon_fibre_skip=0_cable_k=0.5 done in 318 s
