{
 "gallbladder": {
  "version": "v12",
  "sim_iou": {
   "mean": 0.653,
   "median": 0.678,
   "p10": 0.4956,
   "min": 0.2856,
   "max": 0.7705,
   "n": 26
  },
  "sim_iou_bands": [
   0.5646,
   0.581,
   0.7338
  ],
  "sim_iou_2d": {
   "mean": 0.6978,
   "median": 0.7099,
   "p10": 0.6566,
   "min": 0.5638,
   "max": 0.7545,
   "n": 26
  },
  "sim_boundary_f": {
   "mean": 0.1966,
   "median": 0.2092,
   "p10": 0.1268,
   "min": 0.119,
   "max": 0.2777,
   "n": 26
  },
  "sim_depth_mm": {
   "mean": 2.8485,
   "median": 2.2202,
   "p10": 1.6437,
   "min": 1.2761,
   "max": 6.2674,
   "n": 26
  },
  "recon_iou": {
   "mean": 0.7881,
   "median": 0.7962,
   "p10": 0.7356,
   "min": 0.6886,
   "max": 0.8512,
   "n": 26
  },
  "recon_iou_bands": [
   0.7678,
   0.7508,
   0.8161
  ],
  "recon_iou_2d": {
   "mean": 0.7712,
   "median": 0.7878,
   "p10": 0.7142,
   "min": 0.6699,
   "max": 0.8189,
   "n": 26
  },
  "static_iou": {
   "mean": 0.5355,
   "median": 0.6528,
   "p10": 0.2261,
   "min": 0.1002,
   "max": 0.7361,
   "n": 26
  },
  "flow_epe_px": {
   "mean": 10.8959,
   "median": 8.9865,
   "p10": 3.7037,
   "min": 2.8453,
   "max": 27.5295,
   "n": 50
  },
  "flow_epe_static_px": {
   "mean": 12.2284,
   "median": 10.4221,
   "p10": 2.6067,
   "min": 1.7041,
   "max": 35.4384,
   "n": 50
  },
  "flow_explained": 0.109,
  "flow_epe_recon_px": {
   "mean": 11.9841,
   "median": 11.0882,
   "p10": 4.2942,
   "min": 2.531,
   "max": 28.317,
   "n": 50
  },
  "err_vs_recon_mm": {
   "mean": 1.036,
   "median": 1.0399,
   "p10": 0.6462,
   "min": 0.5441,
   "max": 1.8772,
   "n": 251
  },
  "err_static_vs_recon_mm": {
   "mean": 4.4254,
   "median": 4.4634,
   "p10": 2.3762,
   "min": 2.1399,
   "max": 7.0491,
   "n": 251
  },
  "motion_explained": 0.766,
  "split": {
   "rigid_err": {
    "mean": 0.7846,
    "median": 0.7964,
    "p10": 0.3754,
    "min": 0.2047,
    "max": 1.5439,
    "n": 26
   },
   "rot_sim": {
    "mean": 10.593,
    "median": 10.0523,
    "p10": 8.101,
    "min": 4.3512,
    "max": 16.2294,
    "n": 26
   },
   "rot_rec": {
    "mean": 10.4671,
    "median": 10.4155,
    "p10": 8.1578,
    "min": 3.8714,
    "max": 16.8681,
    "n": 26
   },
   "nonrigid_err": {
    "mean": 0.8817,
    "median": 0.8952,
    "p10": 0.6167,
    "min": 0.5452,
    "max": 1.4151,
    "n": 26
   },
   "deform_sim": {
    "mean": 0.8501,
    "median": 0.83,
    "p10": 0.6128,
    "min": 0.467,
    "max": 1.3451,
    "n": 26
   },
   "deform_rec": {
    "mean": 1.2381,
    "median": 1.1318,
    "p10": 0.867,
    "min": 0.8,
    "max": 1.7579,
    "n": 26
   }
  },
  "free_err_vs_recon_mm": {
   "mean": 1.2076,
   "median": 1.2112,
   "p10": 0.7516,
   "min": 0.6356,
   "max": 2.197,
   "n": 251
  },
  "free_motion_explained": 0.738,
  "volume_ml": {
   "rest": 28.58,
   "sim": [
    27.31,
    28.34
   ],
   "recon": [
    27.27,
    29.64
   ]
  },
  "inverted_tets_max": 103,
  "stretch_max": 1.52,
  "stretch_p95_max": 1.14,
  "track_px": 12
[scene4d] r31/render=0_mem_young=3000 done in 365 s
