{
 "gallbladder": {
  "version": "v12",
  "sim_iou": {
   "mean": 0.6509,
   "median": 0.6824,
   "p10": 0.482,
   "min": 0.2936,
   "max": 0.7714,
   "n": 26
  },
  "sim_iou_bands": [
   0.5532,
   0.5853,
   0.7338
  ],
  "sim_iou_2d": {
   "mean": 0.6975,
   "median": 0.7097,
   "p10": 0.6591,
   "min": 0.5655,
   "max": 0.7555,
   "n": 26
  },
  "sim_boundary_f": {
   "mean": 0.201,
   "median": 0.1996,
   "p10": 0.1146,
   "min": 0.0911,
   "max": 0.3159,
   "n": 26
  },
  "sim_depth_mm": {
   "mean": 2.8818,
   "median": 2.2469,
   "p10": 1.707,
   "min": 1.2025,
   "max": 6.2086,
   "n": 26
  },
  "recon_iou": {
   "mean": 0.7881,
   "median": 0.7962,
   "p10": 0.7356,
   "min": 0.6886,
   "max": 0.8512,
   "n": 26
  },
  "recon_iou_bands": [
   0.7678,
   0.7508,
   0.8161
  ],
  "recon_iou_2d": {
   "mean": 0.7712,
   "median": 0.7878,
   "p10": 0.7142,
   "min": 0.6699,
   "max": 0.8189,
   "n": 26
  },
  "static_iou": {
   "mean": 0.5355,
   "median": 0.6528,
   "p10": 0.2261,
   "min": 0.1002,
   "max": 0.7361,
   "n": 26
  },
  "flow_epe_px": {
   "mean": 10.9232,
   "median": 9.189,
   "p10": 3.9047,
   "min": 2.6683,
   "max": 27.9216,
   "n": 50
  },
  "flow_epe_static_px": {
   "mean": 12.2378,
   "median": 10.4213,
   "p10": 2.6023,
   "min": 1.6941,
   "max": 35.4669,
   "n": 50
  },
  "flow_explained": 0.107,
  "flow_epe_recon_px": {
   "mean": 11.9841,
   "median": 11.0882,
   "p10": 4.2942,
   "min": 2.531,
   "max": 28.317,
   "n": 50
  },
  "err_vs_recon_mm": {
   "mean": 1.0348,
   "median": 1.0524,
   "p10": 0.6382,
   "min": 0.5424,
   "max": 1.8697,
   "n": 251
  },
  "err_static_vs_recon_mm": {
   "mean": 4.4254,
   "median": 4.4634,
   "p10": 2.3762,
   "min": 2.1399,
   "max": 7.0491,
   "n": 251
  },
  "motion_explained": 0.766,
  "split": {
   "rigid_err": {
    "mean": 0.7808,
    "median": 0.805,
    "p10": 0.3268,
    "min": 0.2239,
    "max": 1.4889,
    "n": 26
   },
   "rot_sim": {
    "mean": 10.5709,
    "median": 10.0384,
    "p10": 8.1641,
    "min": 3.9644,
    "max": 16.0616,
    "n": 26
   },
   "rot_rec": {
    "mean": 10.4671,
    "median": 10.4155,
    "p10": 8.1578,
    "min": 3.8714,
    "max": 16.8681,
    "n": 26
   },
   "nonrigid_err": {
    "mean": 0.8831,
    "median": 0.8973,
    "p10": 0.6259,
    "min": 0.5405,
    "max": 1.3968,
    "n": 26
   },
   "deform_sim": {
    "mean": 0.8379,
    "median": 0.8344,
    "p10": 0.602,
    "min": 0.5098,
    "max": 1.2141,
    "n": 26
   },
   "deform_rec": {
    "mean": 1.2381,
    "median": 1.1318,
    "p10": 0.867,
    "min": 0.8,
    "max": 1.7579,
    "n": 26
   }
  },
  "free_err_vs_recon_mm": {
   "mean": 1.2063,
   "median": 1.2228,
   "p10": 0.7357,
   "min": 0.6336,
   "max": 2.1773,
   "n": 251
  },
  "free_motion_explained": 0.739,
  "volume_ml": {
   "rest": 28.58,
   "sim": [
    27.23,
    28.29
   ],
   "recon": [
    27.27,
    29.64
   ]
  },
  "inverted_tets_max": 94,
  "stretch_max": 1.57,
  "stretch_p95_max": 1.15,
  "track_px"
[scene4d] r25/render=0_duct_nodes=glue_mid done in 451 s
