{
 "gallbladder": {
  "version": "v10",
  "sim_iou": {
   "mean": 0.5926,
   "median": 0.612,
   "p10": 0.4477,
   "min": 0.1489,
   "max": 0.7621,
   "n": 26
  },
  "sim_boundary_f": {
   "mean": 0.2218,
   "median": 0.2181,
   "p10": 0.176,
   "min": 0.1167,
   "max": 0.3135,
   "n": 26
  },
  "sim_depth_mm": {
   "mean": 3.9115,
   "median": 3.1505,
   "p10": 2.4644,
   "min": 2.1043,
   "max": 8.9142,
   "n": 26
  },
  "recon_iou": {
   "mean": 0.7843,
   "median": 0.7991,
   "p10": 0.7088,
   "min": 0.6901,
   "max": 0.8619,
   "n": 26
  },
  "static_iou": {
   "mean": 0.5496,
   "median": 0.6464,
   "p10": 0.3,
   "min": 0.1371,
   "max": 0.7477,
   "n": 26
  },
  "err_vs_recon_mm": {
   "mean": 2.1247,
   "median": 2.019,
   "p10": 1.4214,
   "min": 0.951,
   "max": 4.2476,
   "n": 251
  },
  "err_static_vs_recon_mm": {
   "mean": 3.4944,
   "median": 3.7004,
   "p10": 1.9908,
   "min": 1.5046,
   "max": 5.1163,
   "n": 251
  },
  "motion_explained": 0.392,
  "split": {
   "rigid_err": {
    "mean": 1.7059,
    "median": 1.602,
    "p10": 0.9151,
    "min": 0.4889,
    "max": 3.5809,
    "n": 26
   },
   "rot_sim": {
    "mean": 7.9541,
    "median": 8.1394,
    "p10": 4.7792,
    "min": 0.8858,
    "max": 11.7541,
    "n": 26
   },
   "rot_rec": {
    "mean": 8.4459,
    "median": 8.438,
    "p10": 3.6233,
    "min": 2.0123,
    "max": 11.665,
    "n": 26
   },
   "nonrigid_err": {
    "mean": 2.0571,
    "median": 2.0459,
    "p10": 1.4729,
    "min": 1.1023,
    "max": 3.0664,
    "n": 26
   },
   "deform_sim": {
    "mean": 1.9209,
    "median": 1.85,
    "p10": 1.2973,
    "min": 0.9443,
    "max": 3.2005,
    "n": 26
   },
   "deform_rec": {
    "mean": 1.9964,
    "median": 1.9157,
    "p10": 1.4183,
    "min": 1.2975,
    "max": 3.0082,
    "n": 26
   }
  },
  "free_err_vs_recon_mm": {
   "mean": 2.7186,
   "median": 2.5855,
   "p10": 1.8153,
   "min": 1.2103,
   "max": 5.4478,
   "n": 251
  },
  "free_motion_explained": 0.309,
  "stretch_max": 2.17,
  "stretch_p95_max": 1.26,
  "track_px": 16.08,
  "track_px_static": 11.19,
  "track_motion": {
   "sim_px": 20.19,
   "static_px": 27.21,
   "change_pct": -25.8,
   "seeds": [
    0,
    50
   ]
  },
  "track_samples": 3763,
  "probe_push": {
   "frames": 228,
   "sim_mm": 6.16,
   "recon_mm": 4.95,
   "abs_err_mm": 2.7
  }
 },
 "membrane": {
  "version": "v05",
  "sim_iou": {
   "mean": 0.358,
   "median": 0.3998,
   "p10": 0.0355,
   "min": 0.0,
   "max": 0.7172,
   "n": 26
  },
  "sim_boundary_f": {
   "mean": 0.1849,
   "median": 0.1943,
   "p10": 0.0401,
   "min": 0.0,
   "max": 0.398,
   "n": 26
  },
  "sim_depth_mm": {
   "mean": 4.7577,
   "median": 4.2547,
   "p10": 1.8372,
   "min": 1.3499,
   "max": 12.4606,
   "n": 26
  },
  "recon_iou": {
   "mean": 0.8083,
   "median": 0.8131,
   "p10": 0.7001,
   "min": 0.6746,
   "max": 0.9127,
   "n": 26
  },
  "static_iou": {
   "mean": 0.4416,
   "median": 0.5193,
   "p10": 0.0154,
   "min": 0.0,
   "max": 0.867,
   "n": 26
  },
  "
[scene4d] r04/bed_drive=recon_k_drive=5_mem_k=20 done in 209 s
