{
 "gallbladder": {
  "version": "v11",
  "sim_iou": {
   "mean": 0.6274,
   "median": 0.6885,
   "p10": 0.4576,
   "min": 0.2223,
   "max": 0.749,
   "n": 26
  },
  "sim_boundary_f": {
   "mean": 0.2089,
   "median": 0.2107,
   "p10": 0.1438,
   "min": 0.1149,
   "max": 0.3349,
   "n": 26
  },
  "sim_depth_mm": {
   "mean": 3.8553,
   "median": 3.0122,
   "p10": 2.1359,
   "min": 1.7823,
   "max": 7.8532,
   "n": 26
  },
  "recon_iou": {
   "mean": 0.7866,
   "median": 0.7965,
   "p10": 0.7084,
   "min": 0.6874,
   "max": 0.8572,
   "n": 26
  },
  "static_iou": {
   "mean": 0.5496,
   "median": 0.6464,
   "p10": 0.3,
   "min": 0.1371,
   "max": 0.7477,
   "n": 26
  },
  "flow_epe_px": {
   "mean": 11.3639,
   "median": 8.6816,
   "p10": 3.3278,
   "min": 2.6704,
   "max": 38.4357,
   "n": 50
  },
  "flow_epe_static_px": {
   "mean": 12.2203,
   "median": 9.8943,
   "p10": 2.6839,
   "min": 1.6448,
   "max": 35.7793,
   "n": 50
  },
  "flow_explained": 0.07,
  "flow_epe_recon_px": {
   "mean": 12.3245,
   "median": 10.2528,
   "p10": 5.3167,
   "min": 2.7186,
   "max": 32.0284,
   "n": 50
  },
  "err_vs_recon_mm": {
   "mean": 1.7184,
   "median": 1.6081,
   "p10": 1.2099,
   "min": 1.1057,
   "max": 3.0305,
   "n": 251
  },
  "err_static_vs_recon_mm": {
   "mean": 3.5733,
   "median": 3.8729,
   "p10": 2.0747,
   "min": 1.599,
   "max": 5.1005,
   "n": 251
  },
  "motion_explained": 0.519,
  "split": {
   "rigid_err": {
    "mean": 1.2399,
    "median": 1.0586,
    "p10": 0.5144,
    "min": 0.3248,
    "max": 2.7316,
    "n": 26
   },
   "rot_sim": {
    "mean": 9.2261,
    "median": 9.267,
    "p10": 6.1923,
    "min": 2.4536,
    "max": 13.4461,
    "n": 26
   },
   "rot_rec": {
    "mean": 8.6548,
    "median": 8.4562,
    "p10": 3.7467,
    "min": 2.1003,
    "max": 13.4837,
    "n": 26
   },
   "nonrigid_err": {
    "mean": 1.6763,
    "median": 1.6903,
    "p10": 1.2433,
    "min": 1.1213,
    "max": 2.4425,
    "n": 26
   },
   "deform_sim": {
    "mean": 1.4983,
    "median": 1.4379,
    "p10": 1.1034,
    "min": 0.9753,
    "max": 2.5319,
    "n": 26
   },
   "deform_rec": {
    "mean": 2.0358,
    "median": 2.0,
    "p10": 1.4124,
    "min": 1.2784,
    "max": 2.9255,
    "n": 26
   }
  },
  "free_err_vs_recon_mm": {
   "mean": 2.1968,
   "median": 2.0581,
   "p10": 1.5479,
   "min": 1.4108,
   "max": 3.8808,
   "n": 251
  },
  "free_motion_explained": 0.454,
  "inverted_tets_max": 542,
  "stretch_max": 1.86,
  "stretch_p95_max": 1.21,
  "track_px": 11.51,
  "track_px_static": 8.91,
  "track_motion": {
   "sim_px": 21.3,
   "static_px": 27.55,
   "change_pct": -22.7,
   "seeds": [
    0,
    50
   ]
  },
  "track_samples": 3729,
  "probe_push": {
   "frames": 228,
   "sim_mm": 5.25,
   "recon_mm": 5.07,
   "abs_err_mm": 1.61
  }
 },
 "membrane": {
  "version": "v07",
  "sim_iou": {
   "mean": 0.6471,
   "median": 0.7026,
   "p10": 0.4352,
   "min": 0.2723,
   "max": 0.7902,
   "n": 26
  },
  "sim_boundary_f": {
   "mean": 0.3226,
   "m
[scene4d] r14/render=0_duct_nodes=end done in 508 s
