WARNING: Nan, Inf or huge value in QACC at DOF 21. The simulation is unstable. Time = 0.0005.

WARNING: Nan, Inf or huge value in QACC at DOF 111. The simulation is unstable. Time = 0.0005.

[scene4d] unstable at control step 1 (dof 21, body gallbladder_7); retrying with time step 0.0312 ms
[scene4d] unstable at control step 1 (dof 111, body gallbladder_37); retrying with time step 0.0156 ms
{
 "gallbladder": {
  "version": "v10",
  "sim_iou": {
   "mean": 0.6335,
   "median": 0.6724,
   "p10": 0.4686,
   "min": 0.2855,
   "max": 0.7764,
   "n": 26
  },
  "sim_boundary_f": {
   "mean": 0.2258,
   "median": 0.2302,
   "p10": 0.1499,
   "min": 0.1174,
   "max": 0.3331,
   "n": 26
  },
  "sim_depth_mm": {
   "mean": 3.8941,
   "median": 3.2312,
   "p10": 2.3928,
   "min": 2.2221,
   "max": 8.1879,
   "n": 26
  },
  "recon_iou": {
   "mean": 0.7843,
   "median": 0.7991,
   "p10": 0.7088,
   "min": 0.6901,
   "max": 0.8619,
   "n": 26
  },
  "static_iou": {
   "mean": 0.5496,
   "median": 0.6464,
   "p10": 0.3,
   "min": 0.1371,
   "max": 0.7477,
   "n": 26
  },
  "flow_epe_px": {
   "mean": 11.3776,
   "median": 9.7249,
   "p10": 4.7779,
   "min": 2.7308,
   "max": 32.4428,
   "n": 50
  },
  "flow_epe_static_px": {
   "mean": 12.9554,
   "median": 9.9694,
   "p10": 3.6729,
   "min": 1.6615,
   "max": 38.4424,
   "n": 50
  },
  "flow_explained": 0.122,
  "flow_epe_recon_px": {
   "mean": 12.9384,
   "median": 11.6795,
   "p10": 5.3412,
   "min": 3.0768,
   "max": 31.4939,
   "n": 50
  },
  "err_vs_recon_mm": {
   "mean": 1.5946,
   "median": 1.5374,
   "p10": 1.2112,
   "min": 1.0673,
   "max": 2.748,
   "n": 251
  },
  "err_static_vs_recon_mm": {
   "mean": 3.4944,
   "median": 3.7004,
   "p10": 1.9908,
   "min": 1.5046,
   "max": 5.1163,
   "n": 251
  },
  "motion_explained": 0.544,
  "split": {
   "rigid_err": {
    "mean": 1.1357,
    "median": 1.0979,
    "p10": 0.6217,
    "min": 0.4699,
    "max": 2.0894,
    "n": 26
   },
   "rot_sim": {
    "mean": 8.4545,
    "median": 8.3045,
    "p10": 4.9769,
    "min": 2.3884,
    "max": 12.3214,
    "n": 26
   },
   "rot_rec": {
    "mean": 8.4459,
    "median": 8.438,
    "p10": 3.6233,
    "min": 2.0123,
    "max": 11.665,
    "n": 26
   },
   "nonrigid_err": {
    "mean": 1.5782,
    "median": 1.5201,
    "p10": 1.2851,
    "min": 1.186,
    "max": 2.4996,
    "n": 26
   },
   "deform_sim": {
    "mean": 1.4028,
    "median": 1.3491,
    "p10": 1.0103,
    "min": 0.9256,
    "max": 2.1146,
    "n": 26
   },
   "deform_rec": {
    "mean": 1.9964,
    "median": 1.9157,
    "p10": 1.4183,
    "min": 1.2975,
    "max": 3.0082,
    "n": 26
   }
  },
  "free_err_vs_recon_mm": {
   "mean": 2.0317,
   "median": 1.9598,
   "p10": 1.5403,
   "min": 1.3582,
   "max": 3.5173,
   "n": 251
  },
  "free_motion_explained": 0.484,
  "inverted_tets_max": 378,
  "stretch_max": 1.67,
  "stretch_p95_max": 1.21,
  "track_px": 12.21,
  "track_px_static": 11.16,
  "track_motion": {
   "sim_px": 20.99,
   "static_px": 26.65,
   "change_pct": -21.2,
   "seeds": [
    0,
    50
   ]
  },
  "track_samples": 3758,
  "probe_push": {
   "frames": 228,
   "sim_mm": 5.35,
   "recon_mm": 4.95,
   "abs_err_mm": 1.65
  }
 },
 "membrane": {
  "version": "v06",
  "sim_iou": {
   "mean": 0.642,
   "median": 0.665,
   "p10": 0.4325,
   "min": 0.2734,
   "max": 0.8237,
   "n": 26
  },
  "sim_boundary_f": {
   "mean": 0.3216,
  
[scene4d] r13/render=0_gb_poisson=0.49_gb_young=1200_solref=0.01 done in 2388 s
