WARNING: Nan, Inf or huge value in QACC at DOF 21. The simulation is unstable. Time = 0.0011.

[scene4d] unstable at control step 1; retrying with time step 0.0625 ms
{
 "gallbladder": {
  "version": "v10",
  "sim_iou": {
   "mean": 0.6072,
   "median": 0.6335,
   "p10": 0.4491,
   "min": 0.1909,
   "max": 0.7909,
   "n": 26
  },
  "sim_boundary_f": {
   "mean": 0.2281,
   "median": 0.23,
   "p10": 0.1573,
   "min": 0.143,
   "max": 0.3409,
   "n": 26
  },
  "sim_depth_mm": {
   "mean": 3.9635,
   "median": 3.2474,
   "p10": 2.3279,
   "min": 2.1653,
   "max": 8.116,
   "n": 26
  },
  "recon_iou": {
   "mean": 0.7843,
   "median": 0.7991,
   "p10": 0.7088,
   "min": 0.6901,
   "max": 0.8619,
   "n": 26
  },
  "static_iou": {
   "mean": 0.5496,
   "median": 0.6464,
   "p10": 0.3,
   "min": 0.1371,
   "max": 0.7477,
   "n": 26
  },
  "err_vs_recon_mm": {
   "mean": 1.8129,
   "median": 1.7772,
   "p10": 1.1242,
   "min": 0.8686,
   "max": 3.06,
   "n": 251
  },
  "err_static_vs_recon_mm": {
   "mean": 3.4944,
   "median": 3.7004,
   "p10": 1.9908,
   "min": 1.5046,
   "max": 5.1163,
   "n": 251
  },
  "motion_explained": 0.481,
  "split": {
   "rigid_err": {
    "mean": 1.2922,
    "median": 1.1267,
    "p10": 0.7375,
    "min": 0.1875,
    "max": 2.6146,
    "n": 26
   },
   "rot_sim": {
    "mean": 7.866,
    "median": 7.8625,
    "p10": 4.5665,
    "min": 1.878,
    "max": 12.8148,
    "n": 26
   },
   "rot_rec": {
    "mean": 8.4459,
    "median": 8.438,
    "p10": 3.6233,
    "min": 2.0123,
    "max": 11.665,
    "n": 26
   },
   "nonrigid_err": {
    "mean": 1.7974,
    "median": 1.7568,
    "p10": 1.2288,
    "min": 0.9842,
    "max": 2.5739,
    "n": 26
   },
   "deform_sim": {
    "mean": 1.7124,
    "median": 1.738,
    "p10": 1.0125,
    "min": 0.875,
    "max": 2.5276,
    "n": 26
   },
   "deform_rec": {
    "mean": 1.9964,
    "median": 1.9157,
    "p10": 1.4183,
    "min": 1.2975,
    "max": 3.0082,
    "n": 26
   }
  },
  "free_err_vs_recon_mm": {
   "mean": 2.312,
   "median": 2.2719,
   "p10": 1.4288,
   "min": 1.1053,
   "max": 3.8961,
   "n": 251
  },
  "free_motion_explained": 0.413,
  "stretch_max": 1.74,
  "stretch_p95_max": 1.2,
  "track_px": 11.38,
  "track_px_static": 11.15,
  "track_motion": {
   "sim_px": 18.87,
   "static_px": 27.05,
   "change_pct": -30.2,
   "seeds": [
    0,
    50
   ]
  },
  "track_samples": 3732,
  "probe_push": {
   "frames": 228,
   "sim_mm": 5.88,
   "recon_mm": 4.95,
   "abs_err_mm": 2.38
  }
 },
 "membrane": {
  "version": "v05",
  "sim_iou": {
   "mean": 0.4049,
   "median": 0.4661,
   "p10": 0.0268,
   "min": 0.0,
   "max": 0.6771,
   "n": 26
  },
  "sim_boundary_f": {
   "mean": 0.1867,
   "median": 0.1795,
   "p10": 0.1309,
   "min": 0.0,
   "max": 0.3376,
   "n": 26
  },
  "sim_depth_mm": {
   "mean": 4.2229,
   "median": 3.2151,
   "p10": 1.675,
   "min": 1.2636,
   "max": 12.3327,
   "n": 26
  },
  "recon_iou": {
   "mean": 0.8083,
   "median": 0.8131,
   "p10": 0.7001,
   "min": 0.6746,
   "max": 0.9127,
   "n": 26
  },
  "static_iou": {
   "mean": 0.4416,
   "median": 0.5193,
   "p10": 0.0154,
   "min": 0.0,
   "max": 0.867,
   "n": 26
  },
  "err
[scene4d] r05/gb_young=2400 done in 504 s
