{
 "gallbladder": {
  "version": "v10",
  "sim_iou": {
   "mean": 0.6168,
   "median": 0.6568,
   "p10": 0.4505,
   "min": 0.2611,
   "max": 0.7489,
   "n": 26
  },
  "sim_boundary_f": {
   "mean": 0.2122,
   "median": 0.2197,
   "p10": 0.14,
   "min": 0.1282,
   "max": 0.3388,
   "n": 26
  },
  "sim_depth_mm": {
   "mean": 4.018,
   "median": 3.4464,
   "p10": 2.0957,
   "min": 1.952,
   "max": 8.0705,
   "n": 26
  },
  "recon_iou": {
   "mean": 0.7843,
   "median": 0.7991,
   "p10": 0.7088,
   "min": 0.6901,
   "max": 0.8619,
   "n": 26
  },
  "static_iou": {
   "mean": 0.5496,
   "median": 0.6464,
   "p10": 0.3,
   "min": 0.1371,
   "max": 0.7477,
   "n": 26
  },
  "flow_epe_px": {
   "mean": 11.6998,
   "median": 9.8837,
   "p10": 3.7761,
   "min": 2.5322,
   "max": 32.2306,
   "n": 50
  },
  "flow_epe_static_px": {
   "mean": 12.9388,
   "median": 9.5445,
   "p10": 3.6871,
   "min": 1.8106,
   "max": 38.4579,
   "n": 50
  },
  "flow_explained": 0.096,
  "flow_epe_recon_px": {
   "mean": 12.9384,
   "median": 11.6795,
   "p10": 5.3412,
   "min": 3.0768,
   "max": 31.4939,
   "n": 50
  },
  "err_vs_recon_mm": {
   "mean": 1.6972,
   "median": 1.628,
   "p10": 1.2542,
   "min": 1.0413,
   "max": 2.6969,
   "n": 251
  },
  "err_static_vs_recon_mm": {
   "mean": 3.4944,
   "median": 3.7004,
   "p10": 1.9908,
   "min": 1.5046,
   "max": 5.1163,
   "n": 251
  },
  "motion_explained": 0.514,
  "split": {
   "rigid_err": {
    "mean": 1.2567,
    "median": 1.1971,
    "p10": 0.6736,
    "min": 0.3749,
    "max": 2.2301,
    "n": 26
   },
   "rot_sim": {
    "mean": 8.8039,
    "median": 9.2054,
    "p10": 6.3978,
    "min": 2.081,
    "max": 11.9793,
    "n": 26
   },
   "rot_rec": {
    "mean": 8.4459,
    "median": 8.438,
    "p10": 3.6233,
    "min": 2.0123,
    "max": 11.665,
    "n": 26
   },
   "nonrigid_err": {
    "mean": 1.6576,
    "median": 1.699,
    "p10": 1.2926,
    "min": 1.1132,
    "max": 2.4343,
    "n": 26
   },
   "deform_sim": {
    "mean": 1.3438,
    "median": 1.2623,
    "p10": 0.9799,
    "min": 0.8178,
    "max": 2.1056,
    "n": 26
   },
   "deform_rec": {
    "mean": 1.9964,
    "median": 1.9157,
    "p10": 1.4183,
    "min": 1.2975,
    "max": 3.0082,
    "n": 26
   }
  },
  "free_err_vs_recon_mm": {
   "mean": 2.1637,
   "median": 2.0754,
   "p10": 1.5985,
   "min": 1.3264,
   "max": 3.4516,
   "n": 251
  },
  "free_motion_explained": 0.45,
  "inverted_tets_max": 502,
  "stretch_max": 1.51,
  "stretch_p95_max": 1.19,
  "track_px": 10.37,
  "track_px_static": 11.14,
  "track_motion": {
   "sim_px": 22.52,
   "static_px": 27.13,
   "change_pct": -17.0,
   "seeds": [
    0,
    50
   ]
  },
  "track_samples": 3732,
  "probe_push": {
   "frames": 228,
   "sim_mm": 5.02,
   "recon_mm": 4.95,
   "abs_err_mm": 1.61
  }
 },
 "membrane": {
  "version": "v06",
  "sim_iou": {
   "mean": 0.649,
   "median": 0.6669,
   "p10": 0.4264,
   "min": 0.2744,
   "max": 0.8178,
   "n": 26
  },
  "sim_boundary_f": {
   "mean": 0.3329,
   "med
[scene4d] r13/render=0_gb_poisson=0.45_gb_young=2400_solref=0.004 done in 654 s
