{
 "gallbladder": {
  "version": "v10",
  "sim_iou": {
   "mean": 0.6156,
   "median": 0.65,
   "p10": 0.4468,
   "min": 0.2104,
   "max": 0.74,
   "n": 26
  },
  "sim_boundary_f": {
   "mean": 0.222,
   "median": 0.2175,
   "p10": 0.1501,
   "min": 0.1212,
   "max": 0.367,
   "n": 26
  },
  "sim_depth_mm": {
   "mean": 3.9444,
   "median": 3.2524,
   "p10": 2.0002,
   "min": 1.8875,
   "max": 8.6654,
   "n": 26
  },
  "recon_iou": {
   "mean": 0.7843,
   "median": 0.7991,
   "p10": 0.7088,
   "min": 0.6901,
   "max": 0.8619,
   "n": 26
  },
  "static_iou": {
   "mean": 0.5496,
   "median": 0.6464,
   "p10": 0.3,
   "min": 0.1371,
   "max": 0.7477,
   "n": 26
  },
  "flow_epe_px": {
   "mean": 11.5664,
   "median": 9.1871,
   "p10": 4.2404,
   "min": 2.6431,
   "max": 32.229,
   "n": 50
  },
  "flow_epe_static_px": {
   "mean": 12.9688,
   "median": 9.4847,
   "p10": 3.7066,
   "min": 1.7744,
   "max": 38.4391,
   "n": 50
  },
  "flow_explained": 0.108,
  "flow_epe_recon_px": {
   "mean": 12.9384,
   "median": 11.6795,
   "p10": 5.3412,
   "min": 3.0768,
   "max": 31.4939,
   "n": 50
  },
  "err_vs_recon_mm": {
   "mean": 1.7352,
   "median": 1.6244,
   "p10": 1.2378,
   "min": 1.012,
   "max": 3.0284,
   "n": 251
  },
  "err_static_vs_recon_mm": {
   "mean": 3.4944,
   "median": 3.7004,
   "p10": 1.9908,
   "min": 1.5046,
   "max": 5.1163,
   "n": 251
  },
  "motion_explained": 0.503,
  "split": {
   "rigid_err": {
    "mean": 1.2889,
    "median": 1.1578,
    "p10": 0.6565,
    "min": 0.3248,
    "max": 2.3809,
    "n": 26
   },
   "rot_sim": {
    "mean": 8.6625,
    "median": 8.6989,
    "p10": 6.0771,
    "min": 2.3844,
    "max": 12.1944,
    "n": 26
   },
   "rot_rec": {
    "mean": 8.4459,
    "median": 8.438,
    "p10": 3.6233,
    "min": 2.0123,
    "max": 11.665,
    "n": 26
   },
   "nonrigid_err": {
    "mean": 1.7063,
    "median": 1.6957,
    "p10": 1.2575,
    "min": 1.1039,
    "max": 2.5383,
    "n": 26
   },
   "deform_sim": {
    "mean": 1.5328,
    "median": 1.4108,
    "p10": 1.0849,
    "min": 0.9383,
    "max": 2.3289,
    "n": 26
   },
   "deform_rec": {
    "mean": 1.9964,
    "median": 1.9157,
    "p10": 1.4183,
    "min": 1.2975,
    "max": 3.0082,
    "n": 26
   }
  },
  "free_err_vs_recon_mm": {
   "mean": 2.2191,
   "median": 2.0747,
   "p10": 1.5786,
   "min": 1.2946,
   "max": 3.8843,
   "n": 251
  },
  "free_motion_explained": 0.436,
  "stretch_max": 1.59,
  "stretch_p95_max": 1.22,
  "track_px": 10.17,
  "track_px_static": 11.1,
  "track_motion": {
   "sim_px": 18.48,
   "static_px": 27.23,
   "change_pct": -32.1,
   "seeds": [
    0,
    50
   ]
  },
  "track_samples": 3745,
  "probe_push": {
   "frames": 228,
   "sim_mm": 5.72,
   "recon_mm": 4.95,
   "abs_err_mm": 2.13
  }
 },
 "membrane": {
  "version": "v06",
  "sim_iou": {
   "mean": 0.6536,
   "median": 0.6737,
   "p10": 0.4496,
   "min": 0.3158,
   "max": 0.8104,
   "n": 26
  },
  "sim_boundary_f": {
   "mean": 0.3216,
   "median": 0.2866,
   "p10": 0.20
[scene4d] r10/render=0_mem_base=both_base_link_tc=0.2 done in 429 s
