{
 "gallbladder": {
  "version": "v12",
  "sim_iou": {
   "mean": 0.6292,
   "median": 0.6714,
   "p10": 0.455,
   "min": 0.2427,
   "max": 0.7523,
   "n": 26
  },
  "sim_iou_bands": [
   0.5426,
   0.5733,
   0.7017
  ],
  "sim_iou_2d": {
   "mean": 0.6926,
   "median": 0.7018,
   "p10": 0.638,
   "min": 0.5765,
   "max": 0.7434,
   "n": 26
  },
  "sim_boundary_f": {
   "mean": 0.2111,
   "median": 0.2066,
   "p10": 0.138,
   "min": 0.0886,
   "max": 0.3057,
   "n": 26
  },
  "sim_depth_mm": {
   "mean": 3.0568,
   "median": 2.3874,
   "p10": 1.7071,
   "min": 1.473,
   "max": 6.6434,
   "n": 26
  },
  "recon_iou": {
   "mean": 0.7881,
   "median": 0.7962,
   "p10": 0.7356,
   "min": 0.6886,
   "max": 0.8512,
   "n": 26
  },
  "recon_iou_bands": [
   0.7678,
   0.7508,
   0.8161
  ],
  "recon_iou_2d": {
   "mean": 0.7712,
   "median": 0.7878,
   "p10": 0.7142,
   "min": 0.6699,
   "max": 0.8189,
   "n": 26
  },
  "static_iou": {
   "mean": 0.5355,
   "median": 0.6528,
   "p10": 0.2261,
   "min": 0.1002,
   "max": 0.7361,
   "n": 26
  },
  "flow_epe_px": {
   "mean": 10.7253,
   "median": 8.7814,
   "p10": 3.7258,
   "min": 2.7077,
   "max": 27.8289,
   "n": 50
  },
  "flow_epe_static_px": {
   "mean": 12.303,
   "median": 10.5341,
   "p10": 2.7665,
   "min": 1.6907,
   "max": 35.5874,
   "n": 50
  },
  "flow_explained": 0.128,
  "flow_epe_recon_px": {
   "mean": 11.9841,
   "median": 11.0882,
   "p10": 4.2942,
   "min": 2.531,
   "max": 28.317,
   "n": 50
  },
  "err_vs_recon_mm": {
   "mean": 1.1698,
   "median": 1.1776,
   "p10": 0.817,
   "min": 0.7533,
   "max": 1.9971,
   "n": 251
  },
  "err_static_vs_recon_mm": {
   "mean": 4.4254,
   "median": 4.4634,
   "p10": 2.3762,
   "min": 2.1399,
   "max": 7.0491,
   "n": 251
  },
  "motion_explained": 0.736,
  "split": {
   "rigid_err": {
    "mean": 0.9001,
    "median": 0.9379,
    "p10": 0.5089,
    "min": 0.4357,
    "max": 1.6303,
    "n": 26
   },
   "rot_sim": {
    "mean": 10.9647,
    "median": 10.4642,
    "p10": 8.1383,
    "min": 4.9155,
    "max": 16.2562,
    "n": 26
   },
   "rot_rec": {
    "mean": 10.4671,
    "median": 10.4155,
    "p10": 8.1578,
    "min": 3.8714,
    "max": 16.8681,
    "n": 26
   },
   "nonrigid_err": {
    "mean": 1.0252,
    "median": 0.993,
    "p10": 0.8189,
    "min": 0.7694,
    "max": 1.5164,
    "n": 26
   },
   "deform_sim": {
    "mean": 1.0038,
    "median": 1.0093,
    "p10": 0.7969,
    "min": 0.7022,
    "max": 1.2795,
    "n": 26
   },
   "deform_rec": {
    "mean": 1.2381,
    "median": 1.1318,
    "p10": 0.867,
    "min": 0.8,
    "max": 1.7579,
    "n": 26
   }
  },
  "free_err_vs_recon_mm": {
   "mean": 1.3655,
   "median": 1.3706,
   "p10": 0.9541,
   "min": 0.8705,
   "max": 2.3426,
   "n": 251
  },
  "free_motion_explained": 0.704,
  "volume_ml": {
   "rest": 28.58,
   "sim": [
    26.31,
    27.74
   ],
   "recon": [
    27.27,
    29.64
   ]
  },
  "inverted_tets_max": 204,
  "stretch_max": 1.53,
  "stretch_p95_max": 1.16,
  "track_px"
[scene4d] r23/render=0_gb_radius=0.001 done in 446 s
