{
 "gallbladder": {
  "version": "v13",
  "sim_iou": {
   "mean": 0.6126,
   "median": 0.6405,
   "p10": 0.4141,
   "min": 0.1835,
   "max": 0.7715,
   "n": 26
  },
  "sim_iou_bands": [
   0.5015,
   0.5363,
   0.7077
  ],
  "sim_boundary_f": {
   "mean": 0.2156,
   "median": 0.2145,
   "p10": 0.1364,
   "min": 0.0946,
   "max": 0.2963,
   "n": 26
  },
  "sim_depth_mm": {
   "mean": 3.2957,
   "median": 2.7891,
   "p10": 1.6911,
   "min": 1.5617,
   "max": 7.2977,
   "n": 26
  },
  "recon_iou": {
   "mean": 0.8123,
   "median": 0.8287,
   "p10": 0.7615,
   "min": 0.7026,
   "max": 0.8754,
   "n": 26
  },
  "recon_iou_bands": [
   0.7911,
   0.77,
   0.8432
  ],
  "static_iou": {
   "mean": 0.5355,
   "median": 0.6528,
   "p10": 0.2261,
   "min": 0.1002,
   "max": 0.7361,
   "n": 26
  },
  "flow_epe_px": {
   "mean": 11.2941,
   "median": 10.3257,
   "p10": 4.0837,
   "min": 1.6291,
   "max": 28.7316,
   "n": 50
  },
  "flow_epe_static_px": {
   "mean": 12.3553,
   "median": 10.1375,
   "p10": 2.7707,
   "min": 1.6655,
   "max": 35.5088,
   "n": 50
  },
  "flow_explained": 0.086,
  "flow_epe_recon_px": {
   "mean": 11.9453,
   "median": 10.345,
   "p10": 4.2276,
   "min": 2.5093,
   "max": 30.5913,
   "n": 50
  },
  "err_vs_recon_mm": {
   "mean": 1.3482,
   "median": 1.3561,
   "p10": 0.9163,
   "min": 0.7645,
   "max": 2.2325,
   "n": 251
  },
  "err_static_vs_recon_mm": {
   "mean": 3.8351,
   "median": 3.9049,
   "p10": 2.2808,
   "min": 1.9392,
   "max": 5.842,
   "n": 251
  },
  "motion_explained": 0.648,
  "split": {
   "rigid_err": {
    "mean": 0.9559,
    "median": 1.0828,
    "p10": 0.3313,
    "min": 0.261,
    "max": 1.6778,
    "n": 26
   },
   "rot_sim": {
    "mean": 7.9854,
    "median": 7.325,
    "p10": 5.611,
    "min": 3.8046,
    "max": 13.433,
    "n": 26
   },
   "rot_rec": {
    "mean": 8.1225,
    "median": 7.4809,
    "p10": 5.4287,
    "min": 3.1879,
    "max": 13.4524,
    "n": 26
   },
   "nonrigid_err": {
    "mean": 1.2333,
    "median": 1.2476,
    "p10": 0.8805,
    "min": 0.7778,
    "max": 1.9028,
    "n": 26
   },
   "deform_sim": {
    "mean": 0.932,
    "median": 0.9286,
    "p10": 0.723,
    "min": 0.5908,
    "max": 1.2075,
    "n": 26
   },
   "deform_rec": {
    "mean": 1.55,
    "median": 1.4136,
    "p10": 1.1666,
    "min": 1.1242,
    "max": 2.2447,
    "n": 26
   }
  },
  "free_err_vs_recon_mm": {
   "mean": 1.5776,
   "median": 1.5822,
   "p10": 1.0752,
   "min": 0.8917,
   "max": 2.611,
   "n": 251
  },
  "free_motion_explained": 0.61,
  "inverted_tets_max": 285,
  "stretch_max": 1.67,
  "stretch_p95_max": 1.18,
  "track_px": 12.41,
  "track_px_static": 9.01,
  "track_motion": {
   "sim_px": 18.2,
   "static_px": 28.44,
   "change_pct": -36.0,
   "seeds": [
    0,
    50
   ]
  },
  "track_samples": 3660,
  "probe_push": {
   "frames": 227,
   "sim_mm": 5.1,
   "recon_mm": 5.94,
   "abs_err_mm": 1.23
  }
 },
 "membrane": {
  "version": "v07",
  "sim_iou": {
   "mean": 0.6405,
   "median": 0.7005,
 
[scene4d] r17/render=0_gallbladder=v13_mem_contact=0 done in 271 s
