{
 "gallbladder": {
  "version": "v11",
  "sim_iou": {
   "mean": 0.6239,
   "median": 0.668,
   "p10": 0.4565,
   "min": 0.2643,
   "max": 0.7412,
   "n": 26
  },
  "sim_boundary_f": {
   "mean": 0.2085,
   "median": 0.2169,
   "p10": 0.1376,
   "min": 0.0843,
   "max": 0.3421,
   "n": 26
  },
  "sim_depth_mm": {
   "mean": 3.8174,
   "median": 3.0005,
   "p10": 2.0974,
   "min": 1.9068,
   "max": 7.9048,
   "n": 26
  },
  "recon_iou": {
   "mean": 0.7866,
   "median": 0.7965,
   "p10": 0.7084,
   "min": 0.6874,
   "max": 0.8572,
   "n": 26
  },
  "static_iou": {
   "mean": 0.5496,
   "median": 0.6464,
   "p10": 0.3,
   "min": 0.1371,
   "max": 0.7477,
   "n": 26
  },
  "flow_epe_px": {
   "mean": 12.5657,
   "median": 9.3296,
   "p10": 4.268,
   "min": 3.3115,
   "max": 36.9415,
   "n": 50
  },
  "flow_epe_static_px": {
   "mean": 12.9794,
   "median": 9.5872,
   "p10": 3.7122,
   "min": 1.7655,
   "max": 38.5391,
   "n": 50
  },
  "flow_explained": 0.032,
  "flow_epe_recon_px": {
   "mean": 13.5571,
   "median": 11.7539,
   "p10": 5.3946,
   "min": 3.4838,
   "max": 33.2896,
   "n": 50
  },
  "err_vs_recon_mm": {
   "mean": 1.707,
   "median": 1.6107,
   "p10": 1.2488,
   "min": 1.0663,
   "max": 3.0784,
   "n": 251
  },
  "err_static_vs_recon_mm": {
   "mean": 3.5733,
   "median": 3.8729,
   "p10": 2.0747,
   "min": 1.599,
   "max": 5.1005,
   "n": 251
  },
  "motion_explained": 0.522,
  "split": {
   "rigid_err": {
    "mean": 1.2437,
    "median": 1.1226,
    "p10": 0.5859,
    "min": 0.3059,
    "max": 2.5316,
    "n": 26
   },
   "rot_sim": {
    "mean": 8.9688,
    "median": 9.3924,
    "p10": 5.424,
    "min": 2.2389,
    "max": 13.3154,
    "n": 26
   },
   "rot_rec": {
    "mean": 8.6548,
    "median": 8.4562,
    "p10": 3.7467,
    "min": 2.1003,
    "max": 13.4837,
    "n": 26
   },
   "nonrigid_err": {
    "mean": 1.6764,
    "median": 1.6473,
    "p10": 1.3361,
    "min": 1.1817,
    "max": 2.4707,
    "n": 26
   },
   "deform_sim": {
    "mean": 1.5145,
    "median": 1.4121,
    "p10": 1.1373,
    "min": 0.9201,
    "max": 2.6111,
    "n": 26
   },
   "deform_rec": {
    "mean": 2.0358,
    "median": 2.0,
    "p10": 1.4124,
    "min": 1.2784,
    "max": 2.9255,
    "n": 26
   }
  },
  "free_err_vs_recon_mm": {
   "mean": 2.1824,
   "median": 2.0579,
   "p10": 1.5991,
   "min": 1.3559,
   "max": 3.9475,
   "n": 251
  },
  "free_motion_explained": 0.458,
  "inverted_tets_max": 512,
  "stretch_max": 1.61,
  "stretch_p95_max": 1.23,
  "track_px": 11.2,
  "track_px_static": 11.12,
  "track_motion": {
   "sim_px": 21.25,
   "static_px": 27.71,
   "change_pct": -23.3,
   "seeds": [
    0,
    50
   ]
  },
  "track_samples": 3713,
  "probe_push": {
   "frames": 228,
   "sim_mm": 5.3,
   "recon_mm": 5.07,
   "abs_err_mm": 1.63
  }
 },
 "membrane": {
  "version": "v07",
  "sim_iou": {
   "mean": 0.6524,
   "median": 0.7023,
   "p10": 0.4795,
   "min": 0.2682,
   "max": 0.7928,
   "n": 26
  },
  "sim_boundary_f": {
   "mean": 0.3342,
   "me
[scene4d] r14/render=0_duct_nodes=mid_cams=clip done in 497 s
