{
 "gallbladder": {
  "version": "v10",
  "sim_iou": {
   "mean": 0.6212,
   "median": 0.6615,
   "p10": 0.4559,
   "min": 0.2746,
   "max": 0.74,
   "n": 26
  },
  "sim_boundary_f": {
   "mean": 0.2135,
   "median": 0.2131,
   "p10": 0.1301,
   "min": 0.1157,
   "max": 0.3553,
   "n": 26
  },
  "sim_depth_mm": {
   "mean": 3.8657,
   "median": 3.075,
   "p10": 2.1275,
   "min": 1.847,
   "max": 7.8317,
   "n": 26
  },
  "recon_iou": {
   "mean": 0.7843,
   "median": 0.7991,
   "p10": 0.7088,
   "min": 0.6901,
   "max": 0.8619,
   "n": 26
  },
  "static_iou": {
   "mean": 0.5496,
   "median": 0.6464,
   "p10": 0.3,
   "min": 0.1371,
   "max": 0.7477,
   "n": 26
  },
  "flow_epe_px": {
   "mean": 11.9072,
   "median": 9.9219,
   "p10": 4.3778,
   "min": 2.2234,
   "max": 36.7741,
   "n": 50
  },
  "flow_epe_static_px": {
   "mean": 12.9771,
   "median": 9.5624,
   "p10": 3.6962,
   "min": 1.761,
   "max": 38.4223,
   "n": 50
  },
  "flow_explained": 0.082,
  "flow_epe_recon_px": {
   "mean": 12.9384,
   "median": 11.6795,
   "p10": 5.3412,
   "min": 3.0768,
   "max": 31.4939,
   "n": 50
  },
  "err_vs_recon_mm": {
   "mean": 1.6942,
   "median": 1.6126,
   "p10": 1.2019,
   "min": 1.0014,
   "max": 2.7524,
   "n": 251
  },
  "err_static_vs_recon_mm": {
   "mean": 3.4944,
   "median": 3.7004,
   "p10": 1.9908,
   "min": 1.5046,
   "max": 5.1163,
   "n": 251
  },
  "motion_explained": 0.515,
  "split": {
   "rigid_err": {
    "mean": 1.2421,
    "median": 1.0922,
    "p10": 0.558,
    "min": 0.3122,
    "max": 2.4978,
    "n": 26
   },
   "rot_sim": {
    "mean": 8.7099,
    "median": 9.0195,
    "p10": 5.8814,
    "min": 1.9478,
    "max": 12.0604,
    "n": 26
   },
   "rot_rec": {
    "mean": 8.4459,
    "median": 8.438,
    "p10": 3.6233,
    "min": 2.0123,
    "max": 11.665,
    "n": 26
   },
   "nonrigid_err": {
    "mean": 1.6468,
    "median": 1.6401,
    "p10": 1.2078,
    "min": 1.0811,
    "max": 2.47,
    "n": 26
   },
   "deform_sim": {
    "mean": 1.3939,
    "median": 1.2299,
    "p10": 1.017,
    "min": 0.882,
    "max": 2.2737,
    "n": 26
   },
   "deform_rec": {
    "mean": 1.9964,
    "median": 1.9157,
    "p10": 1.4183,
    "min": 1.2975,
    "max": 3.0082,
    "n": 26
   }
  },
  "free_err_vs_recon_mm": {
   "mean": 2.1661,
   "median": 2.0617,
   "p10": 1.5382,
   "min": 1.2804,
   "max": 3.5216,
   "n": 251
  },
  "free_motion_explained": 0.45,
  "inverted_tets_max": 470,
  "stretch_max": 1.59,
  "stretch_p95_max": 1.2,
  "track_px": 10.84,
  "track_px_static": 11.16,
  "track_motion": {
   "sim_px": 20.3,
   "static_px": 27.23,
   "change_pct": -25.5,
   "seeds": [
    0,
    50
   ]
  },
  "track_samples": 3724,
  "probe_push": {
   "frames": 228,
   "sim_mm": 5.12,
   "recon_mm": 4.95,
   "abs_err_mm": 1.63
  }
 },
 "membrane": {
  "version": "v06",
  "sim_iou": {
   "mean": 0.6581,
   "median": 0.6836,
   "p10": 0.4592,
   "min": 0.2746,
   "max": 0.8145,
   "n": 26
  },
  "sim_boundary_f": {
   "mean": 0.3293,
   "median"
[scene4d] r13/render=0_gb_poisson=0.45_gb_young=1200_solref=0.004 done in 559 s
