[v08] config {"apex_px": 90, "rest_keys": [0, 10, 20, 30, 40, 50, 60, 70, 80, 90, 100, 110, 120, 130, 140, 150, 160, 170, 180, 190, 200, 210, 220, 230, 240, 250], "rest_iters": 120, "rest_ffd_iters": 200, "ffd_smooth": 10.0, "ffd_size": 2.0, "scale_prior": 0.02, "scale_bounds": [[1.0, 0.85, 0.85], [1.7, 1.7, 1.7]], "w_sil": 2.0, "w_cov": 1.0, "w_depth": 1.5, "hidden_mm": 8.0, "surf_faces": 500, "cells": 16, "start_frame": 120, "iters_first": 300, "iters": 100, "lr": 0.08, "w_arap": 30.0, "w_vol": 20.0, "w_temp": 0.3, "smooth_sigma": 1.0, "arap_uniform": true, "w_barrier": 0.5, "w_anchor": 0.02, "anchor_cos": 0.35, "early_weight": 0.3, "tet_snap": "project", "w_neck": 1.0, "w_neck4d": 0.3, "depth_erode": 3, "n_pts4d": 1500, "barrier_sum": true, "tetgen_q": [15, 1.6], "sliver_weight": 0.003, "n_surf4d": 7000, "n_cov4d": 1800}
[masks] body area per keyframe [38546, 26361, 31972, 28124, 35374, 33973, 35735, 26948, 27056, 35728, 38866, 45823, 40222, 52023, 49963, 55573, 51684, 53783, 51938, 53482, 57255, 55450, 53147, 52274, 53386, 50639] (2 s)
[masks] body/duct junction found in 251 frames
[rest] pose search: best losses [8.52, 8.662, 9.032, 9.127, 9.676] (22 s)
[rest] pose+scale: loss 8.094 parts(out,cov,depth mm) [0.701 0.474 3.705] scale [0.99  1.156 1.715] (44 s)
[rest] + lattice: loss 7.610 parts [0.683 0.308 3.55 ] max offset 5.8 mm (58 s)
[rest] neck tip vs junction pixel: median 14 px over 26 keyframes
[tets] quality vol/maxedge^3: median 0.043, < 0.01: 2.2 %, min 0.00165
[tets] 472 nodes, 1788 tets, 646 surface faces, degenerate False
[rest] {'neck_tip': [0.0019099999917671084, 0.04918000102043152, 0.05164000019431114], 'scale': [0.9950000047683716, 1.1679999828338623, 1.7079999446868896], 'rotvec': [0.9993000030517578, -0.6848999857902527, 0.632099986076355], 't_mm': [-26.0, 55.970001220703125, 28.8700008392334], 'lattice_max_offset_mm': 5.77, 'fit_parts_mm': {'outside': np.float64(0.683), 'coverage': np.float64(0.308), 'depth': np.float64(3.55)}, 'template_extent_cm': [6.08, 3.41, 2.07], 'rest_extent_cm': [6.06, 4.25, 4.09], 'template_volume_ml': 15.39, 'rest_volume_ml': 31.69, 'rest_vs_scaled_template_mm': {'mean': 1.77, 'max': 6.6}}
[4d] frame 125: out 0.037 cov 0.093 depth 0.982 arap 0.0224 vol 0.0034 (12 s)
[4d] frame 150: out 0.022 cov 0.120 depth 1.052 arap 0.0249 vol 0.0034 (50 s)
[4d] frame 175: out 0.024 cov 0.104 depth 0.753 arap 0.0255 vol 0.0086 (87 s)
[4d] frame 200: out 0.010 cov 0.140 depth 1.516 arap 0.0292 vol 0.0053 (123 s)
[4d] frame 225: out 0.029 cov 0.066 depth 0.986 arap 0.0216 vol 0.0051 (159 s)
[4d] frame 250: out 0.035 cov 0.061 depth 0.698 arap 0.0213 vol 0.0047 (194 s)
[4d] frame 100: out 0.125 cov 0.068 depth 1.289 arap 0.0527 vol 0.0112 (229 s)
[4d] frame 75: out 0.754 cov 0.007 depth 0.552 arap 0.0505 vol 0.0128 (266 s)
[4d] frame 50: out 0.369 cov 0.017 depth 0.757 arap 0.0389 vol 0.0105 (304 s)
[4d] frame 25: out 0.050 cov 0.018 depth 0.889 arap 0.0355 vol 0.0066 (336 s)
[4d] frame 0: out 0.019 cov 0.021 depth 0.975 arap 0.0398 vol 0.0076 (367 s)
[quality] shared_mask: IoU 0.7492 BF 0.294 depth 1.4895 mm
[quality] body_neck_mask: IoU 0.8187 BF 0.3323 depth 1.3873 mm
[quality] temporal {'max_vertex_speed_mm_per_frame': 3.533, 'p99_vertex_speed_mm_per_frame': 1.08, 'mean_vertex_speed_mm_per_frame': 0.274, 'max_vertex_accel_mm_per_frame2': 2.82, 'centroid_path_mm': 45.69, 'centroid_range_mm': [4.360000133514404, 7.170000076293945, 6.400000095367432]}  volume {'rest_ml': 31.69, 'ratio_min': 0.9395, 'ratio_max': 1.0519}  deformation {'min_tet_det': -5.5814, 'inverted_tet_frames': 45, 'max_inverted_tets': 2, 'sampled_frames': 51, 'max_inverted_wellshaped_tets': 0, 'slivers_rest': 39, 'max_principal_stretch': 8.1666, 'edge_stretch_max': 2.0922, 'edge_stretch_p95_max': 1.1626}
[v08] done in 450 s
