{
 "gallbladder": {
  "version": "v13",
  "sim_iou": {
   "mean": 0.637,
   "median": 0.6733,
   "p10": 0.4356,
   "min": 0.2189,
   "max": 0.7735,
   "n": 26
  },
  "sim_iou_bands": [
   0.5171,
   0.5681,
   0.7332
  ],
  "sim_boundary_f": {
   "mean": 0.2083,
   "median": 0.2122,
   "p10": 0.1433,
   "min": 0.1119,
   "max": 0.3033,
   "n": 26
  },
  "sim_depth_mm": {
   "mean": 3.1388,
   "median": 2.5884,
   "p10": 1.8544,
   "min": 1.2881,
   "max": 6.9526,
   "n": 26
  },
  "recon_iou": {
   "mean": 0.8123,
   "median": 0.8287,
   "p10": 0.7615,
   "min": 0.7026,
   "max": 0.8754,
   "n": 26
  },
  "recon_iou_bands": [
   0.7911,
   0.77,
   0.8432
  ],
  "static_iou": {
   "mean": 0.5355,
   "median": 0.6528,
   "p10": 0.2261,
   "min": 0.1002,
   "max": 0.7361,
   "n": 26
  },
  "flow_epe_px": {
   "mean": 11.1824,
   "median": 10.2967,
   "p10": 3.5632,
   "min": 2.5611,
   "max": 25.6854,
   "n": 50
  },
  "flow_epe_static_px": {
   "mean": 12.36,
   "median": 10.3778,
   "p10": 2.6545,
   "min": 1.713,
   "max": 35.5274,
   "n": 50
  },
  "flow_explained": 0.095,
  "flow_epe_recon_px": {
   "mean": 11.9453,
   "median": 10.345,
   "p10": 4.2276,
   "min": 2.5093,
   "max": 30.5913,
   "n": 50
  },
  "err_vs_recon_mm": {
   "mean": 1.3041,
   "median": 1.3185,
   "p10": 0.838,
   "min": 0.7023,
   "max": 2.2296,
   "n": 251
  },
  "err_static_vs_recon_mm": {
   "mean": 3.8351,
   "median": 3.9049,
   "p10": 2.2808,
   "min": 1.9392,
   "max": 5.842,
   "n": 251
  },
  "motion_explained": 0.66,
  "split": {
   "rigid_err": {
    "mean": 0.9301,
    "median": 0.955,
    "p10": 0.3436,
    "min": 0.2322,
    "max": 1.7391,
    "n": 26
   },
   "rot_sim": {
    "mean": 8.0861,
    "median": 7.4802,
    "p10": 5.5441,
    "min": 3.6582,
    "max": 13.4419,
    "n": 26
   },
   "rot_rec": {
    "mean": 8.1225,
    "median": 7.4809,
    "p10": 5.4287,
    "min": 3.1879,
    "max": 13.4524,
    "n": 26
   },
   "nonrigid_err": {
    "mean": 1.1809,
    "median": 1.1362,
    "p10": 0.8001,
    "min": 0.7652,
    "max": 1.914,
    "n": 26
   },
   "deform_sim": {
    "mean": 0.9131,
    "median": 0.8963,
    "p10": 0.738,
    "min": 0.6676,
    "max": 1.1982,
    "n": 26
   },
   "deform_rec": {
    "mean": 1.55,
    "median": 1.4136,
    "p10": 1.1666,
    "min": 1.1242,
    "max": 2.2447,
    "n": 26
   }
  },
  "free_err_vs_recon_mm": {
   "mean": 1.5256,
   "median": 1.5297,
   "p10": 0.98,
   "min": 0.8242,
   "max": 2.5938,
   "n": 251
  },
  "free_motion_explained": 0.623,
  "inverted_tets_max": 163,
  "stretch_max": 1.84,
  "stretch_p95_max": 1.17,
  "track_px": 11.36,
  "track_px_static": 9.19,
  "track_motion": {
   "sim_px": 21.1,
   "static_px": 28.76,
   "change_pct": -26.6,
   "seeds": [
    0,
    50
   ]
  },
  "track_samples": 3625,
  "probe_push": {
   "frames": 227,
   "sim_mm": 4.79,
   "recon_mm": 5.94,
   "abs_err_mm": 1.26
  }
 },
 "membrane": {
  "version": "v07",
  "sim_iou": {
   "mean": 0.6667,
   "median": 0.7307,
   
[scene4d] r17/render=0_gallbladder=v13 done in 427 s
