WARNING: Nan, Inf or huge value in QACC at DOF 12. The simulation is unstable. Time = 0.0004.

WARNING: Nan, Inf or huge value in QACC at DOF 21. The simulation is unstable. Time = 0.0003.

WARNING: Nan, Inf or huge value in QACC at DOF 138. The simulation is unstable. Time = 0.0003.

[scene4d] unstable at control step 1 (dof 12, body gallbladder_4); retrying with time step 0.0312 ms
[scene4d] unstable at control step 1 (dof 2035, body gallbladder_678); retrying with time step 0.0156 ms
[scene4d] unstable at control step 1 (dof 138, body gallbladder_46); retrying with time step 0.0078 ms
{
 "gallbladder": {
  "version": "v10",
  "sim_iou": {
   "mean": 0.5902,
   "median": 0.6006,
   "p10": 0.4618,
   "min": 0.2459,
   "max": 0.7738,
   "n": 26
  },
  "sim_boundary_f": {
   "mean": 0.1971,
   "median": 0.1956,
   "p10": 0.1426,
   "min": 0.1233,
   "max": 0.3077,
   "n": 26
  },
  "sim_depth_mm": {
   "mean": 4.1301,
   "median": 3.5234,
   "p10": 2.2509,
   "min": 2.0172,
   "max": 7.8566,
   "n": 26
  },
  "recon_iou": {
   "mean": 0.7843,
   "median": 0.7991,
   "p10": 0.7088,
   "min": 0.6901,
   "max": 0.8619,
   "n": 26
  },
  "static_iou": {
   "mean": 0.5496,
   "median": 0.6464,
   "p10": 0.3,
   "min": 0.1371,
   "max": 0.7477,
   "n": 26
  },
  "flow_epe_px": {
   "mean": 12.8165,
   "median": 10.7274,
   "p10": 4.9464,
   "min": 2.2233,
   "max": 29.8802,
   "n": 50
  },
  "flow_epe_static_px": {
   "mean": 12.9037,
   "median": 9.7646,
   "p10": 3.4691,
   "min": 1.6545,
   "max": 38.3549,
   "n": 50
  },
  "flow_explained": 0.007,
  "flow_epe_recon_px": {
   "mean": 12.9384,
   "median": 11.6795,
   "p10": 5.3412,
   "min": 3.0768,
   "max": 31.4939,
   "n": 50
  },
  "err_vs_recon_mm": {
   "mean": 2.1595,
   "median": 1.987,
   "p10": 1.4072,
   "min": 1.1792,
   "max": 3.7179,
   "n": 251
  },
  "err_static_vs_recon_mm": {
   "mean": 3.4944,
   "median": 3.7004,
   "p10": 1.9908,
   "min": 1.5046,
   "max": 5.1163,
   "n": 251
  },
  "motion_explained": 0.382,
  "split": {
   "rigid_err": {
    "mean": 1.839,
    "median": 1.7386,
    "p10": 0.7925,
    "min": 0.5284,
    "max": 3.458,
    "n": 26
   },
   "rot_sim": {
    "mean": 8.4561,
    "median": 7.7443,
    "p10": 5.5044,
    "min": 2.5155,
    "max": 13.0065,
    "n": 26
   },
   "rot_rec": {
    "mean": 8.4459,
    "median": 8.438,
    "p10": 3.6233,
    "min": 2.0123,
    "max": 11.665,
    "n": 26
   },
   "nonrigid_err": {
    "mean": 2.0163,
    "median": 1.7736,
    "p10": 1.3611,
    "min": 1.2795,
    "max": 3.3187,
    "n": 26
   },
   "deform_sim": {
    "mean": 1.7619,
    "median": 1.7148,
    "p10": 1.0337,
    "min": 0.8437,
    "max": 2.97,
    "n": 26
   },
   "deform_rec": {
    "mean": 1.9964,
    "median": 1.9157,
    "p10": 1.4183,
    "min": 1.2975,
    "max": 3.0082,
    "n": 26
   }
  },
  "free_err_vs_recon_mm": {
   "mean": 2.7473,
   "median": 2.5227,
   "p10": 1.7868,
   "min": 1.4905,
   "max": 4.7441,
   "n": 251
  },
  "free_motion_explained": 0.302,
  "inverted_tets_max": 528,
  "stretch_max": 1.71,
  "stretch_p95_max": 1.26,
  "track_px": 15.48,
  "track_px_static": 11.11,
  "track_motion": {
   "sim_px": 21.97,
   "static_px": 27.08,
   "change_pct": -18.9,
   "seeds": [
    0,
    50
   ]
  },
  "track_samples": 3699,
  "probe_push": {
   "frames": 228,
   "sim_mm": 5.89,
   "recon_mm": 4.95,
   "abs_err_mm": 2.36
  }
 },
 "membrane": {
  "version": "v06",
  "sim_iou": {
   "mean": 0.6521,
   "median": 0.6684,
   "p10": 0.4165,
   "min": 0.2744,
   "max": 0.8207,
   "n": 26
  },
  "sim_boundary_f": {
   "mean": 0.3335,
  
[scene4d] r13/render=0_gb_poisson=0.49_gb_young=2400_solref=0.004 done in 3668 s
