WARNING: Nan, Inf or huge value in QACC at DOF 21. The simulation is unstable. Time = 0.0005.

WARNING: Nan, Inf or huge value in QACC at DOF 111. The simulation is unstable. Time = 0.0005.

[scene4d] unstable at control step 1 (dof 21, body gallbladder_7); retrying with time step 0.0312 ms
[scene4d] unstable at control step 1 (dof 111, body gallbladder_37); retrying with time step 0.0156 ms
{
 "gallbladder": {
  "version": "v10",
  "sim_iou": {
   "mean": 0.6279,
   "median": 0.6739,
   "p10": 0.465,
   "min": 0.2591,
   "max": 0.7627,
   "n": 26
  },
  "sim_boundary_f": {
   "mean": 0.2166,
   "median": 0.2112,
   "p10": 0.148,
   "min": 0.1309,
   "max": 0.3324,
   "n": 26
  },
  "sim_depth_mm": {
   "mean": 3.8932,
   "median": 3.3197,
   "p10": 1.9756,
   "min": 1.6744,
   "max": 7.4781,
   "n": 26
  },
  "recon_iou": {
   "mean": 0.7843,
   "median": 0.7991,
   "p10": 0.7088,
   "min": 0.6901,
   "max": 0.8619,
   "n": 26
  },
  "static_iou": {
   "mean": 0.5496,
   "median": 0.6464,
   "p10": 0.3,
   "min": 0.1371,
   "max": 0.7477,
   "n": 26
  },
  "flow_epe_px": {
   "mean": 11.8673,
   "median": 9.2052,
   "p10": 4.5031,
   "min": 2.3846,
   "max": 31.3413,
   "n": 50
  },
  "flow_epe_static_px": {
   "mean": 12.8964,
   "median": 9.6046,
   "p10": 3.6908,
   "min": 1.8585,
   "max": 38.3732,
   "n": 50
  },
  "flow_explained": 0.08,
  "flow_epe_recon_px": {
   "mean": 12.9384,
   "median": 11.6795,
   "p10": 5.3412,
   "min": 3.0768,
   "max": 31.4939,
   "n": 50
  },
  "err_vs_recon_mm": {
   "mean": 1.6867,
   "median": 1.6013,
   "p10": 1.1955,
   "min": 0.993,
   "max": 2.7502,
   "n": 251
  },
  "err_static_vs_recon_mm": {
   "mean": 3.4944,
   "median": 3.7004,
   "p10": 1.9908,
   "min": 1.5046,
   "max": 5.1163,
   "n": 251
  },
  "motion_explained": 0.517,
  "split": {
   "rigid_err": {
    "mean": 1.3035,
    "median": 1.1298,
    "p10": 0.5688,
    "min": 0.4834,
    "max": 2.6249,
    "n": 26
   },
   "rot_sim": {
    "mean": 8.8449,
    "median": 9.102,
    "p10": 6.2114,
    "min": 2.4087,
    "max": 12.3791,
    "n": 26
   },
   "rot_rec": {
    "mean": 8.4459,
    "median": 8.438,
    "p10": 3.6233,
    "min": 2.0123,
    "max": 11.665,
    "n": 26
   },
   "nonrigid_err": {
    "mean": 1.609,
    "median": 1.5842,
    "p10": 1.1559,
    "min": 1.0351,
    "max": 2.4574,
    "n": 26
   },
   "deform_sim": {
    "mean": 1.4867,
    "median": 1.3531,
    "p10": 1.0887,
    "min": 0.9175,
    "max": 2.508,
    "n": 26
   },
   "deform_rec": {
    "mean": 1.9964,
    "median": 1.9157,
    "p10": 1.4183,
    "min": 1.2975,
    "max": 3.0082,
    "n": 26
   }
  },
  "free_err_vs_recon_mm": {
   "mean": 2.1501,
   "median": 2.0345,
   "p10": 1.5221,
   "min": 1.2625,
   "max": 3.5165,
   "n": 251
  },
  "free_motion_explained": 0.454,
  "inverted_tets_max": 476,
  "stretch_max": 1.55,
  "stretch_p95_max": 1.21,
  "track_px": 11.16,
  "track_px_static": 11.17,
  "track_motion": {
   "sim_px": 19.49,
   "static_px": 26.95,
   "change_pct": -27.7,
   "seeds": [
    0,
    50
   ]
  },
  "track_samples": 3730,
  "probe_push": {
   "frames": 228,
   "sim_mm": 5.41,
   "recon_mm": 4.95,
   "abs_err_mm": 1.78
  }
 },
 "membrane": {
  "version": "v06",
  "sim_iou": {
   "mean": 0.6455,
   "median": 0.6642,
   "p10": 0.4197,
   "min": 0.277,
   "max": 0.8168,
   "n": 26
  },
  "sim_boundary_f": {
   "mean": 0.3307,
   "me
[scene4d] r13/render=0_gb_poisson=0.49_gb_young=1200_solref=0.004 done in 1762 s
