{
 "gallbladder": {
  "version": "v12",
  "sim_iou": {
   "mean": 0.6292,
   "median": 0.672,
   "p10": 0.455,
   "min": 0.2404,
   "max": 0.7521,
   "n": 26
  },
  "sim_iou_bands": [
   0.5426,
   0.5727,
   0.702
  ],
  "sim_iou_2d": {
   "mean": 0.6924,
   "median": 0.7015,
   "p10": 0.638,
   "min": 0.5753,
   "max": 0.7437,
   "n": 26
  },
  "sim_boundary_f": {
   "mean": 0.2118,
   "median": 0.2053,
   "p10": 0.1403,
   "min": 0.0886,
   "max": 0.3053,
   "n": 26
  },
  "sim_depth_mm": {
   "mean": 3.0562,
   "median": 2.3953,
   "p10": 1.7186,
   "min": 1.4676,
   "max": 6.6583,
   "n": 26
  },
  "recon_iou": {
   "mean": 0.7881,
   "median": 0.7962,
   "p10": 0.7356,
   "min": 0.6886,
   "max": 0.8512,
   "n": 26
  },
  "recon_iou_bands": [
   0.7678,
   0.7508,
   0.8161
  ],
  "recon_iou_2d": {
   "mean": 0.7712,
   "median": 0.7878,
   "p10": 0.7142,
   "min": 0.6699,
   "max": 0.8189,
   "n": 26
  },
  "static_iou": {
   "mean": 0.5355,
   "median": 0.6528,
   "p10": 0.2261,
   "min": 0.1002,
   "max": 0.7361,
   "n": 26
  },
  "flow_epe_px": {
   "mean": 10.7367,
   "median": 8.8267,
   "p10": 4.0952,
   "min": 2.7138,
   "max": 27.6125,
   "n": 50
  },
  "flow_epe_static_px": {
   "mean": 12.3077,
   "median": 10.5343,
   "p10": 2.7668,
   "min": 1.6913,
   "max": 35.5761,
   "n": 50
  },
  "flow_explained": 0.128,
  "flow_epe_recon_px": {
   "mean": 11.9841,
   "median": 11.0882,
   "p10": 4.2942,
   "min": 2.531,
   "max": 28.317,
   "n": 50
  },
  "err_vs_recon_mm": {
   "mean": 1.1682,
   "median": 1.176,
   "p10": 0.8155,
   "min": 0.7485,
   "max": 1.9971,
   "n": 251
  },
  "err_static_vs_recon_mm": {
   "mean": 4.4254,
   "median": 4.4634,
   "p10": 2.3762,
   "min": 2.1399,
   "max": 7.0491,
   "n": 251
  },
  "motion_explained": 0.736,
  "split": {
   "rigid_err": {
    "mean": 0.8969,
    "median": 0.9317,
    "p10": 0.5075,
    "min": 0.4511,
    "max": 1.6387,
    "n": 26
   },
   "rot_sim": {
    "mean": 10.973,
    "median": 10.4726,
    "p10": 8.2959,
    "min": 4.9246,
    "max": 16.2992,
    "n": 26
   },
   "rot_rec": {
    "mean": 10.4671,
    "median": 10.4155,
    "p10": 8.1578,
    "min": 3.8714,
    "max": 16.8681,
    "n": 26
   },
   "nonrigid_err": {
    "mean": 1.0231,
    "median": 0.989,
    "p10": 0.8133,
    "min": 0.7702,
    "max": 1.5176,
    "n": 26
   },
   "deform_sim": {
    "mean": 1.0029,
    "median": 1.0059,
    "p10": 0.7954,
    "min": 0.7015,
    "max": 1.2795,
    "n": 26
   },
   "deform_rec": {
    "mean": 1.2381,
    "median": 1.1318,
    "p10": 0.867,
    "min": 0.8,
    "max": 1.7579,
    "n": 26
   }
  },
  "free_err_vs_recon_mm": {
   "mean": 1.3636,
   "median": 1.3629,
   "p10": 0.9531,
   "min": 0.8753,
   "max": 2.3426,
   "n": 251
  },
  "free_motion_explained": 0.705,
  "volume_ml": {
   "rest": 28.58,
   "sim": [
    26.33,
    27.74
   ],
   "recon": [
    27.27,
    29.64
   ]
  },
  "inverted_tets_max": 198,
  "stretch_max": 1.53,
  "stretch_p95_max": 1.16,
  "track_px"
[scene4d] r23/render=0_probe_solref=0.01_gb_radius=0.001 done in 445 s
