{
 "gallbladder": {
  "version": "v10",
  "sim_iou": {
   "mean": 0.5991,
   "median": 0.616,
   "p10": 0.4491,
   "min": 0.177,
   "max": 0.7663,
   "n": 26
  },
  "sim_boundary_f": {
   "mean": 0.2333,
   "median": 0.221,
   "p10": 0.1774,
   "min": 0.147,
   "max": 0.3685,
   "n": 26
  },
  "sim_depth_mm": {
   "mean": 3.8932,
   "median": 3.3735,
   "p10": 2.3289,
   "min": 2.175,
   "max": 8.9358,
   "n": 26
  },
  "recon_iou": {
   "mean": 0.7843,
   "median": 0.7991,
   "p10": 0.7088,
   "min": 0.6901,
   "max": 0.8619,
   "n": 26
  },
  "static_iou": {
   "mean": 0.5496,
   "median": 0.6464,
   "p10": 0.3,
   "min": 0.1371,
   "max": 0.7477,
   "n": 26
  },
  "err_vs_recon_mm": {
   "mean": 1.9912,
   "median": 1.8375,
   "p10": 1.2814,
   "min": 0.8886,
   "max": 3.9656,
   "n": 251
  },
  "err_static_vs_recon_mm": {
   "mean": 3.4944,
   "median": 3.7004,
   "p10": 1.9908,
   "min": 1.5046,
   "max": 5.1163,
   "n": 251
  },
  "motion_explained": 0.43,
  "split": {
   "rigid_err": {
    "mean": 1.5491,
    "median": 1.3126,
    "p10": 0.8237,
    "min": 0.4287,
    "max": 3.4317,
    "n": 26
   },
   "rot_sim": {
    "mean": 8.1444,
    "median": 8.3702,
    "p10": 4.1674,
    "min": 1.9552,
    "max": 12.3234,
    "n": 26
   },
   "rot_rec": {
    "mean": 8.4459,
    "median": 8.438,
    "p10": 3.6233,
    "min": 2.0123,
    "max": 11.665,
    "n": 26
   },
   "nonrigid_err": {
    "mean": 1.9686,
    "median": 1.8762,
    "p10": 1.3763,
    "min": 1.1037,
    "max": 3.0289,
    "n": 26
   },
   "deform_sim": {
    "mean": 1.8338,
    "median": 1.6928,
    "p10": 1.177,
    "min": 0.8108,
    "max": 3.1712,
    "n": 26
   },
   "deform_rec": {
    "mean": 1.9964,
    "median": 1.9157,
    "p10": 1.4183,
    "min": 1.2975,
    "max": 3.0082,
    "n": 26
   }
  },
  "free_err_vs_recon_mm": {
   "mean": 2.5534,
   "median": 2.3532,
   "p10": 1.6426,
   "min": 1.1314,
   "max": 5.0981,
   "n": 251
  },
  "free_motion_explained": 0.351,
  "stretch_max": 2.3,
  "stretch_p95_max": 1.27,
  "track_px": 15.37,
  "track_px_static": 11.19,
  "track_motion": {
   "sim_px": 21.33,
   "static_px": 27.26,
   "change_pct": -21.7,
   "seeds": [
    0,
    50
   ]
  },
  "track_samples": 3776,
  "probe_push": {
   "frames": 228,
   "sim_mm": 6.29,
   "recon_mm": 4.95,
   "abs_err_mm": 2.81
  }
 },
 "membrane": {
  "version": "v05",
  "sim_iou": {
   "mean": 0.3582,
   "median": 0.4039,
   "p10": 0.0361,
   "min": 0.0,
   "max": 0.6944,
   "n": 26
  },
  "sim_boundary_f": {
   "mean": 0.1611,
   "median": 0.175,
   "p10": 0.0496,
   "min": 0.0,
   "max": 0.3106,
   "n": 26
  },
  "sim_depth_mm": {
   "mean": 4.817,
   "median": 4.4389,
   "p10": 1.5935,
   "min": 1.1923,
   "max": 12.6947,
   "n": 26
  },
  "recon_iou": {
   "mean": 0.8083,
   "median": 0.8131,
   "p10": 0.7001,
   "min": 0.6746,
   "max": 0.9127,
   "n": 26
  },
  "static_iou": {
   "mean": 0.4416,
   "median": 0.5193,
   "p10": 0.0154,
   "min": 0.0,
   "max": 0.867,
   "n": 26
  },
  "
[scene4d] r05/gb_young=300 done in 238 s
