{
 "gallbladder": {
  "version": "v10",
  "sim_iou": {
   "mean": 0.6177,
   "median": 0.6547,
   "p10": 0.457,
   "min": 0.2341,
   "max": 0.7435,
   "n": 26
  },
  "sim_boundary_f": {
   "mean": 0.219,
   "median": 0.216,
   "p10": 0.1384,
   "min": 0.1269,
   "max": 0.3541,
   "n": 26
  },
  "sim_depth_mm": {
   "mean": 3.9786,
   "median": 3.5377,
   "p10": 1.9506,
   "min": 1.826,
   "max": 7.9119,
   "n": 26
  },
  "recon_iou": {
   "mean": 0.7843,
   "median": 0.7991,
   "p10": 0.7088,
   "min": 0.6901,
   "max": 0.8619,
   "n": 26
  },
  "static_iou": {
   "mean": 0.5496,
   "median": 0.6464,
   "p10": 0.3,
   "min": 0.1371,
   "max": 0.7477,
   "n": 26
  },
  "flow_epe_px": {
   "mean": 11.5257,
   "median": 9.2691,
   "p10": 3.8227,
   "min": 2.6874,
   "max": 32.1361,
   "n": 50
  },
  "flow_epe_static_px": {
   "mean": 12.929,
   "median": 9.5159,
   "p10": 3.6951,
   "min": 1.8182,
   "max": 38.2971,
   "n": 50
  },
  "flow_explained": 0.109,
  "flow_epe_recon_px": {
   "mean": 12.9384,
   "median": 11.6795,
   "p10": 5.3412,
   "min": 3.0768,
   "max": 31.4939,
   "n": 50
  },
  "err_vs_recon_mm": {
   "mean": 1.7272,
   "median": 1.6126,
   "p10": 1.2449,
   "min": 1.0524,
   "max": 2.9059,
   "n": 251
  },
  "err_static_vs_recon_mm": {
   "mean": 3.4944,
   "median": 3.7004,
   "p10": 1.9908,
   "min": 1.5046,
   "max": 5.1163,
   "n": 251
  },
  "motion_explained": 0.506,
  "split": {
   "rigid_err": {
    "mean": 1.2623,
    "median": 1.1422,
    "p10": 0.6682,
    "min": 0.4009,
    "max": 2.0853,
    "n": 26
   },
   "rot_sim": {
    "mean": 8.5689,
    "median": 8.8918,
    "p10": 5.5761,
    "min": 2.4434,
    "max": 12.0405,
    "n": 26
   },
   "rot_rec": {
    "mean": 8.4459,
    "median": 8.438,
    "p10": 3.6233,
    "min": 2.0123,
    "max": 11.665,
    "n": 26
   },
   "nonrigid_err": {
    "mean": 1.6964,
    "median": 1.6875,
    "p10": 1.3103,
    "min": 1.1675,
    "max": 2.5283,
    "n": 26
   },
   "deform_sim": {
    "mean": 1.5193,
    "median": 1.3907,
    "p10": 1.0655,
    "min": 0.8762,
    "max": 2.3117,
    "n": 26
   },
   "deform_rec": {
    "mean": 1.9964,
    "median": 1.9157,
    "p10": 1.4183,
    "min": 1.2975,
    "max": 3.0082,
    "n": 26
   }
  },
  "free_err_vs_recon_mm": {
   "mean": 2.2087,
   "median": 2.0631,
   "p10": 1.591,
   "min": 1.3464,
   "max": 3.7269,
   "n": 251
  },
  "free_motion_explained": 0.439,
  "stretch_max": 1.6,
  "stretch_p95_max": 1.2,
  "track_px": 9.89,
  "track_px_static": 11.1,
  "track_motion": {
   "sim_px": 20.19,
   "static_px": 27.37,
   "change_pct": -26.2,
   "seeds": [
    0,
    50
   ]
  },
  "track_samples": 3735,
  "probe_push": {
   "frames": 228,
   "sim_mm": 5.68,
   "recon_mm": 4.95,
   "abs_err_mm": 2.08
  }
 },
 "membrane": {
  "version": "v06",
  "sim_iou": {
   "mean": 0.62,
   "median": 0.631,
   "p10": 0.4014,
   "min": 0.2902,
   "max": 0.8208,
   "n": 26
  },
  "sim_boundary_f": {
   "mean": 0.2788,
   "median": 0.2404,
   "p10": 0.1836,

[scene4d] r09/render=0_mem_k=60_mem_young=3000 done in 354 s
