{
 "gallbladder": {
  "version": "v10",
  "sim_iou": {
   "mean": 0.618,
   "median": 0.6528,
   "p10": 0.4574,
   "min": 0.2376,
   "max": 0.7441,
   "n": 26
  },
  "sim_boundary_f": {
   "mean": 0.2218,
   "median": 0.2161,
   "p10": 0.1459,
   "min": 0.1332,
   "max": 0.3441,
   "n": 26
  },
  "sim_depth_mm": {
   "mean": 3.9385,
   "median": 3.4563,
   "p10": 1.9825,
   "min": 1.8041,
   "max": 7.8544,
   "n": 26
  },
  "recon_iou": {
   "mean": 0.7843,
   "median": 0.7991,
   "p10": 0.7088,
   "min": 0.6901,
   "max": 0.8619,
   "n": 26
  },
  "static_iou": {
   "mean": 0.5496,
   "median": 0.6464,
   "p10": 0.3,
   "min": 0.1371,
   "max": 0.7477,
   "n": 26
  },
  "err_vs_recon_mm": {
   "mean": 1.7424,
   "median": 1.6317,
   "p10": 1.244,
   "min": 1.0765,
   "max": 2.9144,
   "n": 251
  },
  "err_static_vs_recon_mm": {
   "mean": 3.4944,
   "median": 3.7004,
   "p10": 1.9908,
   "min": 1.5046,
   "max": 5.1163,
   "n": 251
  },
  "motion_explained": 0.501,
  "split": {
   "rigid_err": {
    "mean": 1.287,
    "median": 1.1808,
    "p10": 0.6509,
    "min": 0.364,
    "max": 2.262,
    "n": 26
   },
   "rot_sim": {
    "mean": 8.639,
    "median": 8.8363,
    "p10": 5.857,
    "min": 2.4369,
    "max": 12.2604,
    "n": 26
   },
   "rot_rec": {
    "mean": 8.4459,
    "median": 8.438,
    "p10": 3.6233,
    "min": 2.0123,
    "max": 11.665,
    "n": 26
   },
   "nonrigid_err": {
    "mean": 1.7125,
    "median": 1.6894,
    "p10": 1.2747,
    "min": 1.1718,
    "max": 2.4889,
    "n": 26
   },
   "deform_sim": {
    "mean": 1.5524,
    "median": 1.4458,
    "p10": 1.0984,
    "min": 0.8828,
    "max": 2.4143,
    "n": 26
   },
   "deform_rec": {
    "mean": 1.9964,
    "median": 1.9157,
    "p10": 1.4183,
    "min": 1.2975,
    "max": 3.0082,
    "n": 26
   }
  },
  "free_err_vs_recon_mm": {
   "mean": 2.228,
   "median": 2.0918,
   "p10": 1.5905,
   "min": 1.3775,
   "max": 3.7378,
   "n": 251
  },
  "free_motion_explained": 0.434,
  "stretch_max": 2.05,
  "stretch_p95_max": 1.21,
  "track_px": 9.77,
  "track_px_static": 11.13,
  "track_motion": {
   "sim_px": 19.05,
   "static_px": 27.27,
   "change_pct": -30.1,
   "seeds": [
    0,
    50
   ]
  },
  "track_samples": 3733,
  "probe_push": {
   "frames": 228,
   "sim_mm": 5.72,
   "recon_mm": 4.95,
   "abs_err_mm": 2.12
  }
 },
 "membrane": {
  "version": "v06",
  "sim_iou": {
   "mean": 0.649,
   "median": 0.6793,
   "p10": 0.4258,
   "min": 0.2746,
   "max": 0.8199,
   "n": 26
  },
  "sim_boundary_f": {
   "mean": 0.327,
   "median": 0.293,
   "p10": 0.2099,
   "min": 0.1437,
   "max": 0.6111,
   "n": 26
  },
  "sim_depth_mm": {
   "mean": 2.9205,
   "median": 2.4044,
   "p10": 1.2447,
   "min": 0.5583,
   "max": 8.6841,
   "n": 26
  },
  "recon_iou": {
   "mean": 0.7804,
   "median": 0.8004,
   "p10": 0.6779,
   "min": 0.639,
   "max": 0.8991,
   "n": 26
  },
  "static_iou": {
   "mean": 0.4511,
   "median": 0.5195,
   "p10": 0.0454,
   "min": 0.0,
   "max": 0.8501,
   "n": 26
  },

[scene4d] r06/mem_contact=1_mem_base=recon done in 330 s
