{
 "gallbladder": {
  "version": "v10",
  "sim_iou": {
   "mean": 0.7842,
   "median": 0.7991,
   "p10": 0.7087,
   "min": 0.6901,
   "max": 0.8619,
   "n": 26
  },
  "sim_boundary_f": {
   "mean": 0.3252,
   "median": 0.3183,
   "p10": 0.2557,
   "min": 0.2444,
   "max": 0.4151,
   "n": 26
  },
  "sim_depth_mm": {
   "mean": 1.2954,
   "median": 1.056,
   "p10": 0.7759,
   "min": 0.4701,
   "max": 2.5111,
   "n": 26
  },
  "recon_iou": {
   "mean": 0.7843,
   "median": 0.7991,
   "p10": 0.7088,
   "min": 0.6901,
   "max": 0.8619,
   "n": 26
  },
  "static_iou": {
   "mean": 0.5496,
   "median": 0.6464,
   "p10": 0.3,
   "min": 0.1371,
   "max": 0.7477,
   "n": 26
  },
  "flow_epe_px": {
   "mean": 12.9386,
   "median": 11.6794,
   "p10": 5.3411,
   "min": 3.0768,
   "max": 31.4939,
   "n": 50
  },
  "flow_epe_static_px": {
   "mean": 12.9501,
   "median": 10.3265,
   "p10": 3.686,
   "min": 1.8254,
   "max": 38.6577,
   "n": 50
  },
  "flow_explained": 0.001,
  "flow_epe_recon_px": {
   "mean": 12.9384,
   "median": 11.6795,
   "p10": 5.3412,
   "min": 3.0768,
   "max": 31.4939,
   "n": 50
  },
  "err_vs_recon_mm": {
   "mean": 0.0471,
   "median": 0.0005,
   "p10": 0.0005,
   "min": 0.0005,
   "max": 0.4497,
   "n": 251
  },
  "err_static_vs_recon_mm": {
   "mean": 3.4944,
   "median": 3.7004,
   "p10": 1.9908,
   "min": 1.5046,
   "max": 5.1163,
   "n": 251
  },
  "motion_explained": 0.987,
  "split": {
   "rigid_err": {
    "mean": 0.0,
    "median": 0.0,
    "p10": 0.0,
    "min": 0.0,
    "max": 0.0001,
    "n": 26
   },
   "rot_sim": {
    "mean": 8.4459,
    "median": 8.438,
    "p10": 3.6233,
    "min": 2.0123,
    "max": 11.6649,
    "n": 26
   },
   "rot_rec": {
    "mean": 8.4459,
    "median": 8.438,
    "p10": 3.6233,
    "min": 2.0123,
    "max": 11.665,
    "n": 26
   },
   "nonrigid_err": {
    "mean": 0.0005,
    "median": 0.0005,
    "p10": 0.0005,
    "min": 0.0005,
    "max": 0.0005,
    "n": 26
   },
   "deform_sim": {
    "mean": 1.9964,
    "median": 1.9157,
    "p10": 1.4183,
    "min": 1.2975,
    "max": 3.0083,
    "n": 26
   },
   "deform_rec": {
    "mean": 1.9964,
    "median": 1.9157,
    "p10": 1.4183,
    "min": 1.2975,
    "max": 3.0082,
    "n": 26
   }
  },
  "free_err_vs_recon_mm": {
   "mean": 0.0547,
   "median": 0.0005,
   "p10": 0.0005,
   "min": 0.0005,
   "max": 0.5384,
   "n": 251
  },
  "free_motion_explained": 0.986,
  "stretch_max": 1.94,
  "stretch_p95_max": 1.16,
  "track_px": 12.37,
  "track_px_static": 11.36,
  "track_motion": {
   "sim_px": 19.45,
   "static_px": 23.0,
   "change_pct": -15.4,
   "seeds": [
    0,
    50,
    75
   ]
  },
  "track_samples": 3891,
  "probe_push": {
   "frames": 228,
   "sim_mm": 4.96,
   "recon_mm": 4.95,
   "abs_err_mm": 0.03
  }
 },
 "membrane": {
  "version": "v06",
  "sim_iou": {
   "mean": 0.7804,
   "median": 0.8004,
   "p10": 0.6779,
   "min": 0.639,
   "max": 0.8985,
   "n": 26
  },
  "sim_boundary_f": {
   "mean": 0.4698,
   "median": 0.4611,
   "p10": 0.
[scene4d] r08/mode=recon done in 114 s
