cameras: /Users/grandpa/phai/medical-agentic-sim/outputs/iter/tissues/backdrop/v08/cams_refined.npz
duct: observed in 250/251 frames, junction in 204
strands: observed in 251/251 frames, junction in 173
  rest duct it 0: loss 141.75 L 22.3 mm reproj 14.10 px
  rest duct it 599: loss 61.82 L 18.5 mm reproj 9.71 px
  4d duct it 0: loss 63.68 L 18.5+-0.0 mm reproj 9.57 px
  4d duct it 450: loss 24.90 L 18.5+-0.1 mm reproj 1.93 px
  4d duct it 899: loss 22.04 L 18.4+-0.1 mm reproj 1.54 px
  rest strands it 0: loss 84.98 L 14.8 mm reproj 7.26 px
  rest strands it 599: loss 49.45 L 13.3 mm reproj 6.21 px
  4d strands it 0: loss 69.71 L 13.3+-0.0 mm reproj 5.99 px
  4d strands it 450: loss 34.16 L 13.4+-0.2 mm reproj 1.52 px
  4d strands it 899: loss 33.36 L 13.4+-0.2 mm reproj 1.53 px
anchor: gallbladder v12 vertex 1381 (of 10 marked "ducts"), mean distance to the observed junction (frames >= 60) 3.5 mm
bridge mode: gallbladder v12 vertex 1381 (of 10 "ducts"), mean distance to the observed junction 4.1 mm, bridge over the first 20%
duct: IoU 0.7768 BF 0.821 depth 1.7212 mm static-rest IoU 0.5403 reproj 3.4453 px L 20.33 mm (std 2.32) r 1.86 mm
strands: IoU 0.6004 BF 0.5906 depth 1.5925 mm static-rest IoU 0.5293 reproj 3.1305 px L 18.06 mm (std 2.64) r 1.65 mm
overlap with gallbladder: duct hidden 0.0409 inside 0.0535 (max 0.4783); strands hidden 0.0192 inside 0.0162 (max 0.2632)
proximal -> gallbladder surface |d| median/max (mm): before duct 2.3651/9.3476 rest 4.67; before strands 3.7518/9.353 rest 4.69; after duct 0.1135/0.3198 rest 0.08; after strand_1 0.1135/0.3198 rest 0.08; after strand_2 0.1135/0.3198 rest 0.08; after strand_3 0.1135/0.3198 rest 0.08
cable test duct: {'ends': {'motion_explained': 0.141, 'err_mm': 2.119, 'static_err_mm': 2.467, 'length_ratio': [1.0, 1.252], 'driven': [0, 12]}, 'ends_mid': {'motion_explained': 0.55, 'err_mm': 1.11, 'static_err_mm': 2.467, 'length_ratio': [1.0, 1.362], 'driven': [0, 3, 12]}}
cable test strand_2: {'ends': {'motion_explained': 0.369, 'err_mm': 1.865, 'static_err_mm': 2.957, 'length_ratio': [1.0, 1.35], 'driven': [0, 12]}, 'ends_mid': {'motion_explained': 0.706, 'err_mm': 0.87, 'static_err_mm': 2.957, 'length_ratio': [1.001, 1.405], 'driven': [0, 5, 12]}}
end-motion test (motion explained): duct lin 0.485 chord 0.245 prox-only 0.305 +drive [(3, 0.803), (8, 0.926), (5, 0.952)]; strand_1 lin 0.69 chord 0.44 prox-only 0.383 +drive [(5, 0.917), (9, 0.948), (3, 0.97)]; strand_2 lin 0.688 chord 0.435 prox-only 0.381 +drive [(5, 0.918), (9, 0.95), (3, 0.973)]; strand_3 lin 0.686 chord 0.435 prox-only 0.376 +drive [(5, 0.918), (9, 0.951), (3, 0.974)]
length over time: duct 15.75-29.9 (rest 20.33, e2e [11.95, 25.37]); strand_1 14.36-25.92 (rest 18.39, e2e [13.75, 24.08]); strand_2 14.01-25.69 (rest 18.06, e2e [13.76, 24.37]); strand_3 13.97-25.87 (rest 18.04, e2e [13.8, 24.77])
width scale {'mean': 1.0575, 'median': 1.0523, 'p10': 0.889, 'min': 0.8459, 'max': 1.241, 'n': 251} / {'mean': 1.1116, 'median': 1.0807, 'p10': 0.9933, 'min': 0.75, 'max': 1.3953, 'n': 251}; clearance {'duct_to_fibres': {'mean': 0.1265, 'median': 0.1767, 'p10': -1.0285, 'min': -2.0889, 'max': 1.9552, 'n': 153}, 'fibre_to_fibre': {'mean': 0.0872, 'median': -0.0447, 'p10': -0.1722, 'min': -0.3562, 'max': 0.8158, 'n': 153}}; GB check None mm
union IoU 0.739  envelope IoU 0.601 strand->duct proximal 0.0 mm  tets {'n_verts': 312, 'n_faces': 576, 'watertight': True, 'components': 1, 'min_edge_mm': 0.414, 'degenerate_faces': 0, 'area_cm2': 2.26, 'volume_ml': 0.19, 'n_tets': 828, 'degenerate_tets': 0, 'inverted_tets': 0} inverted 4d 8  done in 308.0 s
