{
 "gallbladder": {
  "version": "v12",
  "sim_iou": {
   "mean": 0.6516,
   "median": 0.6745,
   "p10": 0.4968,
   "min": 0.2862,
   "max": 0.772,
   "n": 26
  },
  "sim_iou_bands": [
   0.5597,
   0.5808,
   0.7337
  ],
  "sim_iou_2d": {
   "mean": 0.6964,
   "median": 0.7056,
   "p10": 0.6565,
   "min": 0.5677,
   "max": 0.7497,
   "n": 26
  },
  "sim_boundary_f": {
   "mean": 0.2006,
   "median": 0.2093,
   "p10": 0.1324,
   "min": 0.1278,
   "max": 0.2859,
   "n": 26
  },
  "sim_depth_mm": {
   "mean": 2.8714,
   "median": 2.231,
   "p10": 1.7178,
   "min": 1.2128,
   "max": 6.2764,
   "n": 26
  },
  "recon_iou": {
   "mean": 0.7881,
   "median": 0.7962,
   "p10": 0.7356,
   "min": 0.6886,
   "max": 0.8512,
   "n": 26
  },
  "recon_iou_bands": [
   0.7678,
   0.7508,
   0.8161
  ],
  "recon_iou_2d": {
   "mean": 0.7712,
   "median": 0.7878,
   "p10": 0.7142,
   "min": 0.6699,
   "max": 0.8189,
   "n": 26
  },
  "static_iou": {
   "mean": 0.5355,
   "median": 0.6528,
   "p10": 0.2261,
   "min": 0.1002,
   "max": 0.7361,
   "n": 26
  },
  "flow_epe_px": {
   "mean": 10.9014,
   "median": 8.93,
   "p10": 4.2572,
   "min": 2.7325,
   "max": 27.7154,
   "n": 50
  },
  "flow_epe_static_px": {
   "mean": 12.2511,
   "median": 10.4137,
   "p10": 2.607,
   "min": 1.6896,
   "max": 35.5072,
   "n": 50
  },
  "flow_explained": 0.11,
  "flow_epe_recon_px": {
   "mean": 11.9841,
   "median": 11.0882,
   "p10": 4.2942,
   "min": 2.531,
   "max": 28.317,
   "n": 50
  },
  "err_vs_recon_mm": {
   "mean": 1.0391,
   "median": 1.0375,
   "p10": 0.6397,
   "min": 0.5482,
   "max": 1.8854,
   "n": 251
  },
  "err_static_vs_recon_mm": {
   "mean": 4.4254,
   "median": 4.4634,
   "p10": 2.3762,
   "min": 2.1399,
   "max": 7.0491,
   "n": 251
  },
  "motion_explained": 0.765,
  "split": {
   "rigid_err": {
    "mean": 0.7804,
    "median": 0.7877,
    "p10": 0.3631,
    "min": 0.2058,
    "max": 1.7176,
    "n": 26
   },
   "rot_sim": {
    "mean": 10.6975,
    "median": 10.1874,
    "p10": 8.0245,
    "min": 4.0345,
    "max": 16.2054,
    "n": 26
   },
   "rot_rec": {
    "mean": 10.4671,
    "median": 10.4155,
    "p10": 8.1578,
    "min": 3.8714,
    "max": 16.8681,
    "n": 26
   },
   "nonrigid_err": {
    "mean": 0.8901,
    "median": 0.8872,
    "p10": 0.6189,
    "min": 0.5508,
    "max": 1.3964,
    "n": 26
   },
   "deform_sim": {
    "mean": 0.8372,
    "median": 0.8159,
    "p10": 0.596,
    "min": 0.4931,
    "max": 1.2571,
    "n": 26
   },
   "deform_rec": {
    "mean": 1.2381,
    "median": 1.1318,
    "p10": 0.867,
    "min": 0.8,
    "max": 1.7579,
    "n": 26
   }
  },
  "free_err_vs_recon_mm": {
   "mean": 1.2113,
   "median": 1.2141,
   "p10": 0.735,
   "min": 0.6403,
   "max": 2.1956,
   "n": 251
  },
  "free_motion_explained": 0.738,
  "volume_ml": {
   "rest": 28.58,
   "sim": [
    27.27,
    28.34
   ],
   "recon": [
    27.27,
    29.64
   ]
  },
  "inverted_tets_max": 98,
  "stretch_max": 1.5,
  "stretch_p95_max": 1.15,
  "track_px": 1
[scene4d] r19/render=0_membrane=v08_mem_young=60 done in 571 s
