{
 "gallbladder": {
  "version": "v10",
  "sim_iou": {
   "mean": 0.5854,
   "median": 0.5889,
   "p10": 0.4438,
   "min": 0.1437,
   "max": 0.7686,
   "n": 26
  },
  "sim_boundary_f": {
   "mean": 0.2256,
   "median": 0.2199,
   "p10": 0.1595,
   "min": 0.1417,
   "max": 0.3447,
   "n": 26
  },
  "sim_depth_mm": {
   "mean": 3.9928,
   "median": 3.4407,
   "p10": 2.3793,
   "min": 2.1886,
   "max": 9.0487,
   "n": 26
  },
  "recon_iou": {
   "mean": 0.7843,
   "median": 0.7991,
   "p10": 0.7088,
   "min": 0.6901,
   "max": 0.8619,
   "n": 26
  },
  "static_iou": {
   "mean": 0.5496,
   "median": 0.6464,
   "p10": 0.3,
   "min": 0.1371,
   "max": 0.7477,
   "n": 26
  },
  "err_vs_recon_mm": {
   "mean": 2.2585,
   "median": 2.0671,
   "p10": 1.5759,
   "min": 1.0386,
   "max": 4.7226,
   "n": 251
  },
  "err_static_vs_recon_mm": {
   "mean": 3.4944,
   "median": 3.7004,
   "p10": 1.9908,
   "min": 1.5046,
   "max": 5.1163,
   "n": 251
  },
  "motion_explained": 0.354,
  "split": {
   "rigid_err": {
    "mean": 1.7863,
    "median": 1.5182,
    "p10": 1.0968,
    "min": 0.4025,
    "max": 4.0598,
    "n": 26
   },
   "rot_sim": {
    "mean": 8.1816,
    "median": 8.3708,
    "p10": 4.4574,
    "min": 2.5388,
    "max": 11.7474,
    "n": 26
   },
   "rot_rec": {
    "mean": 8.4459,
    "median": 8.438,
    "p10": 3.6233,
    "min": 2.0123,
    "max": 11.665,
    "n": 26
   },
   "nonrigid_err": {
    "mean": 2.0525,
    "median": 2.0621,
    "p10": 1.5294,
    "min": 1.1018,
    "max": 3.0483,
    "n": 26
   },
   "deform_sim": {
    "mean": 1.7985,
    "median": 1.7833,
    "p10": 1.157,
    "min": 0.6903,
    "max": 3.2074,
    "n": 26
   },
   "deform_rec": {
    "mean": 1.9964,
    "median": 1.9157,
    "p10": 1.4183,
    "min": 1.2975,
    "max": 3.0082,
    "n": 26
   }
  },
  "free_err_vs_recon_mm": {
   "mean": 2.8605,
   "median": 2.6242,
   "p10": 1.9947,
   "min": 1.3092,
   "max": 5.999,
   "n": 251
  },
  "free_motion_explained": 0.273,
  "stretch_max": 1.89,
  "stretch_p95_max": 1.26,
  "track_px": 17.17,
  "track_px_static": 11.21,
  "track_motion": {
   "sim_px": 20.36,
   "static_px": 27.09,
   "change_pct": -24.9,
   "seeds": [
    0,
    50
   ]
  },
  "track_samples": 3755,
  "probe_push": {
   "frames": 228,
   "sim_mm": 6.4,
   "recon_mm": 4.95,
   "abs_err_mm": 2.92
  }
 },
 "membrane": {
  "version": "v05",
  "sim_iou": {
   "mean": 0.3502,
   "median": 0.4052,
   "p10": 0.0238,
   "min": 0.0,
   "max": 0.7491,
   "n": 26
  },
  "sim_boundary_f": {
   "mean": 0.1686,
   "median": 0.1841,
   "p10": 0.0138,
   "min": 0.0,
   "max": 0.4404,
   "n": 26
  },
  "sim_depth_mm": {
   "mean": 4.9051,
   "median": 4.7035,
   "p10": 1.4827,
   "min": 1.1388,
   "max": 12.135,
   "n": 26
  },
  "recon_iou": {
   "mean": 0.8083,
   "median": 0.8131,
   "p10": 0.7001,
   "min": 0.6746,
   "max": 0.9127,
   "n": 26
  },
  "static_iou": {
   "mean": 0.4416,
   "median": 0.5193,
   "p10": 0.0154,
   "min": 0.0,
   "max": 0.867,
   "n": 26
  
[scene4d] r04/bed_drive=recon_k_drive=1_mem_k=20 done in 219 s
