{
 "gallbladder": {
  "version": "v10",
  "sim_iou": {
   "mean": 0.4799,
   "median": 0.5089,
   "p10": 0.2394,
   "min": 0.079,
   "max": 0.7002,
   "n": 26
  },
  "sim_boundary_f": {
   "mean": 0.156,
   "median": 0.1531,
   "p10": 0.0729,
   "min": 0.0623,
   "max": 0.3346,
   "n": 26
  },
  "sim_depth_mm": {
   "mean": 4.6806,
   "median": 4.13,
   "p10": 2.7371,
   "min": 1.9816,
   "max": 9.4738,
   "n": 26
  },
  "recon_iou": {
   "mean": 0.7843,
   "median": 0.7991,
   "p10": 0.7088,
   "min": 0.6901,
   "max": 0.8619,
   "n": 26
  },
  "static_iou": {
   "mean": 0.5496,
   "median": 0.6464,
   "p10": 0.3,
   "min": 0.1371,
   "max": 0.7477,
   "n": 26
  },
  "err_vs_recon_mm": {
   "mean": 4.5332,
   "median": 4.509,
   "p10": 3.2243,
   "min": 1.9511,
   "max": 7.1226,
   "n": 251
  },
  "err_static_vs_recon_mm": {
   "mean": 3.4944,
   "median": 3.7004,
   "p10": 1.9908,
   "min": 1.5046,
   "max": 5.1163,
   "n": 251
  },
  "motion_explained": -0.297,
  "split": {
   "rigid_err": {
    "mean": 3.9801,
    "median": 4.1418,
    "p10": 2.6969,
    "min": 1.4118,
    "max": 5.8908,
    "n": 26
   },
   "rot_sim": {
    "mean": 7.7315,
    "median": 7.7662,
    "p10": 4.1267,
    "min": 3.6958,
    "max": 13.6864,
    "n": 26
   },
   "rot_rec": {
    "mean": 8.4459,
    "median": 8.438,
    "p10": 3.6233,
    "min": 2.0123,
    "max": 11.665,
    "n": 26
   },
   "nonrigid_err": {
    "mean": 2.4073,
    "median": 2.3576,
    "p10": 1.937,
    "min": 1.4523,
    "max": 3.3572,
    "n": 26
   },
   "deform_sim": {
    "mean": 1.476,
    "median": 1.4085,
    "p10": 0.8372,
    "min": 0.5761,
    "max": 2.7364,
    "n": 26
   },
   "deform_rec": {
    "mean": 1.9964,
    "median": 1.9157,
    "p10": 1.4183,
    "min": 1.2975,
    "max": 3.0082,
    "n": 26
   }
  },
  "stretch_max": 1.78,
  "stretch_p95_max": 1.27,
  "track_px": 20.09,
  "track_px_static": 11.12,
  "track_motion": {
   "sim_px": 24.72,
   "static_px": 23.58,
   "change_pct": 4.8,
   "seeds": [
    0,
    25,
    50
   ]
  },
  "track_samples": 3628,
  "probe_push": {
   "frames": 228,
   "sim_mm": 6.53,
   "recon_mm": 4.95,
   "abs_err_mm": 3.07
  }
 },
 "membrane": {
  "version": "v05",
  "sim_iou": {
   "mean": 0.3185,
   "median": 0.3342,
   "p10": 0.0499,
   "min": 0.0,
   "max": 0.7216,
   "n": 26
  },
  "sim_boundary_f": {
   "mean": 0.1735,
   "median": 0.1684,
   "p10": 0.0565,
   "min": 0.0,
   "max": 0.4137,
   "n": 26
  },
  "sim_depth_mm": {
   "mean": 5.1141,
   "median": 4.0595,
   "p10": 2.0679,
   "min": 0.9458,
   "max": 13.8771,
   "n": 26
  },
  "recon_iou": {
   "mean": 0.8083,
   "median": 0.8131,
   "p10": 0.7001,
   "min": 0.6746,
   "max": 0.9127,
   "n": 26
  },
  "static_iou": {
   "mean": 0.4416,
   "median": 0.5193,
   "p10": 0.0154,
   "min": 0.0,
   "max": 0.867,
   "n": 26
  },
  "err_vs_recon_mm": {
   "mean": 8.4508,
   "median": 8.6595,
   "p10": 4.478,
   "min": 2.5159,
   "max": 16.7171,
   "n": 251
  },
  "err_static_vs_recon_mm": {
  
[scene4d] r03/gb_k_bed=0.05_mem_k=2 done in 228 s
