{
 "gallbladder": {
  "version": "v10",
  "sim_iou": {
   "mean": 0.6166,
   "median": 0.649,
   "p10": 0.4559,
   "min": 0.2988,
   "max": 0.7443,
   "n": 26
  },
  "sim_boundary_f": {
   "mean": 0.1927,
   "median": 0.1964,
   "p10": 0.1275,
   "min": 0.1102,
   "max": 0.291,
   "n": 26
  },
  "sim_depth_mm": {
   "mean": 4.0018,
   "median": 3.5034,
   "p10": 2.1225,
   "min": 1.8522,
   "max": 7.8317,
   "n": 26
  },
  "recon_iou": {
   "mean": 0.7843,
   "median": 0.7991,
   "p10": 0.7088,
   "min": 0.6901,
   "max": 0.8619,
   "n": 26
  },
  "static_iou": {
   "mean": 0.5496,
   "median": 0.6464,
   "p10": 0.3,
   "min": 0.1371,
   "max": 0.7477,
   "n": 26
  },
  "flow_epe_px": {
   "mean": 12.4543,
   "median": 8.8125,
   "p10": 4.8671,
   "min": 2.9805,
   "max": 40.4033,
   "n": 50
  },
  "flow_epe_static_px": {
   "mean": 12.9615,
   "median": 9.6458,
   "p10": 3.6826,
   "min": 1.7973,
   "max": 38.7608,
   "n": 50
  },
  "flow_explained": 0.039,
  "flow_epe_recon_px": {
   "mean": 12.9384,
   "median": 11.6795,
   "p10": 5.3412,
   "min": 3.0768,
   "max": 31.4939,
   "n": 50
  },
  "err_vs_recon_mm": {
   "mean": 1.6419,
   "median": 1.5445,
   "p10": 1.2017,
   "min": 0.9703,
   "max": 2.7298,
   "n": 251
  },
  "err_static_vs_recon_mm": {
   "mean": 3.4944,
   "median": 3.7004,
   "p10": 1.9908,
   "min": 1.5046,
   "max": 5.1163,
   "n": 251
  },
  "motion_explained": 0.53,
  "split": {
   "rigid_err": {
    "mean": 1.1734,
    "median": 1.1223,
    "p10": 0.5352,
    "min": 0.4064,
    "max": 2.4678,
    "n": 26
   },
   "rot_sim": {
    "mean": 8.5357,
    "median": 8.8169,
    "p10": 5.8814,
    "min": 3.2,
    "max": 11.7085,
    "n": 26
   },
   "rot_rec": {
    "mean": 8.4459,
    "median": 8.438,
    "p10": 3.6233,
    "min": 2.0123,
    "max": 11.665,
    "n": 26
   },
   "nonrigid_err": {
    "mean": 1.6278,
    "median": 1.657,
    "p10": 1.2889,
    "min": 1.0311,
    "max": 2.3482,
    "n": 26
   },
   "deform_sim": {
    "mean": 1.2944,
    "median": 1.2637,
    "p10": 0.9586,
    "min": 0.7955,
    "max": 2.2167,
    "n": 26
   },
   "deform_rec": {
    "mean": 1.9964,
    "median": 1.9157,
    "p10": 1.4183,
    "min": 1.2975,
    "max": 3.0082,
    "n": 26
   }
  },
  "free_err_vs_recon_mm": {
   "mean": 2.099,
   "median": 1.9757,
   "p10": 1.5352,
   "min": 1.2416,
   "max": 3.4959,
   "n": 251
  },
  "free_motion_explained": 0.467,
  "stretch_max": 1.67,
  "stretch_p95_max": 1.18,
  "track_px": 10.27,
  "track_px_static": 11.16,
  "track_motion": {
   "sim_px": 22.14,
   "static_px": 27.31,
   "change_pct": -18.9,
   "seeds": [
    0,
    50
   ]
  },
  "track_samples": 3731,
  "probe_push": {
   "frames": 228,
   "sim_mm": 4.38,
   "recon_mm": 4.95,
   "abs_err_mm": 1.38
  }
 },
 "membrane": {
  "version": "v06",
  "sim_iou": {
   "mean": 0.6558,
   "median": 0.6828,
   "p10": 0.4592,
   "min": 0.2746,
   "max": 0.8117,
   "n": 26
  },
  "sim_boundary_f": {
   "mean": 0.3249,
   "median": 0.2857,
   "p10": 0.2
[scene4d] r11/render=0_probe_depth_mm=6 done in 375 s
