{
 "gallbladder": {
  "version": "v10",
  "sim_iou": {
   "mean": 0.6302,
   "median": 0.6777,
   "p10": 0.4556,
   "min": 0.2723,
   "max": 0.7701,
   "n": 26
  },
  "sim_boundary_f": {
   "mean": 0.2223,
   "median": 0.2282,
   "p10": 0.1402,
   "min": 0.1306,
   "max": 0.3508,
   "n": 26
  },
  "sim_depth_mm": {
   "mean": 3.9284,
   "median": 3.0224,
   "p10": 2.4024,
   "min": 1.794,
   "max": 8.0089,
   "n": 26
  },
  "recon_iou": {
   "mean": 0.7843,
   "median": 0.7991,
   "p10": 0.7088,
   "min": 0.6901,
   "max": 0.8619,
   "n": 26
  },
  "static_iou": {
   "mean": 0.5496,
   "median": 0.6464,
   "p10": 0.3,
   "min": 0.1371,
   "max": 0.7477,
   "n": 26
  },
  "flow_epe_px": {
   "mean": 11.5608,
   "median": 9.8429,
   "p10": 3.8785,
   "min": 2.2483,
   "max": 33.9968,
   "n": 50
  },
  "flow_epe_static_px": {
   "mean": 12.9515,
   "median": 9.8313,
   "p10": 3.677,
   "min": 1.6138,
   "max": 38.4305,
   "n": 50
  },
  "flow_explained": 0.107,
  "flow_epe_recon_px": {
   "mean": 12.9384,
   "median": 11.6795,
   "p10": 5.3412,
   "min": 3.0768,
   "max": 31.4939,
   "n": 50
  },
  "err_vs_recon_mm": {
   "mean": 1.6188,
   "median": 1.5602,
   "p10": 1.1496,
   "min": 0.9721,
   "max": 2.7182,
   "n": 251
  },
  "err_static_vs_recon_mm": {
   "mean": 3.4944,
   "median": 3.7004,
   "p10": 1.9908,
   "min": 1.5046,
   "max": 5.1163,
   "n": 251
  },
  "motion_explained": 0.537,
  "split": {
   "rigid_err": {
    "mean": 1.1183,
    "median": 1.0153,
    "p10": 0.5949,
    "min": 0.4203,
    "max": 1.981,
    "n": 26
   },
   "rot_sim": {
    "mean": 8.1065,
    "median": 7.8024,
    "p10": 4.3523,
    "min": 1.7599,
    "max": 12.1048,
    "n": 26
   },
   "rot_rec": {
    "mean": 8.4459,
    "median": 8.438,
    "p10": 3.6233,
    "min": 2.0123,
    "max": 11.665,
    "n": 26
   },
   "nonrigid_err": {
    "mean": 1.5926,
    "median": 1.5817,
    "p10": 1.1685,
    "min": 1.0301,
    "max": 2.4563,
    "n": 26
   },
   "deform_sim": {
    "mean": 1.3191,
    "median": 1.3089,
    "p10": 0.8749,
    "min": 0.7472,
    "max": 2.0498,
    "n": 26
   },
   "deform_rec": {
    "mean": 1.9964,
    "median": 1.9157,
    "p10": 1.4183,
    "min": 1.2975,
    "max": 3.0082,
    "n": 26
   }
  },
  "free_err_vs_recon_mm": {
   "mean": 2.0693,
   "median": 1.9968,
   "p10": 1.4712,
   "min": 1.2376,
   "max": 3.4775,
   "n": 251
  },
  "free_motion_explained": 0.474,
  "inverted_tets_max": 454,
  "stretch_max": 1.97,
  "stretch_p95_max": 1.22,
  "track_px": 11.43,
  "track_px_static": 11.2,
  "track_motion": {
   "sim_px": 21.57,
   "static_px": 27.15,
   "change_pct": -20.6,
   "seeds": [
    0,
    50
   ]
  },
  "track_samples": 3746,
  "probe_push": {
   "frames": 228,
   "sim_mm": 5.13,
   "recon_mm": 4.95,
   "abs_err_mm": 1.66
  }
 },
 "membrane": {
  "version": "v06",
  "sim_iou": {
   "mean": 0.6481,
   "median": 0.6813,
   "p10": 0.4085,
   "min": 0.3018,
   "max": 0.8287,
   "n": 26
  },
  "sim_boundary_f": {
   "mean": 0.327,
   
[scene4d] r13/render=0_gb_poisson=0.45_gb_young=1200_solref=0.01 done in 696 s
