{
 "gallbladder": {
  "version": "v10",
  "sim_iou": {
   "mean": 0.5496,
   "median": 0.6464,
   "p10": 0.3,
   "min": 0.1371,
   "max": 0.7477,
   "n": 26
  },
  "sim_boundary_f": {
   "mean": 0.1634,
   "median": 0.1702,
   "p10": 0.1113,
   "min": 0.0361,
   "max": 0.2337,
   "n": 26
  },
  "sim_depth_mm": {
   "mean": 4.9173,
   "median": 4.1271,
   "p10": 3.0181,
   "min": 2.7868,
   "max": 8.9323,
   "n": 26
  },
  "recon_iou": {
   "mean": 0.7843,
   "median": 0.7991,
   "p10": 0.7088,
   "min": 0.6901,
   "max": 0.8619,
   "n": 26
  },
  "static_iou": {
   "mean": 0.5496,
   "median": 0.6464,
   "p10": 0.3,
   "min": 0.1371,
   "max": 0.7477,
   "n": 26
  },
  "flow_epe_px": {
   "mean": 13.1749,
   "median": 9.9676,
   "p10": 3.6388,
   "min": 1.4864,
   "max": 40.1926,
   "n": 50
  },
  "flow_epe_static_px": {
   "mean": 13.1749,
   "median": 9.9676,
   "p10": 3.6388,
   "min": 1.4864,
   "max": 40.1926,
   "n": 50
  },
  "flow_explained": 0.0,
  "flow_epe_recon_px": {
   "mean": 12.9384,
   "median": 11.6795,
   "p10": 5.3412,
   "min": 3.0768,
   "max": 31.4939,
   "n": 50
  },
  "err_vs_recon_mm": {
   "mean": 3.4944,
   "median": 3.7003,
   "p10": 1.9908,
   "min": 1.5046,
   "max": 5.1163,
   "n": 251
  },
  "err_static_vs_recon_mm": {
   "mean": 3.4944,
   "median": 3.7004,
   "p10": 1.9908,
   "min": 1.5046,
   "max": 5.1163,
   "n": 251
  },
  "motion_explained": 0.0,
  "split": {
   "rigid_err": {
    "mean": 3.077,
    "median": 3.313,
    "p10": 1.8798,
    "min": 1.2909,
    "max": 4.6768,
    "n": 26
   },
   "rot_sim": {
    "mean": 0.0052,
    "median": 0.0052,
    "p10": 0.0052,
    "min": 0.0052,
    "max": 0.0052,
    "n": 26
   },
   "rot_rec": {
    "mean": 8.4459,
    "median": 8.438,
    "p10": 3.6233,
    "min": 2.0123,
    "max": 11.665,
    "n": 26
   },
   "nonrigid_err": {
    "mean": 1.9964,
    "median": 1.9157,
    "p10": 1.4183,
    "min": 1.2975,
    "max": 3.0082,
    "n": 26
   },
   "deform_sim": {
    "mean": 0.0005,
    "median": 0.0005,
    "p10": 0.0005,
    "min": 0.0005,
    "max": 0.0005,
    "n": 26
   },
   "deform_rec": {
    "mean": 1.9964,
    "median": 1.9157,
    "p10": 1.4183,
    "min": 1.2975,
    "max": 3.0082,
    "n": 26
   }
  },
  "free_err_vs_recon_mm": {
   "mean": 3.9371,
   "median": 4.1893,
   "p10": 2.3265,
   "min": 1.7406,
   "max": 5.7065,
   "n": 251
  },
  "free_motion_explained": 0.0,
  "stretch_max": 1.0,
  "stretch_p95_max": 1.0,
  "track_px": 10.86,
  "track_px_static": 10.86,
  "track_motion": {
   "sim_px": 28.01,
   "static_px": 28.01,
   "change_pct": 0.0,
   "seeds": [
    0,
    50
   ]
  },
  "track_samples": 3670,
  "probe_push": {
   "frames": 228,
   "sim_mm": 0.0,
   "recon_mm": 4.95,
   "abs_err_mm": 4.95
  }
 },
 "membrane": {
  "version": "v06",
  "sim_iou": {
   "mean": 0.4511,
   "median": 0.5195,
   "p10": 0.0454,
   "min": 0.0,
   "max": 0.8501,
   "n": 26
  },
  "sim_boundary_f": {
   "mean": 0.2327,
   "median": 0.2226,
   "p10": 0.0565,
   "min
[scene4d] r08/mode=static done in 112 s
