WARNING: Nan, Inf or huge value in QACC at DOF 546. The simulation is unstable. Time = 0.0025.

[scene4d] unstable at control step 1; retrying with time step 0.0625 ms
{
 "gallbladder": {
  "version": "v10",
  "sim_iou": {
   "mean": 0.6045,
   "median": 0.6248,
   "p10": 0.4648,
   "min": 0.1855,
   "max": 0.7818,
   "n": 26
  },
  "sim_boundary_f": {
   "mean": 0.2319,
   "median": 0.23,
   "p10": 0.1559,
   "min": 0.136,
   "max": 0.3516,
   "n": 26
  },
  "sim_depth_mm": {
   "mean": 3.8343,
   "median": 3.2544,
   "p10": 2.2974,
   "min": 2.2681,
   "max": 8.3179,
   "n": 26
  },
  "recon_iou": {
   "mean": 0.7843,
   "median": 0.7991,
   "p10": 0.7088,
   "min": 0.6901,
   "max": 0.8619,
   "n": 26
  },
  "static_iou": {
   "mean": 0.5496,
   "median": 0.6464,
   "p10": 0.3,
   "min": 0.1371,
   "max": 0.7477,
   "n": 26
  },
  "err_vs_recon_mm": {
   "mean": 1.8995,
   "median": 1.7199,
   "p10": 1.23,
   "min": 0.9168,
   "max": 3.5356,
   "n": 251
  },
  "err_static_vs_recon_mm": {
   "mean": 3.4944,
   "median": 3.7004,
   "p10": 1.9908,
   "min": 1.5046,
   "max": 5.1163,
   "n": 251
  },
  "motion_explained": 0.456,
  "split": {
   "rigid_err": {
    "mean": 1.4359,
    "median": 1.2727,
    "p10": 0.8588,
    "min": 0.2706,
    "max": 3.0744,
    "n": 26
   },
   "rot_sim": {
    "mean": 8.1996,
    "median": 8.4795,
    "p10": 5.5126,
    "min": 2.4055,
    "max": 12.184,
    "n": 26
   },
   "rot_rec": {
    "mean": 8.4459,
    "median": 8.438,
    "p10": 3.6233,
    "min": 2.0123,
    "max": 11.665,
    "n": 26
   },
   "nonrigid_err": {
    "mean": 1.8664,
    "median": 1.8091,
    "p10": 1.3331,
    "min": 1.1623,
    "max": 2.984,
    "n": 26
   },
   "deform_sim": {
    "mean": 1.8264,
    "median": 1.8104,
    "p10": 1.1637,
    "min": 0.9406,
    "max": 3.129,
    "n": 26
   },
   "deform_rec": {
    "mean": 1.9964,
    "median": 1.9157,
    "p10": 1.4183,
    "min": 1.2975,
    "max": 3.0082,
    "n": 26
   }
  },
  "free_err_vs_recon_mm": {
   "mean": 2.4336,
   "median": 2.204,
   "p10": 1.5786,
   "min": 1.1722,
   "max": 4.5412,
   "n": 251
  },
  "free_motion_explained": 0.382,
  "stretch_max": 2.02,
  "stretch_p95_max": 1.23,
  "track_px": 12.41,
  "track_px_static": 11.24,
  "track_motion": {
   "sim_px": 19.98,
   "static_px": 26.88,
   "change_pct": -25.7,
   "seeds": [
    0,
    50
   ]
  },
  "track_samples": 3739,
  "probe_push": {
   "frames": 228,
   "sim_mm": 6.26,
   "recon_mm": 4.95,
   "abs_err_mm": 2.77
  }
 },
 "membrane": {
  "version": "v05",
  "sim_iou": {
   "mean": 0.3556,
   "median": 0.4244,
   "p10": 0.0289,
   "min": 0.0,
   "max": 0.6243,
   "n": 26
  },
  "sim_boundary_f": {
   "mean": 0.1754,
   "median": 0.1839,
   "p10": 0.0877,
   "min": 0.0,
   "max": 0.2926,
   "n": 26
  },
  "sim_depth_mm": {
   "mean": 4.9077,
   "median": 4.0905,
   "p10": 1.8281,
   "min": 1.1533,
   "max": 14.5748,
   "n": 26
  },
  "recon_iou": {
   "mean": 0.8083,
   "median": 0.8131,
   "p10": 0.7001,
   "min": 0.6746,
   "max": 0.9127,
   "n": 26
  },
  "static_iou": {
   "mean": 0.4416,
   "median": 0.5193,
   "p10": 0.0154,
   "min": 0.0,
   "max": 0.867,
   "n": 26
  },
  
[scene4d] r05/gb_young=600 done in 358 s
