{
 "gallbladder": {
  "version": "v10",
  "sim_iou": {
   "mean": 0.6003,
   "median": 0.6334,
   "p10": 0.443,
   "min": 0.2005,
   "max": 0.7861,
   "n": 26
  },
  "sim_boundary_f": {
   "mean": 0.2238,
   "median": 0.2295,
   "p10": 0.1358,
   "min": 0.0553,
   "max": 0.3386,
   "n": 26
  },
  "sim_depth_mm": {
   "mean": 3.8785,
   "median": 3.295,
   "p10": 2.2982,
   "min": 2.1442,
   "max": 8.1371,
   "n": 26
  },
  "recon_iou": {
   "mean": 0.7843,
   "median": 0.7991,
   "p10": 0.7088,
   "min": 0.6901,
   "max": 0.8619,
   "n": 26
  },
  "static_iou": {
   "mean": 0.5496,
   "median": 0.6464,
   "p10": 0.3,
   "min": 0.1371,
   "max": 0.7477,
   "n": 26
  },
  "err_vs_recon_mm": {
   "mean": 1.8639,
   "median": 1.8688,
   "p10": 1.2335,
   "min": 1.0332,
   "max": 2.9772,
   "n": 251
  },
  "err_static_vs_recon_mm": {
   "mean": 3.4944,
   "median": 3.7004,
   "p10": 1.9908,
   "min": 1.5046,
   "max": 5.1163,
   "n": 251
  },
  "motion_explained": 0.467,
  "split": {
   "rigid_err": {
    "mean": 1.3335,
    "median": 1.1739,
    "p10": 0.766,
    "min": 0.5682,
    "max": 2.3191,
    "n": 26
   },
   "rot_sim": {
    "mean": 8.0977,
    "median": 8.417,
    "p10": 5.1509,
    "min": 1.6783,
    "max": 12.5658,
    "n": 26
   },
   "rot_rec": {
    "mean": 8.4459,
    "median": 8.438,
    "p10": 3.6233,
    "min": 2.0123,
    "max": 11.665,
    "n": 26
   },
   "nonrigid_err": {
    "mean": 1.9022,
    "median": 1.9755,
    "p10": 1.4376,
    "min": 1.293,
    "max": 2.4987,
    "n": 26
   },
   "deform_sim": {
    "mean": 1.8476,
    "median": 1.8798,
    "p10": 1.201,
    "min": 0.9581,
    "max": 2.6446,
    "n": 26
   },
   "deform_rec": {
    "mean": 1.9964,
    "median": 1.9157,
    "p10": 1.4183,
    "min": 1.2975,
    "max": 3.0082,
    "n": 26
   }
  },
  "free_err_vs_recon_mm": {
   "mean": 2.384,
   "median": 2.3903,
   "p10": 1.5732,
   "min": 1.3207,
   "max": 3.811,
   "n": 251
  },
  "free_motion_explained": 0.394,
  "stretch_max": 1.9,
  "stretch_p95_max": 1.23,
  "track_px": 11.44,
  "track_px_static": 11.09,
  "track_motion": {
   "sim_px": 17.88,
   "static_px": 27.06,
   "change_pct": -33.9,
   "seeds": [
    0,
    50
   ]
  },
  "track_samples": 3715,
  "probe_push": {
   "frames": 228,
   "sim_mm": 5.88,
   "recon_mm": 4.95,
   "abs_err_mm": 2.35
  }
 },
 "membrane": {
  "version": "v06",
  "sim_iou": {
   "mean": 0.4302,
   "median": 0.4839,
   "p10": 0.1446,
   "min": 0.0006,
   "max": 0.6649,
   "n": 26
  },
  "sim_boundary_f": {
   "mean": 0.1537,
   "median": 0.1524,
   "p10": 0.0737,
   "min": 0.0541,
   "max": 0.2814,
   "n": 26
  },
  "sim_depth_mm": {
   "mean": 4.123,
   "median": 3.5229,
   "p10": 1.5328,
   "min": 1.1854,
   "max": 10.9161,
   "n": 26
  },
  "recon_iou": {
   "mean": 0.7804,
   "median": 0.8004,
   "p10": 0.6779,
   "min": 0.639,
   "max": 0.8991,
   "n": 26
  },
  "static_iou": {
   "mean": 0.4511,
   "median": 0.5195,
   "p10": 0.0454,
   "min": 0.0,
   "max": 0.8501,
   "n": 26
  
[scene4d] r06/mem_contact=0_mem_base=glue done in 310 s
