{
 "gallbladder": {
  "version": "v12",
  "sim_iou": {
   "mean": 0.6536,
   "median": 0.682,
   "p10": 0.4842,
   "min": 0.2837,
   "max": 0.77,
   "n": 26
  },
  "sim_iou_bands": [
   0.5609,
   0.5923,
   0.7317
  ],
  "sim_boundary_f": {
   "mean": 0.1986,
   "median": 0.2054,
   "p10": 0.1361,
   "min": 0.0933,
   "max": 0.3284,
   "n": 26
  },
  "sim_depth_mm": {
   "mean": 2.9539,
   "median": 2.2991,
   "p10": 1.6966,
   "min": 1.4392,
   "max": 6.426,
   "n": 26
  },
  "recon_iou": {
   "mean": 0.7881,
   "median": 0.7962,
   "p10": 0.7356,
   "min": 0.6886,
   "max": 0.8512,
   "n": 26
  },
  "recon_iou_bands": [
   0.7678,
   0.7508,
   0.8161
  ],
  "static_iou": {
   "mean": 0.5355,
   "median": 0.6528,
   "p10": 0.2261,
   "min": 0.1002,
   "max": 0.7361,
   "n": 26
  },
  "flow_epe_px": {
   "mean": 11.3365,
   "median": 9.6765,
   "p10": 4.0296,
   "min": 2.9947,
   "max": 24.3139,
   "n": 50
  },
  "flow_epe_static_px": {
   "mean": 12.2876,
   "median": 10.5065,
   "p10": 2.6065,
   "min": 1.6921,
   "max": 35.4161,
   "n": 50
  },
  "flow_explained": 0.077,
  "flow_epe_recon_px": {
   "mean": 11.9841,
   "median": 11.0882,
   "p10": 4.2942,
   "min": 2.531,
   "max": 28.317,
   "n": 50
  },
  "err_vs_recon_mm": {
   "mean": 1.0656,
   "median": 1.036,
   "p10": 0.693,
   "min": 0.5573,
   "max": 1.931,
   "n": 251
  },
  "err_static_vs_recon_mm": {
   "mean": 4.4254,
   "median": 4.4634,
   "p10": 2.3762,
   "min": 2.1399,
   "max": 7.0491,
   "n": 251
  },
  "motion_explained": 0.759,
  "split": {
   "rigid_err": {
    "mean": 0.8022,
    "median": 0.7428,
    "p10": 0.3118,
    "min": 0.1984,
    "max": 1.7694,
    "n": 26
   },
   "rot_sim": {
    "mean": 10.8609,
    "median": 10.2635,
    "p10": 7.8818,
    "min": 4.6214,
    "max": 16.6259,
    "n": 26
   },
   "rot_rec": {
    "mean": 10.4671,
    "median": 10.4155,
    "p10": 8.1578,
    "min": 3.8714,
    "max": 16.8681,
    "n": 26
   },
   "nonrigid_err": {
    "mean": 0.9236,
    "median": 0.9166,
    "p10": 0.6548,
    "min": 0.5798,
    "max": 1.4292,
    "n": 26
   },
   "deform_sim": {
    "mean": 0.8658,
    "median": 0.8655,
    "p10": 0.6342,
    "min": 0.5311,
    "max": 1.2895,
    "n": 26
   },
   "deform_rec": {
    "mean": 1.2381,
    "median": 1.1318,
    "p10": 0.867,
    "min": 0.8,
    "max": 1.7579,
    "n": 26
   }
  },
  "free_err_vs_recon_mm": {
   "mean": 1.2426,
   "median": 1.2112,
   "p10": 0.8092,
   "min": 0.6534,
   "max": 2.2498,
   "n": 251
  },
  "free_motion_explained": 0.731,
  "inverted_tets_max": 156,
  "stretch_max": 1.57,
  "stretch_p95_max": 1.15,
  "track_px": 12.6,
  "track_px_static": 9.3,
  "track_motion": {
   "sim_px": 17.04,
   "static_px": 27.67,
   "change_pct": -38.4,
   "seeds": [
    0,
    50
   ]
  },
  "track_samples": 3620,
  "probe_push": {
   "frames": 228,
   "sim_mm": 6.02,
   "recon_mm": 6.47,
   "abs_err_mm": 0.82
  }
 },
 "membrane": {
  "version": "v07",
  "sim_iou": {
   "mean": 0.6587,
   "median": 0.697
[scene4d] r16/render=0_gallbladder=v12_mem_young=60 done in 529 s
