{
 "gallbladder": {
  "version": "v12",
  "sim_iou": {
   "mean": 0.6528,
   "median": 0.6878,
   "p10": 0.4935,
   "min": 0.2873,
   "max": 0.7685,
   "n": 26
  },
  "sim_iou_bands": [
   0.562,
   0.5857,
   0.7326
  ],
  "sim_iou_2d": {
   "mean": 0.699,
   "median": 0.7111,
   "p10": 0.6589,
   "min": 0.573,
   "max": 0.7554,
   "n": 26
  },
  "sim_boundary_f": {
   "mean": 0.2021,
   "median": 0.2096,
   "p10": 0.1208,
   "min": 0.1129,
   "max": 0.2942,
   "n": 26
  },
  "sim_depth_mm": {
   "mean": 2.8499,
   "median": 2.2118,
   "p10": 1.6506,
   "min": 1.2687,
   "max": 6.2889,
   "n": 26
  },
  "recon_iou": {
   "mean": 0.7881,
   "median": 0.7962,
   "p10": 0.7356,
   "min": 0.6886,
   "max": 0.8512,
   "n": 26
  },
  "recon_iou_bands": [
   0.7678,
   0.7508,
   0.8161
  ],
  "recon_iou_2d": {
   "mean": 0.7712,
   "median": 0.7878,
   "p10": 0.7142,
   "min": 0.6699,
   "max": 0.8189,
   "n": 26
  },
  "static_iou": {
   "mean": 0.5355,
   "median": 0.6528,
   "p10": 0.2261,
   "min": 0.1002,
   "max": 0.7361,
   "n": 26
  },
  "flow_epe_px": {
   "mean": 11.0316,
   "median": 8.9859,
   "p10": 4.1933,
   "min": 2.7475,
   "max": 27.4652,
   "n": 50
  },
  "flow_epe_static_px": {
   "mean": 12.2361,
   "median": 10.4192,
   "p10": 2.6043,
   "min": 1.7098,
   "max": 35.4365,
   "n": 50
  },
  "flow_explained": 0.098,
  "flow_epe_recon_px": {
   "mean": 11.9841,
   "median": 11.0882,
   "p10": 4.2942,
   "min": 2.531,
   "max": 28.317,
   "n": 50
  },
  "err_vs_recon_mm": {
   "mean": 1.0231,
   "median": 1.0283,
   "p10": 0.6501,
   "min": 0.5525,
   "max": 1.8952,
   "n": 251
  },
  "err_static_vs_recon_mm": {
   "mean": 4.4254,
   "median": 4.4634,
   "p10": 2.3762,
   "min": 2.1399,
   "max": 7.0491,
   "n": 251
  },
  "motion_explained": 0.769,
  "split": {
   "rigid_err": {
    "mean": 0.7666,
    "median": 0.7956,
    "p10": 0.3142,
    "min": 0.2152,
    "max": 1.5868,
    "n": 26
   },
   "rot_sim": {
    "mean": 10.6239,
    "median": 10.0676,
    "p10": 8.1393,
    "min": 4.36,
    "max": 16.2239,
    "n": 26
   },
   "rot_rec": {
    "mean": 10.4671,
    "median": 10.4155,
    "p10": 8.1578,
    "min": 3.8714,
    "max": 16.8681,
    "n": 26
   },
   "nonrigid_err": {
    "mean": 0.8727,
    "median": 0.8882,
    "p10": 0.6095,
    "min": 0.5537,
    "max": 1.4001,
    "n": 26
   },
   "deform_sim": {
    "mean": 0.8493,
    "median": 0.854,
    "p10": 0.6161,
    "min": 0.475,
    "max": 1.2235,
    "n": 26
   },
   "deform_rec": {
    "mean": 1.2381,
    "median": 1.1318,
    "p10": 0.867,
    "min": 0.8,
    "max": 1.7579,
    "n": 26
   }
  },
  "free_err_vs_recon_mm": {
   "mean": 1.1924,
   "median": 1.2004,
   "p10": 0.755,
   "min": 0.6455,
   "max": 2.2183,
   "n": 251
  },
  "free_motion_explained": 0.742,
  "volume_ml": {
   "rest": 28.58,
   "sim": [
    27.26,
    28.29
   ],
   "recon": [
    27.27,
    29.64
   ]
  },
  "inverted_tets_max": 108,
  "stretch_max": 1.57,
  "stretch_p95_max": 1.15,
  "track_px":
[scene4d] r30/render=0_mem_rest=edges done in 390 s
