[v13] config {"apex_px": 90, "rest_keys": [0, 10, 20, 30, 40, 50, 60, 70, 80, 90, 100, 110, 120, 130, 140, 150, 160, 170, 180, 190, 200, 210, 220, 230, 240, 250], "rest_iters": 120, "rest_ffd_iters": 200, "ffd_smooth": 10.0, "ffd_size": 2.0, "scale_prior": 0.02, "scale_bounds": [[1.0, 0.85, 0.85], [1.7, 1.7, 1.7]], "w_sil": 2.0, "w_cov": 1.0, "w_depth": 1.5, "hidden_mm": 8.0, "surf_faces": 500, "cells": 16, "start_frame": 120, "iters_first": 300, "iters": 130, "lr": 0.08, "w_arap": 15.0, "w_vol": 20.0, "w_temp": 0.3, "smooth_sigma": 1.0, "arap_uniform": true, "w_barrier": 0.5, "w_anchor": 0.02, "anchor_cos": 0.35, "early_weight": 0.3, "tet_snap": "project", "w_neck": 1.0, "w_neck4d": 0.5, "depth_erode": 3, "n_pts4d": 1500, "barrier_sum": true, "tetgen_q": [15, 1.6], "sliver_weight": 1e-09, "n_surf4d": 7000, "n_cov4d": 1800, "tet_mode": "bcc", "rest_from": "v12", "cams": "outputs/iter/tissues/backdrop/v08/cams_refined.npz", "membrane": "outputs/iter/tissues/membrane/v07/model.npz", "w_sheet": 3.0, "sheet_margin": 0.3, "duct_masks": "outputs/iter/tissues/ducts/v10/masks.npz", "neck_target": "outputs/iter/tissues/ducts/v10/model.npz", "neck_cap_mm": 2.0, "neck_nodes_mm": 3.0, "bcc_nodes": 1330, "band_ref": "v11", "mujoco_check": false}
[masks] body area per keyframe [38546, 26361, 31972, 28124, 35374, 33973, 35735, 26948, 27056, 35728, 38866, 45823, 40222, 52023, 49963, 55573, 51684, 53783, 51938, 53482, 57255, 55450, 53147, 52274, 53386, 50639] (2 s)
[masks] body/duct junction found in 251 frames
[rest] rest shape and tets from v12
[tets] quality vol/maxedge^3: median 0.078, < 0.01: 0.0 %, min 0.00595
[tets] 1383 nodes, 6186 tets, 1222 surface faces, degenerate False
[rest] {'neck_tip': [0.002859999891370535, 0.057110000401735306, 0.0456399992108345], 'scale': [0.9909999966621399, 1.2070000171661377, 1.7009999752044678], 'rotvec': [1.360200047492981, -0.4603999853134155, 0.885200023651123], 't_mm': [-27.65999984741211, 54.560001373291016, 27.739999771118164], 'lattice_max_offset_mm': 8.06, 'fit_parts_mm': {'outside': 0.68, 'coverage': 0.379, 'depth': 3.818}, 'template_extent_cm': [6.08, 3.41, 2.07], 'rest_extent_cm': [5.22, 4.07, 3.3], 'template_volume_ml': 15.39, 'rest_volume_ml': 28.58, 'rest_vs_scaled_template_mm': {'mean': 1.71, 'max': 6.71}, 'rest_from': 'v12'}
[sheet] membrane depth rasterised in 3 s
[4d] frame 125: out 0.028 cov 0.051 depth 0.359 arap 0.0442 vol 0.0054 sheet viol frac 0.001 max 0.11 mm (24 s)
[4d] frame 150: out 0.011 cov 0.083 depth 0.470 arap 0.0540 vol 0.0056 sheet viol frac 0.002 max 0.07 mm (106 s)
[4d] frame 175: out 0.001 cov 0.066 depth 0.431 arap 0.0459 vol 0.0097 sheet viol frac 0.009 max 0.59 mm (190 s)
[4d] frame 200: out 0.006 cov 0.080 depth 0.894 arap 0.0641 vol 0.0082 sheet viol frac 0.000 max 0.00 mm (276 s)
[4d] frame 225: out 0.007 cov 0.035 depth 0.398 arap 0.0426 vol 0.0040 sheet viol frac 0.000 max 0.00 mm (361 s)
[4d] frame 250: out 0.010 cov 0.024 depth 0.328 arap 0.0368 vol 0.0051 sheet viol frac 0.000 max 0.00 mm (435 s)
[4d] frame 100: out 0.047 cov 0.040 depth 0.596 arap 0.1090 vol 0.0130 sheet viol frac 0.002 max 0.10 mm (494 s)
[4d] frame 75: out 0.362 cov 0.003 depth 0.258 arap 0.0850 vol 0.0136 sheet viol frac 0.010 max 1.44 mm (568 s)
[4d] frame 50: out 0.188 cov 0.011 depth 0.401 arap 0.0632 vol 0.0081 sheet viol frac 0.000 max 0.00 mm (641 s)
[4d] frame 25: out 0.019 cov 0.013 depth 0.432 arap 0.0635 vol 0.0063 sheet viol frac 0.002 max 1.33 mm (707 s)
[4d] frame 0: out 0.005 cov 0.024 depth 0.622 arap 0.1042 vol 0.0084 sheet viol frac 0.002 max 0.80 mm (769 s)
[quality] shared_mask: IoU 0.8208 BF 0.3418 depth 0.8026 mm
[quality] body_neck_mask: IoU 0.8694 BF 0.3896 depth 0.7425 mm
[quality] temporal {'max_vertex_speed_mm_per_frame': 4.943, 'p99_vertex_speed_mm_per_frame': 1.167, 'mean_vertex_speed_mm_per_frame': 0.281, 'max_vertex_accel_mm_per_frame2': 2.614, 'centroid_path_mm': 49.91, 'centroid_range_mm': [5.039999961853027, 6.78000020980835, 5.920000076293945]}  volume {'rest_ml': 28.58, 'ratio_min': 0.9461, 'ratio_max': 1.0412}  deformation {'min_tet_det': 0.2369, 'inverted_tet_frames': 0, 'max_inverted_tets': 0, 'sampled_frames': 51, 'max_inverted_wellshaped_tets': 0, 'slivers_rest': 1, 'max_principal_stretch': 2.5578, 'edge_stretch_max': 3.2774, 'edge_stretch_p95_max': 1.2479}
[bands] clip cams, v11: 0-61: IoU 0.743/0.809 BF 0.287/0.307 depth 1.47 mm sheet-front 0.001 duct-covered 0.231 | 62-129: IoU 0.792/0.825 BF 0.314/0.351 depth 1.10 mm sheet-front 0.000 duct-covered 0.230 | 130-250: IoU 0.800/0.858 BF 0.323/0.372 depth 1.09 mm sheet-front 0.000 duct-covered 0.156
[bands] clip cams, v13: 0-61: IoU 0.789/0.845 BF 0.324/0.344 depth 0.97 mm sheet-front 0.003 duct-covered 0.013 | 62-129: IoU 0.824/0.848 BF 0.362/0.388 depth 0.76 mm sheet-front 0.002 duct-covered 0.019 | 130-250: IoU 0.819/0.885 BF 0.286/0.347 depth 0.83 mm sheet-front 0.000 duct-covered 0.003
[bands] refined cams, v11: 0-61: IoU 0.750/0.816 BF 0.296/0.319 depth 1.43 mm sheet-front 0.001 duct-covered 0.218 | 62-129: IoU 0.794/0.826 BF 0.327/0.363 depth 1.06 mm sheet-front 0.000 duct-covered 0.228 | 130-250: IoU 0.801/0.859 BF 0.328/0.378 depth 1.11 mm sheet-front 0.000 duct-covered 0.163
[bands] refined cams, v13: 0-61: IoU 0.799/0.855 BF 0.342/0.367 depth 0.87 mm sheet-front 0.003 duct-covered 0.009 | 62-129: IoU 0.825/0.848 BF 0.358/0.376 depth 0.70 mm sheet-front 0.002 duct-covered 0.018 | 130-250: IoU 0.822/0.888 BF 0.297/0.363 depth 0.85 mm sheet-front 0.000 duct-covered 0.002
[neck] v11: 0-61: tip-junction depth -12.6 mm, 3D 13.0 mm, 23 px | 62-129: tip-junction depth -9.4 mm, 3D 11.0 mm, 25 px | 130-250: tip-junction depth -5.1 mm, 3D 5.9 mm, 18 px
[neck] v13: 0-61: tip-junction depth -2.1 mm, 3D 4.9 mm, 20 px | 62-129: tip-junction depth -2.8 mm, 3D 5.6 mm, 21 px | 130-250: tip-junction depth -1.9 mm, 3D 4.0 mm, 19 px
[v13] done in 906 s
