{
 "gallbladder": {
  "version": "v10",
  "sim_iou": {
   "mean": 0.6172,
   "median": 0.6477,
   "p10": 0.4655,
   "min": 0.2222,
   "max": 0.7315,
   "n": 26
  },
  "sim_boundary_f": {
   "mean": 0.2151,
   "median": 0.2118,
   "p10": 0.1448,
   "min": 0.1125,
   "max": 0.305,
   "n": 26
  },
  "sim_depth_mm": {
   "mean": 3.9706,
   "median": 3.2875,
   "p10": 2.1189,
   "min": 1.8593,
   "max": 8.2002,
   "n": 26
  },
  "recon_iou": {
   "mean": 0.7843,
   "median": 0.7991,
   "p10": 0.7088,
   "min": 0.6901,
   "max": 0.8619,
   "n": 26
  },
  "static_iou": {
   "mean": 0.5496,
   "median": 0.6464,
   "p10": 0.3,
   "min": 0.1371,
   "max": 0.7477,
   "n": 26
  },
  "flow_epe_px": {
   "mean": 11.1924,
   "median": 9.5301,
   "p10": 4.1226,
   "min": 2.891,
   "max": 33.1345,
   "n": 50
  },
  "flow_epe_static_px": {
   "mean": 12.9395,
   "median": 9.6763,
   "p10": 3.6895,
   "min": 1.6958,
   "max": 38.4978,
   "n": 50
  },
  "flow_explained": 0.135,
  "flow_epe_recon_px": {
   "mean": 12.9384,
   "median": 11.6795,
   "p10": 5.3412,
   "min": 3.0768,
   "max": 31.4939,
   "n": 50
  },
  "err_vs_recon_mm": {
   "mean": 1.7859,
   "median": 1.6479,
   "p10": 1.3687,
   "min": 1.1183,
   "max": 2.8232,
   "n": 251
  },
  "err_static_vs_recon_mm": {
   "mean": 3.4944,
   "median": 3.7004,
   "p10": 1.9908,
   "min": 1.5046,
   "max": 5.1163,
   "n": 251
  },
  "motion_explained": 0.489,
  "split": {
   "rigid_err": {
    "mean": 1.3658,
    "median": 1.253,
    "p10": 0.7903,
    "min": 0.4931,
    "max": 2.4443,
    "n": 26
   },
   "rot_sim": {
    "mean": 8.6457,
    "median": 8.7786,
    "p10": 5.7378,
    "min": 2.0146,
    "max": 12.269,
    "n": 26
   },
   "rot_rec": {
    "mean": 8.4459,
    "median": 8.438,
    "p10": 3.6233,
    "min": 2.0123,
    "max": 11.665,
    "n": 26
   },
   "nonrigid_err": {
    "mean": 1.7247,
    "median": 1.6481,
    "p10": 1.409,
    "min": 1.2285,
    "max": 2.4227,
    "n": 26
   },
   "deform_sim": {
    "mean": 1.5909,
    "median": 1.483,
    "p10": 1.1045,
    "min": 1.0299,
    "max": 2.334,
    "n": 26
   },
   "deform_rec": {
    "mean": 1.9964,
    "median": 1.9157,
    "p10": 1.4183,
    "min": 1.2975,
    "max": 3.0082,
    "n": 26
   }
  },
  "free_err_vs_recon_mm": {
   "mean": 2.2842,
   "median": 2.1092,
   "p10": 1.7479,
   "min": 1.4286,
   "max": 3.6127,
   "n": 251
  },
  "free_motion_explained": 0.42,
  "stretch_max": 1.61,
  "stretch_p95_max": 1.22,
  "track_px": 11.74,
  "track_px_static": 11.08,
  "track_motion": {
   "sim_px": 18.27,
   "static_px": 27.12,
   "change_pct": -32.6,
   "seeds": [
    0,
    50
   ]
  },
  "track_samples": 3738,
  "probe_push": {
   "frames": 228,
   "sim_mm": 5.79,
   "recon_mm": 4.95,
   "abs_err_mm": 2.13
  }
 },
 "membrane": {
  "version": "v06",
  "sim_iou": {
   "mean": 0.6514,
   "median": 0.6678,
   "p10": 0.4427,
   "min": 0.3046,
   "max": 0.8175,
   "n": 26
  },
  "sim_boundary_f": {
   "mean": 0.3284,
   "median": 0.2802,
   "p10": 0.2
[scene4d] r10/render=0_mem_base=both_base_link_tc=0.05 done in 440 s
