{
 "gallbladder": {
  "version": "v10",
  "sim_iou": {
   "mean": 0.6227,
   "median": 0.6626,
   "p10": 0.4574,
   "min": 0.2576,
   "max": 0.7435,
   "n": 26
  },
  "sim_boundary_f": {
   "mean": 0.2168,
   "median": 0.2206,
   "p10": 0.1299,
   "min": 0.1112,
   "max": 0.3502,
   "n": 26
  },
  "sim_depth_mm": {
   "mean": 3.7398,
   "median": 2.9769,
   "p10": 2.1362,
   "min": 1.9926,
   "max": 7.8317,
   "n": 26
  },
  "recon_iou": {
   "mean": 0.7843,
   "median": 0.7991,
   "p10": 0.7088,
   "min": 0.6901,
   "max": 0.8619,
   "n": 26
  },
  "static_iou": {
   "mean": 0.5496,
   "median": 0.6464,
   "p10": 0.3,
   "min": 0.1371,
   "max": 0.7477,
   "n": 26
  },
  "flow_epe_px": {
   "mean": 12.1424,
   "median": 11.118,
   "p10": 5.1523,
   "min": 2.368,
   "max": 32.3767,
   "n": 50
  },
  "flow_epe_static_px": {
   "mean": 12.9735,
   "median": 9.5541,
   "p10": 3.7341,
   "min": 1.7496,
   "max": 38.4505,
   "n": 50
  },
  "flow_explained": 0.064,
  "flow_epe_recon_px": {
   "mean": 12.9384,
   "median": 11.6795,
   "p10": 5.3412,
   "min": 3.0768,
   "max": 31.4939,
   "n": 50
  },
  "err_vs_recon_mm": {
   "mean": 1.6325,
   "median": 1.5704,
   "p10": 1.1774,
   "min": 0.967,
   "max": 2.681,
   "n": 251
  },
  "err_static_vs_recon_mm": {
   "mean": 3.4944,
   "median": 3.7004,
   "p10": 1.9908,
   "min": 1.5046,
   "max": 5.1163,
   "n": 251
  },
  "motion_explained": 0.533,
  "split": {
   "rigid_err": {
    "mean": 1.1689,
    "median": 1.0434,
    "p10": 0.5195,
    "min": 0.3232,
    "max": 2.1024,
    "n": 26
   },
   "rot_sim": {
    "mean": 8.5494,
    "median": 8.8808,
    "p10": 5.9004,
    "min": 1.8221,
    "max": 12.2827,
    "n": 26
   },
   "rot_rec": {
    "mean": 8.4459,
    "median": 8.438,
    "p10": 3.6233,
    "min": 2.0123,
    "max": 11.665,
    "n": 26
   },
   "nonrigid_err": {
    "mean": 1.6075,
    "median": 1.62,
    "p10": 1.1865,
    "min": 1.046,
    "max": 2.4328,
    "n": 26
   },
   "deform_sim": {
    "mean": 1.4059,
    "median": 1.2898,
    "p10": 1.0634,
    "min": 0.8903,
    "max": 2.1859,
    "n": 26
   },
   "deform_rec": {
    "mean": 1.9964,
    "median": 1.9157,
    "p10": 1.4183,
    "min": 1.2975,
    "max": 3.0082,
    "n": 26
   }
  },
  "free_err_vs_recon_mm": {
   "mean": 2.0868,
   "median": 2.0071,
   "p10": 1.5076,
   "min": 1.2363,
   "max": 3.4374,
   "n": 251
  },
  "free_motion_explained": 0.47,
  "inverted_tets_max": 518,
  "stretch_max": 1.6,
  "stretch_p95_max": 1.2,
  "track_px": 10.72,
  "track_px_static": 11.16,
  "track_motion": {
   "sim_px": 20.87,
   "static_px": 27.24,
   "change_pct": -23.4,
   "seeds": [
    0,
    50
   ]
  },
  "track_samples": 3732,
  "probe_push": {
   "frames": 228,
   "sim_mm": 5.07,
   "recon_mm": 4.95,
   "abs_err_mm": 1.6
  }
 },
 "membrane": {
  "version": "v06",
  "sim_iou": {
   "mean": 0.6869,
   "median": 0.708,
   "p10": 0.5727,
   "min": 0.2746,
   "max": 0.8269,
   "n": 26
  },
  "sim_boundary_f": {
   "mean": 0.3136,
   "media
[scene4d] r12/cf_lift_mm=10 done in 399 s
