{
 "gallbladder": {
  "version": "v10",
  "sim_iou": {
   "mean": 0.5862,
   "median": 0.6172,
   "p10": 0.4521,
   "min": 0.2324,
   "max": 0.7215,
   "n": 26
  },
  "sim_boundary_f": {
   "mean": 0.1987,
   "median": 0.1943,
   "p10": 0.1292,
   "min": 0.1129,
   "max": 0.2979,
   "n": 26
  },
  "sim_depth_mm": {
   "mean": 4.2861,
   "median": 3.724,
   "p10": 2.7004,
   "min": 2.4303,
   "max": 7.8317,
   "n": 26
  },
  "recon_iou": {
   "mean": 0.7843,
   "median": 0.7991,
   "p10": 0.7088,
   "min": 0.6901,
   "max": 0.8619,
   "n": 26
  },
  "static_iou": {
   "mean": 0.5496,
   "median": 0.6464,
   "p10": 0.3,
   "min": 0.1371,
   "max": 0.7477,
   "n": 26
  },
  "flow_epe_px": {
   "mean": 11.8084,
   "median": 9.3395,
   "p10": 3.7481,
   "min": 2.236,
   "max": 36.7741,
   "n": 50
  },
  "flow_epe_static_px": {
   "mean": 12.8518,
   "median": 9.4148,
   "p10": 3.6944,
   "min": 1.8173,
   "max": 38.1924,
   "n": 50
  },
  "flow_explained": 0.081,
  "flow_epe_recon_px": {
   "mean": 12.9384,
   "median": 11.6795,
   "p10": 5.3412,
   "min": 3.0768,
   "max": 31.4939,
   "n": 50
  },
  "err_vs_recon_mm": {
   "mean": 1.7226,
   "median": 1.6519,
   "p10": 1.2357,
   "min": 1.021,
   "max": 3.0132,
   "n": 251
  },
  "err_static_vs_recon_mm": {
   "mean": 3.4944,
   "median": 3.7004,
   "p10": 1.9908,
   "min": 1.5046,
   "max": 5.1163,
   "n": 251
  },
  "motion_explained": 0.507,
  "split": {
   "rigid_err": {
    "mean": 1.2382,
    "median": 1.0889,
    "p10": 0.6772,
    "min": 0.6034,
    "max": 2.1928,
    "n": 26
   },
   "rot_sim": {
    "mean": 8.2539,
    "median": 8.9996,
    "p10": 5.099,
    "min": 3.5001,
    "max": 11.9902,
    "n": 26
   },
   "rot_rec": {
    "mean": 8.4459,
    "median": 8.438,
    "p10": 3.6233,
    "min": 2.0123,
    "max": 11.665,
    "n": 26
   },
   "nonrigid_err": {
    "mean": 1.6961,
    "median": 1.6776,
    "p10": 1.2461,
    "min": 1.0971,
    "max": 2.6481,
    "n": 26
   },
   "deform_sim": {
    "mean": 1.4972,
    "median": 1.4337,
    "p10": 1.0921,
    "min": 0.882,
    "max": 2.1925,
    "n": 26
   },
   "deform_rec": {
    "mean": 1.9964,
    "median": 1.9157,
    "p10": 1.4183,
    "min": 1.2975,
    "max": 3.0082,
    "n": 26
   }
  },
  "free_err_vs_recon_mm": {
   "mean": 2.2028,
   "median": 2.1098,
   "p10": 1.5781,
   "min": 1.2996,
   "max": 3.8573,
   "n": 251
  },
  "free_motion_explained": 0.441,
  "inverted_tets_max": 768,
  "stretch_max": 1.59,
  "stretch_p95_max": 1.22,
  "track_px": 10.42,
  "track_px_static": 11.16,
  "track_motion": {
   "sim_px": 20.09,
   "static_px": 27.19,
   "change_pct": -26.1,
   "seeds": [
    0,
    50
   ]
  },
  "track_samples": 3730,
  "probe_push": {
   "frames": 228,
   "sim_mm": 5.8,
   "recon_mm": 4.95,
   "abs_err_mm": 2.2
  }
 },
 "membrane": {
  "version": "v06",
  "sim_iou": {
   "mean": 0.651,
   "median": 0.6758,
   "p10": 0.4592,
   "min": 0.2746,
   "max": 0.818,
   "n": 26
  },
  "sim_boundary_f": {
   "mean": 0.3271,
   "med
[scene4d] r12/cf_probe_mm=5 done in 465 s
