{
 "gallbladder": {
  "version": "v10",
  "sim_iou": {
   "mean": 0.4995,
   "median": 0.5338,
   "p10": 0.3031,
   "min": 0.0266,
   "max": 0.7379,
   "n": 26
  },
  "sim_boundary_f": {
   "mean": 0.1921,
   "median": 0.1695,
   "p10": 0.123,
   "min": 0.0732,
   "max": 0.343,
   "n": 26
  },
  "sim_depth_mm": {
   "mean": 4.4494,
   "median": 3.706,
   "p10": 2.6775,
   "min": 2.3402,
   "max": 9.235,
   "n": 26
  },
  "recon_iou": {
   "mean": 0.7843,
   "median": 0.7991,
   "p10": 0.7088,
   "min": 0.6901,
   "max": 0.8619,
   "n": 26
  },
  "static_iou": {
   "mean": 0.5496,
   "median": 0.6464,
   "p10": 0.3,
   "min": 0.1371,
   "max": 0.7477,
   "n": 26
  },
  "err_vs_recon_mm": {
   "mean": 4.1524,
   "median": 4.197,
   "p10": 3.0451,
   "min": 1.7471,
   "max": 6.3054,
   "n": 251
  },
  "err_static_vs_recon_mm": {
   "mean": 3.4944,
   "median": 3.7004,
   "p10": 1.9908,
   "min": 1.5046,
   "max": 5.1163,
   "n": 251
  },
  "motion_explained": -0.188,
  "split": {
   "rigid_err": {
    "mean": 3.6024,
    "median": 3.7271,
    "p10": 2.2236,
    "min": 1.4008,
    "max": 5.5563,
    "n": 26
   },
   "rot_sim": {
    "mean": 5.5405,
    "median": 5.1922,
    "p10": 2.2192,
    "min": 0.3123,
    "max": 14.6971,
    "n": 26
   },
   "rot_rec": {
    "mean": 8.4459,
    "median": 8.438,
    "p10": 3.6233,
    "min": 2.0123,
    "max": 11.665,
    "n": 26
   },
   "nonrigid_err": {
    "mean": 2.6518,
    "median": 2.5199,
    "p10": 1.9832,
    "min": 1.812,
    "max": 3.694,
    "n": 26
   },
   "deform_sim": {
    "mean": 1.9245,
    "median": 2.0874,
    "p10": 0.786,
    "min": 0.4045,
    "max": 3.6208,
    "n": 26
   },
   "deform_rec": {
    "mean": 1.9964,
    "median": 1.9157,
    "p10": 1.4183,
    "min": 1.2975,
    "max": 3.0082,
    "n": 26
   }
  },
  "stretch_max": 1.79,
  "stretch_p95_max": 1.26,
  "track_px": 15.35,
  "track_px_static": 11.13,
  "track_motion": {
   "sim_px": 16.66,
   "static_px": 23.19,
   "change_pct": -28.1,
   "seeds": [
    0,
    25,
    50
   ]
  },
  "track_samples": 3579,
  "probe_push": {
   "frames": 228,
   "sim_mm": 5.32,
   "recon_mm": 4.95,
   "abs_err_mm": 2.63
  }
 },
 "membrane": {
  "version": "v05",
  "sim_iou": {
   "mean": 0.3447,
   "median": 0.3788,
   "p10": 0.0714,
   "min": 0.0,
   "max": 0.6437,
   "n": 26
  },
  "sim_boundary_f": {
   "mean": 0.1488,
   "median": 0.1621,
   "p10": 0.0142,
   "min": 0.0,
   "max": 0.2842,
   "n": 26
  },
  "sim_depth_mm": {
   "mean": 5.0322,
   "median": 3.8622,
   "p10": 1.6502,
   "min": 1.0557,
   "max": 14.0728,
   "n": 26
  },
  "recon_iou": {
   "mean": 0.8083,
   "median": 0.8131,
   "p10": 0.7001,
   "min": 0.6746,
   "max": 0.9127,
   "n": 26
  },
  "static_iou": {
   "mean": 0.4416,
   "median": 0.5193,
   "p10": 0.0154,
   "min": 0.0,
   "max": 0.867,
   "n": 26
  },
  "err_vs_recon_mm": {
   "mean": 8.5156,
   "median": 8.8144,
   "p10": 4.4316,
   "min": 2.0586,
   "max": 16.4942,
   "n": 251
  },
  "err_static_vs_recon_mm": {

[scene4d] r03/gb_k_bed=0.5_mem_k=2 done in 220 s
