{
 "gallbladder": {
  "version": "v12",
  "sim_iou": {
   "mean": 0.6552,
   "median": 0.689,
   "p10": 0.474,
   "min": 0.2864,
   "max": 0.7741,
   "n": 26
  },
  "sim_iou_bands": [
   0.5628,
   0.5931,
   0.7336
  ],
  "sim_boundary_f": {
   "mean": 0.2027,
   "median": 0.2133,
   "p10": 0.1469,
   "min": 0.0982,
   "max": 0.3201,
   "n": 26
  },
  "sim_depth_mm": {
   "mean": 2.9211,
   "median": 2.2764,
   "p10": 1.7977,
   "min": 1.2371,
   "max": 6.3622,
   "n": 26
  },
  "recon_iou": {
   "mean": 0.7881,
   "median": 0.7962,
   "p10": 0.7356,
   "min": 0.6886,
   "max": 0.8512,
   "n": 26
  },
  "recon_iou_bands": [
   0.7678,
   0.7508,
   0.8161
  ],
  "static_iou": {
   "mean": 0.5355,
   "median": 0.6528,
   "p10": 0.2261,
   "min": 0.1002,
   "max": 0.7361,
   "n": 26
  },
  "flow_epe_px": {
   "mean": 10.9147,
   "median": 8.6873,
   "p10": 3.835,
   "min": 2.5317,
   "max": 26.4766,
   "n": 50
  },
  "flow_epe_static_px": {
   "mean": 12.2731,
   "median": 10.4491,
   "p10": 2.6177,
   "min": 1.6993,
   "max": 35.4653,
   "n": 50
  },
  "flow_explained": 0.111,
  "flow_epe_recon_px": {
   "mean": 11.9841,
   "median": 11.0882,
   "p10": 4.2942,
   "min": 2.531,
   "max": 28.317,
   "n": 50
  },
  "err_vs_recon_mm": {
   "mean": 1.0636,
   "median": 1.0702,
   "p10": 0.6901,
   "min": 0.6173,
   "max": 1.922,
   "n": 251
  },
  "err_static_vs_recon_mm": {
   "mean": 4.4254,
   "median": 4.4634,
   "p10": 2.3762,
   "min": 2.1399,
   "max": 7.0491,
   "n": 251
  },
  "motion_explained": 0.76,
  "split": {
   "rigid_err": {
    "mean": 0.8108,
    "median": 0.7967,
    "p10": 0.3309,
    "min": 0.2762,
    "max": 1.6491,
    "n": 26
   },
   "rot_sim": {
    "mean": 10.7903,
    "median": 10.3056,
    "p10": 8.3674,
    "min": 3.9968,
    "max": 16.3178,
    "n": 26
   },
   "rot_rec": {
    "mean": 10.4671,
    "median": 10.4155,
    "p10": 8.1578,
    "min": 3.8714,
    "max": 16.8681,
    "n": 26
   },
   "nonrigid_err": {
    "mean": 0.914,
    "median": 0.9184,
    "p10": 0.6478,
    "min": 0.6036,
    "max": 1.4154,
    "n": 26
   },
   "deform_sim": {
    "mean": 0.8553,
    "median": 0.8679,
    "p10": 0.6604,
    "min": 0.5219,
    "max": 1.2297,
    "n": 26
   },
   "deform_rec": {
    "mean": 1.2381,
    "median": 1.1318,
    "p10": 0.867,
    "min": 0.8,
    "max": 1.7579,
    "n": 26
   }
  },
  "free_err_vs_recon_mm": {
   "mean": 1.2402,
   "median": 1.2493,
   "p10": 0.8016,
   "min": 0.7218,
   "max": 2.2386,
   "n": 251
  },
  "free_motion_explained": 0.731,
  "inverted_tets_max": 130,
  "stretch_max": 1.52,
  "stretch_p95_max": 1.16,
  "track_px": 12.35,
  "track_px_static": 9.25,
  "track_motion": {
   "sim_px": 18.25,
   "static_px": 27.75,
   "change_pct": -34.2,
   "seeds": [
    0,
    50
   ]
  },
  "track_samples": 3610,
  "probe_push": {
   "frames": 228,
   "sim_mm": 5.93,
   "recon_mm": 6.47,
   "abs_err_mm": 0.85
  }
 },
 "membrane": {
  "version": "v07",
  "sim_iou": {
   "mean": 0.6798,
   "median": 0.
[scene4d] r16/render=0_gallbladder=v12 done in 455 s
