cameras: /Users/grandpa/phai/medical-agentic-sim/outputs/iter/tissues/backdrop/v08/cams_refined.npz
duct: observed in 250/251 frames, junction in 204
strands: observed in 251/251 frames, junction in 173
  rest duct it 0: loss 141.75 L 22.3 mm reproj 14.10 px
  rest duct it 599: loss 61.82 L 18.5 mm reproj 9.71 px
  4d duct it 0: loss 63.68 L 18.5+-0.0 mm reproj 9.57 px
  4d duct it 450: loss 24.90 L 18.5+-0.1 mm reproj 1.93 px
  4d duct it 899: loss 22.04 L 18.4+-0.1 mm reproj 1.54 px
  rest strands it 0: loss 84.98 L 14.8 mm reproj 7.26 px
  rest strands it 599: loss 49.45 L 13.3 mm reproj 6.21 px
  4d strands it 0: loss 69.71 L 13.3+-0.0 mm reproj 5.99 px
  4d strands it 450: loss 34.16 L 13.4+-0.2 mm reproj 1.52 px
  4d strands it 899: loss 33.36 L 13.4+-0.2 mm reproj 1.53 px
anchor: gallbladder v12 vertex 1381 (of 10 marked "ducts"), mean distance to the observed junction (frames >= 60) 3.5 mm
patch mode: 18 gallbladder v12 faces, gap observed junction -> patch point {'mean': 2.8157, 'median': 2.3992, 'p10': 1.3066, 'min': 0.5166, 'max': 9.6345, 'n': 251} mm, bridge over the first 10%
duct: IoU 0.8033 BF 0.839 depth 1.7023 mm static-rest IoU 0.5566 reproj 2.5869 px L 18.71 mm (std 1.52) r 1.86 mm
strands: IoU 0.6178 BF 0.6166 depth 1.6228 mm static-rest IoU 0.5327 reproj 2.7471 px L 17.85 mm (std 2.79) r 1.65 mm
overlap with gallbladder: duct hidden 0.0272 inside 0.0351 (max 0.5217); strands hidden 0.0136 inside 0.004 (max 0.0526)
proximal -> gallbladder surface |d| median/max (mm): before duct 2.3651/9.3476 rest 4.67; before strands 3.7518/9.353 rest 4.69; after duct 0.1219/0.3581 rest 0.11; after strand_1 0.1219/0.3581 rest 0.11; after strand_2 0.1219/0.3581 rest 0.11; after strand_3 0.1219/0.3581 rest 0.11
end-motion test (motion explained): duct lin 0.583 chord 0.423 prox-only 0.416 +drive [(4, 0.807), (8, 0.904), (2, 0.937)]; strand_1 lin 0.717 chord 0.431 prox-only 0.404 +drive [(4, 0.906), (7, 0.944), (9, 0.965)]; strand_2 lin 0.71 chord 0.42 prox-only 0.395 +drive [(4, 0.906), (8, 0.942), (6, 0.959)]; strand_3 lin 0.706 chord 0.415 prox-only 0.38 +drive [(4, 0.907), (8, 0.944), (6, 0.961)]
length over time: duct 18.44-27.93 (rest 18.71, e2e [15.49, 23.86]); strand_1 13.68-23.52 (rest 18.43, e2e [13.1, 22.8]); strand_2 13.71-23.1 (rest 17.85, e2e [13.29, 22.96]); strand_3 13.83-23.3 (rest 17.59, e2e [13.32, 23.16])
width scale {'mean': 1.056, 'median': 1.044, 'p10': 0.884, 'min': 0.8381, 'max': 1.2752, 'n': 251} / {'mean': 1.1057, 'median': 1.0782, 'p10': 0.9876, 'min': 0.75, 'max': 1.3665, 'n': 251}; clearance {'duct_to_fibres': {'mean': -0.0125, 'median': 0.098, 'p10': -0.979, 'min': -2.5604, 'max': 1.4764, 'n': 153}, 'fibre_to_fibre': {'mean': 0.0826, 'median': -0.0495, 'p10': -0.1726, 'min': -0.3562, 'max': 0.7835, 'n': 153}}; GB check None mm
union IoU 0.7557  envelope IoU 0.6208 strand->duct proximal 0.0 mm  tets {'n_verts': 312, 'n_faces': 576, 'watertight': True, 'components': 1, 'min_edge_mm': 0.414, 'degenerate_faces': 0, 'area_cm2': 2.1, 'volume_ml': 0.18, 'n_tets': 828, 'degenerate_tets': 0, 'inverted_tets': 0} inverted 4d 2  done in 61.0 s
