{
 "gallbladder": {
  "version": "v10",
  "sim_iou": {
   "mean": 0.4995,
   "median": 0.5338,
   "p10": 0.3031,
   "min": 0.0266,
   "max": 0.7379,
   "n": 26
  },
  "sim_boundary_f": {
   "mean": 0.1921,
   "median": 0.1695,
   "p10": 0.123,
   "min": 0.0732,
   "max": 0.343,
   "n": 26
  },
  "sim_depth_mm": {
   "mean": 4.4494,
   "median": 3.706,
   "p10": 2.6775,
   "min": 2.3402,
   "max": 9.235,
   "n": 26
  },
  "recon_iou": {
   "mean": 0.7843,
   "median": 0.7991,
   "p10": 0.7088,
   "min": 0.6901,
   "max": 0.8619,
   "n": 26
  },
  "static_iou": {
   "mean": 0.5496,
   "median": 0.6464,
   "p10": 0.3,
   "min": 0.1371,
   "max": 0.7477,
   "n": 26
  },
  "err_vs_recon_mm": {
   "mean": 4.1524,
   "median": 4.197,
   "p10": 3.0451,
   "min": 1.7471,
   "max": 6.3054,
   "n": 251
  },
  "err_static_vs_recon_mm": {
   "mean": 3.4944,
   "median": 3.7004,
   "p10": 1.9908,
   "min": 1.5046,
   "max": 5.1163,
   "n": 251
  },
  "motion_explained": -0.188,
  "stretch_max": 1.79,
  "stretch_p95_max": 1.26,
  "track_px": 15.35,
  "track_px_static": 11.13,
  "track_motion": {
   "sim_px": 16.66,
   "static_px": 23.19,
   "change_pct": -28.1,
   "seeds": [
    0,
    25,
    50
   ]
  },
  "track_samples": 3579,
  "probe_push": {
   "frames": 228,
   "sim_mm": 5.32,
   "recon_mm": 4.95,
   "abs_err_mm": 2.63
  }
 },
 "membrane": {
  "version": "v05",
  "sim_iou": {
   "mean": 0.3447,
   "median": 0.3788,
   "p10": 0.0714,
   "min": 0.0,
   "max": 0.6437,
   "n": 26
  },
  "sim_boundary_f": {
   "mean": 0.1488,
   "median": 0.1621,
   "p10": 0.0142,
   "min": 0.0,
   "max": 0.2842,
   "n": 26
  },
  "sim_depth_mm": {
   "mean": 5.0322,
   "median": 3.8622,
   "p10": 1.6502,
   "min": 1.0557,
   "max": 14.0728,
   "n": 26
  },
  "recon_iou": {
   "mean": 0.8083,
   "median": 0.8131,
   "p10": 0.7001,
   "min": 0.6746,
   "max": 0.9127,
   "n": 26
  },
  "static_iou": {
   "mean": 0.4416,
   "median": 0.5193,
   "p10": 0.0154,
   "min": 0.0,
   "max": 0.867,
   "n": 26
  },
  "err_vs_recon_mm": {
   "mean": 8.5156,
   "median": 8.8144,
   "p10": 4.4316,
   "min": 2.0586,
   "max": 16.4942,
   "n": 251
  },
  "err_static_vs_recon_mm": {
   "mean": 7.8456,
   "median": 7.8223,
   "p10": 4.3871,
   "min": 0.0,
   "max": 14.3523,
   "n": 251
  },
  "motion_explained": -0.085,
  "stretch_max": 5.35,
  "stretch_p95_max": 1.65
 },
 "ducts": {
  "version": "v08",
  "ducts_duct": {
   "err_vs_recon_mm": {
    "mean": 2.3838,
    "median": 2.1265,
    "p10": 1.3189,
    "min": 0.4926,
    "max": 5.665,
    "n": 251
   },
   "err_static_vs_recon_mm": {
    "mean": 2.2651,
    "median": 2.0284,
    "p10": 0.8334,
    "min": 0.2682,
    "max": 5.4607,
    "n": 251
   },
   "motion_explained": -0.052,
   "length_ratio": [
    0.995,
    1.039
   ]
  },
  "ducts_strand_1": {
   "err_vs_recon_mm": {
    "mean": 3.3532,
    "median": 3.3863,
    "p10": 1.501,
    "min": 0.8477,
    "max": 6.2233,
    "n": 251
   },
   "err_static_vs_recon_mm": {
    "mean": 2.31
[scene4d] r01 done in 174 s
