{
 "gallbladder": {
  "version": "v10",
  "sim_iou": {
   "mean": 0.6026,
   "median": 0.6297,
   "p10": 0.4534,
   "min": 0.1918,
   "max": 0.7822,
   "n": 26
  },
  "sim_boundary_f": {
   "mean": 0.217,
   "median": 0.2061,
   "p10": 0.1521,
   "min": 0.0675,
   "max": 0.3261,
   "n": 26
  },
  "sim_depth_mm": {
   "mean": 3.9684,
   "median": 3.8039,
   "p10": 2.2114,
   "min": 1.6056,
   "max": 8.0953,
   "n": 26
  },
  "recon_iou": {
   "mean": 0.7843,
   "median": 0.7991,
   "p10": 0.7088,
   "min": 0.6901,
   "max": 0.8619,
   "n": 26
  },
  "static_iou": {
   "mean": 0.5496,
   "median": 0.6464,
   "p10": 0.3,
   "min": 0.1371,
   "max": 0.7477,
   "n": 26
  },
  "err_vs_recon_mm": {
   "mean": 1.7767,
   "median": 1.6278,
   "p10": 1.2076,
   "min": 1.0216,
   "max": 3.0733,
   "n": 251
  },
  "err_static_vs_recon_mm": {
   "mean": 3.4944,
   "median": 3.7004,
   "p10": 1.9908,
   "min": 1.5046,
   "max": 5.1163,
   "n": 251
  },
  "motion_explained": 0.492,
  "split": {
   "rigid_err": {
    "mean": 1.3716,
    "median": 1.2489,
    "p10": 0.7228,
    "min": 0.5321,
    "max": 2.7131,
    "n": 26
   },
   "rot_sim": {
    "mean": 8.3562,
    "median": 8.4908,
    "p10": 4.7852,
    "min": 2.9785,
    "max": 13.1111,
    "n": 26
   },
   "rot_rec": {
    "mean": 8.4459,
    "median": 8.438,
    "p10": 3.6233,
    "min": 2.0123,
    "max": 11.665,
    "n": 26
   },
   "nonrigid_err": {
    "mean": 1.7873,
    "median": 1.7777,
    "p10": 1.3099,
    "min": 1.2719,
    "max": 2.5521,
    "n": 26
   },
   "deform_sim": {
    "mean": 1.8561,
    "median": 1.9588,
    "p10": 1.1465,
    "min": 0.9651,
    "max": 2.629,
    "n": 26
   },
   "deform_rec": {
    "mean": 1.9964,
    "median": 1.9157,
    "p10": 1.4183,
    "min": 1.2975,
    "max": 3.0082,
    "n": 26
   }
  },
  "free_err_vs_recon_mm": {
   "mean": 2.272,
   "median": 2.0835,
   "p10": 1.5462,
   "min": 1.3011,
   "max": 3.924,
   "n": 251
  },
  "free_motion_explained": 0.423,
  "stretch_max": 1.89,
  "stretch_p95_max": 1.23,
  "track_px": 11.08,
  "track_px_static": 11.1,
  "track_motion": {
   "sim_px": 20.32,
   "static_px": 27.47,
   "change_pct": -26.0,
   "seeds": [
    0,
    50
   ]
  },
  "track_samples": 3753,
  "probe_push": {
   "frames": 228,
   "sim_mm": 6.64,
   "recon_mm": 4.95,
   "abs_err_mm": 3.01
  }
 },
 "membrane": {
  "version": "v06",
  "sim_iou": {
   "mean": 0.6395,
   "median": 0.6677,
   "p10": 0.4101,
   "min": 0.251,
   "max": 0.8168,
   "n": 26
  },
  "sim_boundary_f": {
   "mean": 0.3204,
   "median": 0.2852,
   "p10": 0.1965,
   "min": 0.151,
   "max": 0.6263,
   "n": 26
  },
  "sim_depth_mm": {
   "mean": 2.9551,
   "median": 2.3958,
   "p10": 1.2338,
   "min": 0.8242,
   "max": 8.6606,
   "n": 26
  },
  "recon_iou": {
   "mean": 0.7804,
   "median": 0.8004,
   "p10": 0.6779,
   "min": 0.639,
   "max": 0.8991,
   "n": 26
  },
  "static_iou": {
   "mean": 0.4511,
   "median": 0.5195,
   "p10": 0.0454,
   "min": 0.0,
   "max": 0.8501,
   "n": 26

[scene4d] r06/mem_contact=0_mem_base=recon done in 296 s
