{
 "gallbladder": {
  "version": "v10",
  "sim_iou": {
   "mean": 0.6163,
   "median": 0.6433,
   "p10": 0.4566,
   "min": 0.2341,
   "max": 0.7458,
   "n": 26
  },
  "sim_boundary_f": {
   "mean": 0.2196,
   "median": 0.2133,
   "p10": 0.1433,
   "min": 0.1281,
   "max": 0.3597,
   "n": 26
  },
  "sim_depth_mm": {
   "mean": 3.9817,
   "median": 3.2384,
   "p10": 2.0802,
   "min": 1.7134,
   "max": 7.9604,
   "n": 26
  },
  "recon_iou": {
   "mean": 0.7843,
   "median": 0.7991,
   "p10": 0.7088,
   "min": 0.6901,
   "max": 0.8619,
   "n": 26
  },
  "static_iou": {
   "mean": 0.5496,
   "median": 0.6464,
   "p10": 0.3,
   "min": 0.1371,
   "max": 0.7477,
   "n": 26
  },
  "flow_epe_px": {
   "mean": 11.6756,
   "median": 9.0453,
   "p10": 4.051,
   "min": 2.4152,
   "max": 32.1111,
   "n": 50
  },
  "flow_epe_static_px": {
   "mean": 12.9334,
   "median": 9.5105,
   "p10": 3.6687,
   "min": 1.7745,
   "max": 38.3061,
   "n": 50
  },
  "flow_explained": 0.097,
  "flow_epe_recon_px": {
   "mean": 12.9384,
   "median": 11.6795,
   "p10": 5.3412,
   "min": 3.0768,
   "max": 31.4939,
   "n": 50
  },
  "err_vs_recon_mm": {
   "mean": 1.7361,
   "median": 1.6234,
   "p10": 1.2663,
   "min": 1.0333,
   "max": 2.9131,
   "n": 251
  },
  "err_static_vs_recon_mm": {
   "mean": 3.4944,
   "median": 3.7004,
   "p10": 1.9908,
   "min": 1.5046,
   "max": 5.1163,
   "n": 251
  },
  "motion_explained": 0.503,
  "split": {
   "rigid_err": {
    "mean": 1.2657,
    "median": 1.1688,
    "p10": 0.6115,
    "min": 0.3701,
    "max": 2.2088,
    "n": 26
   },
   "rot_sim": {
    "mean": 8.5543,
    "median": 8.9886,
    "p10": 5.702,
    "min": 2.2923,
    "max": 12.0836,
    "n": 26
   },
   "rot_rec": {
    "mean": 8.4459,
    "median": 8.438,
    "p10": 3.6233,
    "min": 2.0123,
    "max": 11.665,
    "n": 26
   },
   "nonrigid_err": {
    "mean": 1.6893,
    "median": 1.6619,
    "p10": 1.3043,
    "min": 1.1451,
    "max": 2.5208,
    "n": 26
   },
   "deform_sim": {
    "mean": 1.4972,
    "median": 1.3596,
    "p10": 1.0543,
    "min": 0.8783,
    "max": 2.3117,
    "n": 26
   },
   "deform_rec": {
    "mean": 1.9964,
    "median": 1.9157,
    "p10": 1.4183,
    "min": 1.2975,
    "max": 3.0082,
    "n": 26
   }
  },
  "free_err_vs_recon_mm": {
   "mean": 2.2201,
   "median": 2.0729,
   "p10": 1.6153,
   "min": 1.3218,
   "max": 3.7361,
   "n": 251
  },
  "free_motion_explained": 0.436,
  "stretch_max": 1.61,
  "stretch_p95_max": 1.2,
  "track_px": 9.67,
  "track_px_static": 11.12,
  "track_motion": {
   "sim_px": 19.29,
   "static_px": 27.33,
   "change_pct": -29.4,
   "seeds": [
    0,
    50
   ]
  },
  "track_samples": 3755,
  "probe_push": {
   "frames": 228,
   "sim_mm": 5.67,
   "recon_mm": 4.95,
   "abs_err_mm": 2.07
  }
 },
 "membrane": {
  "version": "v06",
  "sim_iou": {
   "mean": 0.6219,
   "median": 0.6535,
   "p10": 0.3948,
   "min": 0.2574,
   "max": 0.8183,
   "n": 26
  },
  "sim_boundary_f": {
   "mean": 0.2939,
   "median": 0.2597,
   "p10":
[scene4d] r09/render=0_mem_k=60_mem_young=600 done in 353 s
