{
 "gallbladder": {
  "version": "v10",
  "sim_iou": {
   "mean": 0.6205,
   "median": 0.6295,
   "p10": 0.5233,
   "min": 0.2936,
   "max": 0.7265,
   "n": 26
  },
  "sim_boundary_f": {
   "mean": 0.2212,
   "median": 0.2202,
   "p10": 0.1493,
   "min": 0.1249,
   "max": 0.3446,
   "n": 26
  },
  "sim_depth_mm": {
   "mean": 3.876,
   "median": 3.5629,
   "p10": 1.9912,
   "min": 1.8074,
   "max": 6.9292,
   "n": 26
  },
  "recon_iou": {
   "mean": 0.7843,
   "median": 0.7991,
   "p10": 0.7088,
   "min": 0.6901,
   "max": 0.8619,
   "n": 26
  },
  "static_iou": {
   "mean": 0.5496,
   "median": 0.6464,
   "p10": 0.3,
   "min": 0.1371,
   "max": 0.7477,
   "n": 26
  },
  "flow_epe_px": {
   "mean": 11.6287,
   "median": 10.9747,
   "p10": 4.2299,
   "min": 3.3569,
   "max": 35.1829,
   "n": 50
  },
  "flow_epe_static_px": {
   "mean": 12.9194,
   "median": 10.0081,
   "p10": 3.6944,
   "min": 1.4967,
   "max": 38.5384,
   "n": 50
  },
  "flow_explained": 0.1,
  "flow_epe_recon_px": {
   "mean": 12.9384,
   "median": 11.6795,
   "p10": 5.3412,
   "min": 3.0768,
   "max": 31.4939,
   "n": 50
  },
  "err_vs_recon_mm": {
   "mean": 1.9318,
   "median": 2.0124,
   "p10": 1.3283,
   "min": 1.0328,
   "max": 2.8793,
   "n": 251
  },
  "err_static_vs_recon_mm": {
   "mean": 3.4944,
   "median": 3.7004,
   "p10": 1.9908,
   "min": 1.5046,
   "max": 5.1163,
   "n": 251
  },
  "motion_explained": 0.447,
  "split": {
   "rigid_err": {
    "mean": 1.4167,
    "median": 1.3989,
    "p10": 0.8483,
    "min": 0.4186,
    "max": 2.4854,
    "n": 26
   },
   "rot_sim": {
    "mean": 8.4767,
    "median": 8.2155,
    "p10": 4.8366,
    "min": 2.4979,
    "max": 13.5057,
    "n": 26
   },
   "rot_rec": {
    "mean": 8.4459,
    "median": 8.438,
    "p10": 3.6233,
    "min": 2.0123,
    "max": 11.665,
    "n": 26
   },
   "nonrigid_err": {
    "mean": 1.8671,
    "median": 1.8468,
    "p10": 1.3389,
    "min": 1.2166,
    "max": 2.526,
    "n": 26
   },
   "deform_sim": {
    "mean": 1.8955,
    "median": 1.8507,
    "p10": 1.3224,
    "min": 1.1977,
    "max": 2.8523,
    "n": 26
   },
   "deform_rec": {
    "mean": 1.9964,
    "median": 1.9157,
    "p10": 1.4183,
    "min": 1.2975,
    "max": 3.0082,
    "n": 26
   }
  },
  "free_err_vs_recon_mm": {
   "mean": 2.4714,
   "median": 2.5744,
   "p10": 1.6952,
   "min": 1.3189,
   "max": 3.6843,
   "n": 251
  },
  "free_motion_explained": 0.372,
  "stretch_max": 1.68,
  "stretch_p95_max": 1.26,
  "track_px": 13.34,
  "track_px_static": 11.19,
  "track_motion": {
   "sim_px": 18.2,
   "static_px": 26.82,
   "change_pct": -32.1,
   "seeds": [
    0,
    50
   ]
  },
  "track_samples": 3724,
  "probe_push": {
   "frames": 228,
   "sim_mm": 5.65,
   "recon_mm": 4.95,
   "abs_err_mm": 1.73
  }
 },
 "membrane": {
  "version": "v06",
  "sim_iou": {
   "mean": 0.6501,
   "median": 0.6759,
   "p10": 0.4487,
   "min": 0.3125,
   "max": 0.8235,
   "n": 26
  },
  "sim_boundary_f": {
   "mean": 0.3264,
   "median": 0.2995,
   "p10"
[scene4d] r10/render=0_mem_base=both_base_link_tc=0.02 done in 487 s
