{
 "gallbladder": {
  "version": "v10",
  "sim_iou": {
   "mean": 0.4964,
   "median": 0.5284,
   "p10": 0.3087,
   "min": 0.1081,
   "max": 0.7688,
   "n": 26
  },
  "sim_boundary_f": {
   "mean": 0.1848,
   "median": 0.1749,
   "p10": 0.1132,
   "min": 0.0754,
   "max": 0.3409,
   "n": 26
  },
  "sim_depth_mm": {
   "mean": 4.751,
   "median": 3.8306,
   "p10": 2.7786,
   "min": 2.4233,
   "max": 15.1969,
   "n": 26
  },
  "recon_iou": {
   "mean": 0.7843,
   "median": 0.7991,
   "p10": 0.7088,
   "min": 0.6901,
   "max": 0.8619,
   "n": 26
  },
  "static_iou": {
   "mean": 0.5496,
   "median": 0.6464,
   "p10": 0.3,
   "min": 0.1371,
   "max": 0.7477,
   "n": 26
  },
  "err_vs_recon_mm": {
   "mean": 4.4283,
   "median": 4.5075,
   "p10": 3.0401,
   "min": 1.9935,
   "max": 6.7933,
   "n": 251
  },
  "err_static_vs_recon_mm": {
   "mean": 3.4944,
   "median": 3.7004,
   "p10": 1.9908,
   "min": 1.5046,
   "max": 5.1163,
   "n": 251
  },
  "motion_explained": -0.267,
  "split": {
   "rigid_err": {
    "mean": 3.8173,
    "median": 3.9176,
    "p10": 2.3692,
    "min": 1.6715,
    "max": 6.0843,
    "n": 26
   },
   "rot_sim": {
    "mean": 6.0977,
    "median": 5.7274,
    "p10": 2.8896,
    "min": 1.5773,
    "max": 15.0115,
    "n": 26
   },
   "rot_rec": {
    "mean": 8.4459,
    "median": 8.438,
    "p10": 3.6233,
    "min": 2.0123,
    "max": 11.665,
    "n": 26
   },
   "nonrigid_err": {
    "mean": 2.6996,
    "median": 2.5822,
    "p10": 2.0479,
    "min": 1.5143,
    "max": 4.1984,
    "n": 26
   },
   "deform_sim": {
    "mean": 2.0109,
    "median": 1.986,
    "p10": 1.1921,
    "min": 0.7396,
    "max": 3.545,
    "n": 26
   },
   "deform_rec": {
    "mean": 1.9964,
    "median": 1.9157,
    "p10": 1.4183,
    "min": 1.2975,
    "max": 3.0082,
    "n": 26
   }
  },
  "stretch_max": 1.84,
  "stretch_p95_max": 1.28,
  "track_px": 17.63,
  "track_px_static": 11.11,
  "track_motion": {
   "sim_px": 22.17,
   "static_px": 22.0,
   "change_pct": 0.8,
   "seeds": [
    0,
    25,
    50,
    75
   ]
  },
  "track_samples": 3522,
  "probe_push": {
   "frames": 228,
   "sim_mm": 5.57,
   "recon_mm": 4.95,
   "abs_err_mm": 2.31
  }
 },
 "membrane": {
  "version": "v05",
  "sim_iou": {
   "mean": 0.328,
   "median": 0.377,
   "p10": 0.0494,
   "min": 0.0,
   "max": 0.7725,
   "n": 26
  },
  "sim_boundary_f": {
   "mean": 0.1626,
   "median": 0.1567,
   "p10": 0.0106,
   "min": 0.0,
   "max": 0.4426,
   "n": 26
  },
  "sim_depth_mm": {
   "mean": 5.6761,
   "median": 4.2648,
   "p10": 1.8902,
   "min": 0.9592,
   "max": 24.6028,
   "n": 26
  },
  "recon_iou": {
   "mean": 0.8083,
   "median": 0.8131,
   "p10": 0.7001,
   "min": 0.6746,
   "max": 0.9127,
   "n": 26
  },
  "static_iou": {
   "mean": 0.4416,
   "median": 0.5193,
   "p10": 0.0154,
   "min": 0.0,
   "max": 0.867,
   "n": 26
  },
  "err_vs_recon_mm": {
   "mean": 8.449,
   "median": 8.7887,
   "p10": 4.187,
   "min": 1.9998,
   "max": 21.9222,
   "n": 251
  },
  "err_static_vs_recon_
[scene4d] r03/gb_k_bed=0.2_mem_k=20_start=recon done in 219 s
