{
 "gallbladder": {
  "version": "v12",
  "sim_iou": {
   "mean": 0.6552,
   "median": 0.6864,
   "p10": 0.4981,
   "min": 0.2936,
   "max": 0.7701,
   "n": 26
  },
  "sim_iou_bands": [
   0.5666,
   0.5922,
   0.7319
  ],
  "sim_iou_2d": {
   "mean": 0.696,
   "median": 0.7014,
   "p10": 0.6516,
   "min": 0.5746,
   "max": 0.7511,
   "n": 26
  },
  "sim_boundary_f": {
   "mean": 0.2063,
   "median": 0.2135,
   "p10": 0.145,
   "min": 0.1218,
   "max": 0.2864,
   "n": 26
  },
  "sim_depth_mm": {
   "mean": 2.8454,
   "median": 2.2791,
   "p10": 1.7263,
   "min": 1.2065,
   "max": 6.2744,
   "n": 26
  },
  "recon_iou": {
   "mean": 0.7881,
   "median": 0.7962,
   "p10": 0.7356,
   "min": 0.6886,
   "max": 0.8512,
   "n": 26
  },
  "recon_iou_bands": [
   0.7678,
   0.7508,
   0.8161
  ],
  "recon_iou_2d": {
   "mean": 0.7712,
   "median": 0.7878,
   "p10": 0.7142,
   "min": 0.6699,
   "max": 0.8189,
   "n": 26
  },
  "static_iou": {
   "mean": 0.5355,
   "median": 0.6528,
   "p10": 0.2261,
   "min": 0.1002,
   "max": 0.7361,
   "n": 26
  },
  "flow_epe_px": {
   "mean": 10.9963,
   "median": 9.6103,
   "p10": 3.841,
   "min": 2.8251,
   "max": 25.4196,
   "n": 50
  },
  "flow_epe_static_px": {
   "mean": 12.2294,
   "median": 10.4178,
   "p10": 2.5927,
   "min": 1.6888,
   "max": 35.4708,
   "n": 50
  },
  "flow_explained": 0.101,
  "flow_epe_recon_px": {
   "mean": 11.9841,
   "median": 11.0882,
   "p10": 4.2942,
   "min": 2.531,
   "max": 28.317,
   "n": 50
  },
  "err_vs_recon_mm": {
   "mean": 1.0305,
   "median": 1.0111,
   "p10": 0.6846,
   "min": 0.5574,
   "max": 1.935,
   "n": 251
  },
  "err_static_vs_recon_mm": {
   "mean": 4.4254,
   "median": 4.4634,
   "p10": 2.3762,
   "min": 2.1399,
   "max": 7.0491,
   "n": 251
  },
  "motion_explained": 0.767,
  "split": {
   "rigid_err": {
    "mean": 0.7861,
    "median": 0.7483,
    "p10": 0.3764,
    "min": 0.2622,
    "max": 1.4566,
    "n": 26
   },
   "rot_sim": {
    "mean": 10.5366,
    "median": 10.049,
    "p10": 7.9404,
    "min": 4.0011,
    "max": 16.2644,
    "n": 26
   },
   "rot_rec": {
    "mean": 10.4671,
    "median": 10.4155,
    "p10": 8.1578,
    "min": 3.8714,
    "max": 16.8681,
    "n": 26
   },
   "nonrigid_err": {
    "mean": 0.9065,
    "median": 0.9104,
    "p10": 0.6514,
    "min": 0.5623,
    "max": 1.4085,
    "n": 26
   },
   "deform_sim": {
    "mean": 0.8728,
    "median": 0.8527,
    "p10": 0.6262,
    "min": 0.4935,
    "max": 1.25,
    "n": 26
   },
   "deform_rec": {
    "mean": 1.2381,
    "median": 1.1318,
    "p10": 0.867,
    "min": 0.8,
    "max": 1.7579,
    "n": 26
   }
  },
  "free_err_vs_recon_mm": {
   "mean": 1.2011,
   "median": 1.1822,
   "p10": 0.7981,
   "min": 0.6514,
   "max": 2.2548,
   "n": 251
  },
  "free_motion_explained": 0.74,
  "volume_ml": {
   "rest": 28.58,
   "sim": [
    26.8,
    28.36
   ],
   "recon": [
    27.27,
    29.64
   ]
  },
  "inverted_tets_max": 149,
  "stretch_max": 1.64,
  "stretch_p95_max": 1.17,
  "track_px": 
[scene4d] r19/render=0_membrane=v08 done in 573 s
