iou_all_frames                     mean 0.7788  min 0.4145
iou_all_frames_pan_0_62            mean 0.7184  min 0.4145
iou_all_frames_63_250              mean 0.799  min 0.5503
iou_per_frame_fit_unsmoothed       mean 0.8774  min 0.7484
mask_self_iou_adjacent             mean 0.8534  min 0.4577
silhouette_iou                     mean 0.7828  median 0.8077  min 0.6353  max 0.8988
silhouette_iou_raw                 mean 0.7879  median 0.8087  min 0.6353  max 0.9024
boundary_f_4px                     mean 0.4596  median 0.4565  min 0.1914  max 0.7223
boundary_f_8px                     mean 0.709  median 0.7318  min 0.3996  max 1.0
depth_residual_mm                  mean 1.9622  median 1.6678  min 0.4874  max 3.6977
depth_residual_lower_mm            mean 1.9554  median 1.6857  min 0.4838  max 3.8573
depth_residual_upper_mm            mean 2.0401  median 1.8062  min 0.5048  max 3.8547
video_minus_mesh_depth_upper_mm    mean 0.0041  median -0.0756  min -3.8547  max 3.6894
base_on_gallbladder_mm             mean 1.9077  median 1.5918  min 0.8565  max 4.1208
apex_to_image_jaw_px               mean 1.4838  median 1.1944  min 0.0463  max 5.8187
grasper_tip_to_image_jaw_px        mean 17.2306  median 12.7769  min 4.3243  max 69.8527
apex_to_grasper_tip_mm             mean 5.0023  median 4.4098  min 0.9106  max 18.3324
area_cm2                           mean 4.9014  median 4.9373  min 1.9909  max 7.4362
lift_mm                            mean 17.7442  median 16.5976  min 11.4489  max 26.0299
stretch_max                        mean 3.4492  median 3.2847  min 1.0  max 6.7921
stretch_p95                        mean 2.0065  median 2.0257  min 1.0  max 3.0518
stretch_p05                        mean 0.6505  median 0.5986  min 0.4302  max 1.0
base_on_gallbladder_fraction       mean 0.9692  median 1.0  min 0.72  max 1.0
accel_mm_per_frame2                mean 0.2253  median 0.2191  min 0.0967  max 0.6067
base_to_gallbladder_model_mm       {'mean': 0.5468, 'median': 0.5325, 'max': 0.8307}
apex_height_above_gallbladder_model_mm {'mean': 6.7105, 'median': 5.8729, 'max': 12.0673}
apex_to_interaction_tip_mm         {'mean': 1.5139, 'median': 1.0589, 'max': 4.0426}
interaction_tip_to_image_jaw_px    {'mean': 9.6989, 'median': 6.444, 'max': 31.1519}
interaction_tip_minus_apex_depth_mm {'mean': 0.4059, 'median': 0.2219, 'max': 2.7658}
mesh {'n_verts': 425, 'n_faces': 768, 'watertight': False, 'components': 1, 'min_edge_mm': 0.143, 'degenerate_faces': 0, 'area_cm2': 4.04} rest frame 175 min angle {'note': 'smallest triangle angle (MuJoCo shells dislike slivers)', 'rest': 0.48, 'p1_over_time': 2.17, 'min_over_time': 0.05}
{
"source": "gallbladder/v10",
"grasp": "interaction/v05:ray_near_jaws",
"compare": "v05",
"margin_mm": 1.0,
"base_offset_mm": 0.25,
"vertices_behind_gb_frac_v05": {
"note": "fraction of sheet vertices behind the GB surface along the ray, per frame",
"frames_with_any": 246,
"mean": 0.1662,
"median": 0.1671,
"p10": 0.0471,
"min": 0.0,
"max": 0.3694,
"n": 251
},
"vertices_behind_gb_by_1mm_frac_v05": {
"mean": 0.0839,
"median": 0.0729,
"p10": 0.0024,
"min": 0.0,
"max": 0.2682,
"n": 251
},
"non_base_vertices_behind_gb_frac_v05": {
"note": "same, without the base row (which lies on the surface)",
"mean": 0.1492,
"median": 0.15,
"p10": 0.035,
"min": 0.0,
"max": 0.3425,
"n": 251
},
"vertices_behind_gb_frac_before_front_fix": {
"note": "fraction of sheet vertices behind the GB surface along the ray, per frame",
"frames_with_any": 248,
"mean": 0.1327,
"median": 0.1318,
"p10": 0.0282,
"min": 0.0,
"max": 0.3059,
"n": 251
},
"vertices_behind_gb_by_1mm_frac_before_front_fix": {
"mean": 0.0451,
"median": 0.0212,
"p10": 0.0,
"min": 0.0,
"max": 0.2235,
"n": 251
},
"non_base_vertices_behind_gb_frac_before_front_fix": {
"note": "same, without the base row (which lies on the surface)",
"mean": 0.1256,
"median": 0.12,
"p10": 0.02,
"min": 0.0,
"max": 0.315,
"n": 251
},
"vertices_behind_gb_frac_this": {
"note": "fraction of sheet vertices behind the GB surface along the ray, per frame",
"frames_with_any": 234,
"mean": 0.0145,
"median": 0.0094,
"p10": 0.0024,
"min": 0.0,
"max": 0.0541,
"n": 251
},
"vertices_behind_gb_by_1mm_frac_this": {
"mean": 0.0012,
"median": 0.0,
"p10": 0.0,
"min": 0.0,
"max": 0.0188,
"n": 251
},
"non_base_vertices_behind_gb_frac_this": {
"note": "same, without the base row (which lies on the surface)",
"mean": 0.0,
"median": 0.0,
"p10": 0.0,
"min": 0.0,
"max": 0.0,
"n": 251
},
"sheet_pixels_hidden_by_gb_v05": {
"note": "keyframes, quality.render z-test",
"per_keyframe": [
0.23,
0.405,
0.079,
0.006,
0.173,
0.386,
0.539,
0.062,
0.438,
0.175,
0.377,
0.268,
0.4,
0.371,
0.398,
0.472,
0.437,
0.261,
0.097,
0.179,
0.186,
0.129,
0.151,
0.15,
0.105,
0.398
],
"mean": 0.2643,
"median": 0.2456,
"p10": 0.0879,
"min": 0.0057,
"max": 0.5394,
"n": 26
},
"visible_sheet_iou_v05": {
"note": "IoU with our mask of the sheet part not hidden by the GB model",
"mean": 0.6132,
"median": 0.6471,
"p10": 0.4244,
"min": 0.3419,
"max": 0.8632,
"n": 26
},
"sheet_pixels_hidden_by_gb_this": {
"note": "keyframes, quality.render z-test",
"per_keyframe": [
0.018,
0.011,
0.0,
0.001,
0.001,
0.004,
0.001,
0.0,
0.01,
0.0,
0.012,
0.006,
0.012,
0.005,
0.007,
0.004,
0.001,
0.019,
0.001,
0.007,
0.006,
0.001,
0.007,
0.005,
0.0,
0.0
],
"mean": 0.0054,
"median": 0.0044,
"p10": 0.0003,
"min": 0.0,
"max": 0.019,
"n": 26
},
"visible_sheet_iou_this": {
"note": "IoU with our mask of the sheet part not hidden by the GB model",
"mean": 0.7841,
"median": 0.8018,
"p10": 0.6848,
"min": 0.6314,
"max": 0.8983,
"n": 26
},
"apex_jaw_u": {
"note": "nearest jaw-segment point to the apex, 0 = grasp point (TCP), 1 = jaw tip (3 mm)",
"mean": 0.9134,
"median": 1.0,
"p10": 0.7667,
"min": 0.1833,
"max": 1.0,
"n": 251
},
"apex_to_jaw_segment_mm_after": {
"note": "jaw-row centre to the nearest point of the TCP -> tip segment",
"mean": 1.4452,
"median": 1.0506,
"p10": 0.3569,
"min": 0.066,
"max": 3.586,
"n": 251
},
"apex_to_jaw_segment_mm_before": {
"mean": 4.9515,
"median": 3.6764,
"p10": 1.3811,
"min": 0.1288,
"max": 14.9295,
"n": 251
},
"apex_to_grasp_point_mm_before": {
"note": "v05 jaw-row centre to the grasp point, per frame",
"mean": 5.3288,
"median": 3.9922,
"p10": 2.115,
"min": 1.3145,
"max": 14.9295,
"n": 251
},
"apex_to_grasp_point_mm_after": {
"mean": 3.3366,
"median": 3.3033,
"p10": 2.7875,
"min": 2.1727,
"max": 4.3822,
"n": 251
},
"grasp_point_minus_image_apex_depth_mm": {
"note": ">0: grasp point farther than our image-depth apex",
"mean": 3.0625,
"median": 2.4355,
"p10": -2.904,
"min": -8.1694,
"max": 14.4532,
"n": 251
},
"grasp_point_to_image_apex_px": {
"mean": 16.0502,
"median": 
IoU per keyframe [0.7338, 0.8113, 0.6644, 0.8418, 0.6353, 0.6874, 0.7674, 0.8486, 0.6809, 0.8194, 0.7025, 0.7331, 0.8087, 0.8773, 0.8815, 0.8112, 0.7344, 0.828, 0.7559, 0.7121, 0.7029, 0.85, 0.8896, 0.8988, 0.869, 0.8067]
